################################################################################
#                                                                              #
#      IAR Universal Linker V6.1.3.56                                          #
#                                                                              #
#           Link time     =  05/Jul/2023  16:15:34                             #
#           Target CPU    =  x51                                               #
#           List file     =  "I:\1_git_code\EPnode_OTA\CC2530 IAP\CC2530_IAP\p #
#                            roject\Release\List\cc2530_iap.map"               #
#           Output file 1 =  "I:\1_git_code\EPnode_OTA\CC2530 IAP\CC2530_IAP\p #
#                            roject\Release\Exe\cc2530_iap.d51"                #
#                            Format: debug                                     #
#                            UBROF version 10.0.6                              #
#                            Using library modules for C-SPY (-rt)             #
#           Output file 2 =  "I:\1_git_code\EPnode_OTA\CC2530 IAP\CC2530_IAP\p #
#                            roject\Release\Exe\cc2530_iap.hex"                #
#                            Format: intel-extended, variant: -y(CODE)         #
#           Command line  =  -Ointel-extended,(CODE)=.hex                      #
#                            -D_NR_OF_BANKS=0x07 -D_CODEBANK_END=0xFFFF        #
#                            -D_CODEBANK_START=0x8000 -D?CBANK_MASK=0xFF       #
#                            -D?CBANK=0x9F                                     #
#                            "-IC:\Program Files (x86)\IAR Systems\Embedded Wo #
#                            rkbench 7.0 c51\8051\CONFIG\"                     #
#                            "I:\1_git_code\EPnode_OTA\CC2530 IAP\CC2530_IAP\p #
#                            roject\Release\Obj\app_start.r51"                 #
#                            "I:\1_git_code\EPnode_OTA\CC2530 IAP\CC2530_IAP\p #
#                            roject\Release\Obj\download.r51"                  #
#                            "I:\1_git_code\EPnode_OTA\CC2530 IAP\CC2530_IAP\p #
#                            roject\Release\Obj\flash.r51"                     #
#                            "I:\1_git_code\EPnode_OTA\CC2530 IAP\CC2530_IAP\p #
#                            roject\Release\Obj\hal_dma.r51"                   #
#                            "I:\1_git_code\EPnode_OTA\CC2530 IAP\CC2530_IAP\p #
#                            roject\Release\Obj\hal_flash.r51"                 #
#                            "I:\1_git_code\EPnode_OTA\CC2530 IAP\CC2530_IAP\p #
#                            roject\Release\Obj\led.r51"                       #
#                            "I:\1_git_code\EPnode_OTA\CC2530 IAP\CC2530_IAP\p #
#                            roject\Release\Obj\main.r51"                      #
#                            "I:\1_git_code\EPnode_OTA\CC2530 IAP\CC2530_IAP\p #
#                            roject\Release\Obj\shell.r51"                     #
#                            "I:\1_git_code\EPnode_OTA\CC2530 IAP\CC2530_IAP\p #
#                            roject\Release\Obj\soft_timer.r51"                #
#                            "I:\1_git_code\EPnode_OTA\CC2530 IAP\CC2530_IAP\p #
#                            roject\Release\Obj\sys.r51"                       #
#                            "I:\1_git_code\EPnode_OTA\CC2530 IAP\CC2530_IAP\p #
#                            roject\Release\Obj\time.r51"                      #
#                            "I:\1_git_code\EPnode_OTA\CC2530 IAP\CC2530_IAP\p #
#                            roject\Release\Obj\uart.r51"                      #
#                            "I:\1_git_code\EPnode_OTA\CC2530 IAP\CC2530_IAP\p #
#                            roject\Release\Obj\user_cmd.r51"                  #
#                            "I:\1_git_code\EPnode_OTA\CC2530 IAP\CC2530_IAP\p #
#                            roject\Release\Obj\ustdio.r51"                    #
#                            "I:\1_git_code\EPnode_OTA\CC2530 IAP\CC2530_IAP\p #
#                            roject\Release\Obj\ymodem.r51"                    #
#                            -e_large_write=_formatted_write                   #
#                            -e_medium_read=_formatted_read -o                 #
#                            "I:\1_git_code\EPnode_OTA\CC2530 IAP\CC2530_IAP\p #
#                            roject\Release\Exe\cc2530_iap.d51"                #
#                            -l                                                #
#                            "I:\1_git_code\EPnode_OTA\CC2530 IAP\CC2530_IAP\p #
#                            roject\Release\List\cc2530_iap.map"               #
#                            -xms                                              #
#                            "-IC:\Program Files (x86)\IAR Systems\Embedded Wo #
#                            rkbench 7.0 c51\8051\LIB\"                        #
#                            -f                                                #
#                            "C:\Program Files (x86)\IAR Systems\Embedded Work #
#                            bench 7.0 c51\8051\config\devices\Texas Instrumen #
#                            ts\lnk51ew_cc2530F256_banked.xcl"                 #
#                            (-D_IDATA0_START=0x00 -D_IDATA0_END=0xFF          #
#                            -D_PDATA0_START=0x1E00 -D_PDATA0_END=0x1EFF       #
#                            -D_IXDATA0_START=0x0001 -D_IXDATA0_END=0x1EFF     #
#                            -D_XDATA0_START=_IXDATA0_START                    #
#                            -D_XDATA0_END=_IXDATA0_END                        #
#                            -D_NEAR_CODE_START=0x0000                         #
#                            -D_FIRST_BANK_ADDR=0x10000 -D?REGISTER_BANK=0x0   #
#                            -D_REGISTER_BANK_START=0x0 -D_BREG_START=0x00     #
#                            -D?VB=0x20 -Z(BIT)BREG=_BREG_START                #
#                            -Z(BIT)BIT_N=0-7F                                 #
#                            -Z(DATA)REGISTERS+8=_REGISTER_BANK_START          #
#                            -Z(DATA)BDATA_Z,BDATA_N,BDATA_I=20-2F             #
#                            -Z(DATA)VREG=08-7F -Z(DATA)PSP,XSP=08-7F          #
#                            -Z(DATA)DOVERLAY=08-7F                            #
#                            -Z(DATA)DATA_I,DATA_Z,DATA_N=08-7F                #
#                            -U(IDATA)0-7F=(DATA)0-7F                          #
#                            -Z(IDATA)IDATA_I,IDATA_Z,IDATA_N=08-_IDATA0_END   #
#                            -Z(IDATA)ISTACK+_IDATA_STACK_SIZE#08-_IDATA0_END  #
#                            -Z(IDATA)IOVERLAY=08-FF -Z(CODE)INTVEC=0          #
#                            -Z(CODE)CSTART=_NEAR_CODE_START-(_CODEBANK_START- #
#                            1)                                                #
#                            -Z(CODE)BIT_ID,BDATA_ID,DATA_ID,IDATA_ID,IXDATA_I #
#                            D,PDATA_ID,XDATA_ID=_NEAR_CODE_START-(_CODEBANK_S #
#                            TART-1)                                           #
#                            -Z(CODE)BANK_RELAYS,RCODE,DIFUNCT,CODE_C,CODE_N,N #
#                            EAR_CODE=_NEAR_CODE_START-(_CODEBANK_START-1)     #
#                            -P(CODE)BANKED_CODE=_NEAR_CODE_START-(_CODEBANK_S #
#                            TART-1),[(_CODEBANK_START+_FIRST_BANK_ADDR)-(_COD #
#                            EBANK_END+_FIRST_BANK_ADDR)]*_NR_OF_BANKS+10000   #
#                            -Z(CODE)CHECKSUM#(_CODEBANK_START-1)              #
#                            -Z(XDATA)PDATA_Z,PDATA_I=_PDATA0_START-_PDATA0_EN #
#                            D                                                 #
#                            -P(XDATA)PDATA_N=_PDATA0_START-_PDATA0_END        #
#                            -Z(XDATA)PSTACK+_PDATA_STACK_SIZE=_PDATA0_START-_ #
#                            PDATA0_END                                        #
#                            -Z(XDATA)EXT_STACK+_EXTENDED_STACK_SIZE=_EXTENDED #
#                            _STACK_START                                      #
#                            -Z(XDATA)XSTACK+_XDATA_STACK_SIZE=_XDATA0_START-_ #
#                            XDATA0_END                                        #
#                            -Z(XDATA)IXDATA_Z,IXDATA_I=_IXDATA0_START-_IXDATA #
#                            0_END                                             #
#                            -P(XDATA)IXDATA_N=_IXDATA0_START-_IXDATA0_END     #
#                            -Z(XDATA)XDATA_Z,XDATA_I=_XDATA0_START-_XDATA0_EN #
#                            D                                                 #
#                            -P(XDATA)XDATA_N=_XDATA0_START-_XDATA0_END        #
#                            -Z(XDATA)XDATA_HEAP+_XDATA_HEAP_SIZE=_XDATA0_STAR #
#                            T-_XDATA0_END                                     #
#                            -Z(CONST)XDATA_ROM_C=_XDATA0_START-_XDATA0_END    #
#                            -cx51                                             #
#                            -M(CODE)[(_CODEBANK_START+_FIRST_BANK_ADDR)-(_COD #
#                            EBANK_END+_FIRST_BANK_ADDR)]*_NR_OF_BANKS+0x10000 #
#                            =0x8000                                           #
#                            -ww69=i -D_BANK0_START=0x00000                    #
#                            -D_BANK0_END=0x07FFF -D_BANK1_START=0x18000       #
#                            -D_BANK1_END=0x1FFFF -D_BANK2_START=0x28000       #
#                            -D_BANK2_END=0x2FFFF -D_BANK3_START=0x38000       #
#                            -D_BANK3_END=0x3FFFF -D_BANK4_START=0x48000       #
#                            -D_BANK4_END=0x4FFFF -D_BANK5_START=0x58000       #
#                            -D_BANK5_END=0x5FFFF -D_BANK6_START=0x68000       #
#                            -D_BANK6_END=0x6FFFF -D_BANK7_START=0x78000       #
#                            -D_BANK7_END=0x7FFFF                              #
#                            -P(CODE)BANK0=_BANK0_START-_BANK0_END             #
#                            -P(CODE)BANK1=_BANK1_START-_BANK1_END             #
#                            -P(CODE)BANK2=_BANK2_START-_BANK2_END             #
#                            -P(CODE)BANK3=_BANK3_START-_BANK3_END             #
#                            -P(CODE)BANK4=_BANK4_START-_BANK4_END             #
#                            -P(CODE)BANK5=_BANK5_START-_BANK5_END             #
#                            -P(CODE)BANK6=_BANK6_START-_BANK6_END             #
#                            -P(CODE)BANK7=_BANK7_START-_BANK7_END             #
#                            -D_FLASH_LOCK_BITS_START=0x7FFF0                  #
#                            -D_FLASH_LOCK_BITS_END=0x7FFFF                    #
#                            -Z(CODE)FLASH_LOCK_BITS=_FLASH_LOCK_BITS_START-_F #
#                            LASH_LOCK_BITS_END                                #
#                            -U(CODE)0x0000=(CODE)_FLASH_LOCK_BITS_START-_FLAS #
#                            H_LOCK_BITS_END)                                  #
#                            -D_NR_OF_VIRTUAL_REGISTERS=8 -D?PBANK=0x93        #
#                            -e?BCALL_FF=?BCALL -e?BRET_FF=?BRET               #
#                            -e?BDISPATCH_FF=?BDISPATCH -rt -s                 #
#                            __program_start                                   #
#                            "C:\Program Files (x86)\IAR Systems\Embedded Work #
#                            bench 7.0 c51\8051\LIB\CLIB\cl-pli-blxd-1e16x01.r #
#                            51"                                               #
#                            -D_IDATA_STACK_SIZE=0xC8 -D?ESP=0 -D?ESP_MASK=0   #
#                            -D_EXTENDED_STACK_START=0                         #
#                            -D_EXTENDED_STACK_SIZE=0                          #
#                            -D_PDATA_STACK_SIZE=0x80                          #
#                            -D_XDATA_STACK_SIZE=0x500                         #
#                            -D_XDATA_HEAP_SIZE=0xFF -D_FAR_HEAP_SIZE=0xFFF    #
#                            -D_HUGE_HEAP_SIZE=0xFFF                           #
#                            -D_FAR22_HEAP_SIZE=0xFFF                          #
#                                                                              #
#                           Copyright (C) 1987-2014 IAR Systems AB.            #
################################################################################





                ****************************************
                *                                      *
                *           CROSS REFERENCE            *
                *                                      *
                ****************************************

       Program entry at : CODE      0000009F  Relocatable, from module : CSTARTUP




                ****************************************
                *                                      *
                *            RUNTIME MODEL             *
                *                                      *
                ****************************************

  __SystemLibrary          = CLib
  __calling_convention     = xdata_reentrant
  __code_model             = banked
  __core                   = plain
  __data_model             = large
  __dptr_size              = 16
  __extended_stack         = disabled
  __location_for_constants = data
  __number_of_dptrs        = 1
  __rt_version             = 1

                ****************************************
                *                                      *
                *    AUTOMATIC SYMBOL REDIRECTIONS     *
                *                                      *
                ****************************************

                  There are no automatic symbol redirections.



                ****************************************
                *                                      *
                *              MODULE MAP              *
                *                                      *
                ****************************************


  DEFINED ABSOLUTE ENTRIES
    *************************************************************************

  DEFINED ABSOLUTE ENTRIES
  PROGRAM MODULE, NAME : ?ABS_ENTRY_MOD

Absolute parts
           ENTRY                   ADDRESS         REF BY
           =====                   =======         ======
           _FAR22_HEAP_SIZE        00000FFF 
           _HUGE_HEAP_SIZE         00000FFF 
           _FAR_HEAP_SIZE          00000FFF 
           _XDATA_HEAP_SIZE        000000FF 
           _XDATA_STACK_SIZE       00000500 
           _PDATA_STACK_SIZE       00000080 
           _EXTENDED_STACK_SIZE    00000000 
           _EXTENDED_STACK_START   00000000 
           ?ESP_MASK               00000000 
           ?ESP                    00000000 
           _IDATA_STACK_SIZE       000000C8 
           ?PBANK                  00000093 
           _NR_OF_VIRTUAL_REGISTERS
                                   00000008 
           _FLASH_LOCK_BITS_END    0003FFFF 
           _FLASH_LOCK_BITS_START
                                   0003FFF0 
           _BANK7_END              0003FFFF 
           _BANK7_START            00038000 
           _BANK6_END              00037FFF 
           _BANK6_START            00030000 
           _BANK5_END              0002FFFF 
           _BANK5_START            00028000 
           _BANK4_END              00027FFF 
           _BANK4_START            00020000 
           _BANK3_END              0001FFFF 
           _BANK3_START            00018000 
           _BANK2_END              00017FFF 
           _BANK2_START            00010000 
           _BANK1_END              0000FFFF 
           _BANK1_START            00008000 
           _BANK0_END              00007FFF 
           _BANK0_START            00000000 
           ?VB                     00000020        ?BANKED_ENTER_XDATA (?BANKED_ENTER_XDATA)
                                                   ?BANKED_LEAVE_XDATA (?BANKED_LEAVE_XDATA)
                                                   ?FUNC_ENTER_XDATA (?FUNC_ENTER_XDATA)
                                                   ?FUNC_LEAVE_XDATA (?FUNC_LEAVE_XDATA)
                                                   ?INTERRUPT_ENTER_XSP (?INTERRUPT_ENTER_XSP)
                                                   ?INTERRUPT_LEAVE_XSP (?INTERRUPT_LEAVE_XSP)
           _BREG_START             00000000 
           _REGISTER_BANK_START    00000000 
           ?REGISTER_BANK          00000000        Segment part 6 (CSTARTUP)
           _FIRST_BANK_ADDR        00010000 
           _NEAR_CODE_START        00000000 
           _XDATA0_END             00001EFF 
           _XDATA0_START           00000001 
           _IXDATA0_END            00001EFF 
           _IXDATA0_START          00000001 
           _PDATA0_END             00001EFF 
           _PDATA0_START           00001E00 
           _IDATA0_END             000000FF 
           _IDATA0_START           00000000 
           ?CBANK                  0000009F        ?RESET_CODE_BANK (CSTARTUP)
                                                   Segment part 0 (?BANKED_CODE_SUPPORT)
           ?CBANK_MASK             000000FF 
           _CODEBANK_START         00008000 
           _CODEBANK_END           0000FFFF 
           _NR_OF_BANKS            00000007 
    *************************************************************************

  FILE NAME : I:\1_git_code\EPnode_OTA\CC2530 IAP\CC2530_IAP\project\Release\Obj\app_start.r51
  PROGRAM MODULE, NAME : app_start

  SEGMENTS IN THE MODULE
  ======================
SFR_AN
  Relative segment, address: DATA 00000086 - 00000086 (0x1 bytes), align: 0
  Segment part 1. ROOT        Intra module refs:   flash_jump_to_app
                                                   shell_hw_init (uart)
           ENTRY                   ADDRESS         REF BY
           =====                   =======         ======
           U0CSR                   00000086 
    -------------------------------------------------------------------------
SFR_AN
  Relative segment, address: DATA 00000094 - 00000094 (0x1 bytes), align: 0
  Segment part 2. ROOT        Intra module refs:   flash_jump_to_app
           ENTRY                   ADDRESS         REF BY
           =====                   =======         ======
           T2CTRL                  00000094 
    -------------------------------------------------------------------------
SFR_AN
  Relative segment, address: DATA 000000A8 - 000000A8 (0x1 bytes), align: 0
  Segment part 3. ROOT        Intra module refs:   HalFlashRead (hal_flash)
                                                   SoftReset (user_cmd)
                                                   __IAP (user_cmd)
                                                   flash_jump_to_app
                                                   shell_hw_init (uart)
                                                   time1Int_init (time)
           ENTRY                   ADDRESS         REF BY
           =====                   =======         ======
           _A_IEN0                 000000A8 
           LOCAL                   ADDRESS         
           =====                   =======         
           IEN0                    000000A8 
    -------------------------------------------------------------------------
SFR_AN
  Relative segment, address: DATA 000000C9 - 000000C9 (0x1 bytes), align: 0
  Segment part 4. ROOT        Intra module refs:   SoftReset (user_cmd)
                                                   __IAP (user_cmd)
                                                   flash_jump_to_app
           ENTRY                   ADDRESS         REF BY
           =====                   =======         ======
           WDCTL                   000000C9 
    -------------------------------------------------------------------------
SFR_AN
  Relative segment, address: DATA 000000F3 - 000000F3 (0x1 bytes), align: 0
  Segment part 5. ROOT        Intra module refs:   flash_jump_to_app
                                                   shell_hw_init (uart)
           ENTRY                   ADDRESS         REF BY
           =====                   =======         ======
           P0SEL                   000000F3 
    -------------------------------------------------------------------------
<BANKED_CODE> 1 (was BANKED_CODE)
  Relative segment, address: CODE 00007F5B - 00007F70 (0x16 bytes), align: 0
  Segment part 25.            Intra module refs:   flash_jump_to_app::?relay
           ENTRY                   ADDRESS         REF BY
           =====                   =======         ======
           flash_jump_to_app       00007F5B 
               XSTACK = 0000000A ( 00000000 )
    -------------------------------------------------------------------------
<BANKED_CODE> 1 (was BANKED_CODE)
  Relative segment, address: CODE 00007F71 - 00007FC0 (0x50 bytes), align: 0
  Segment part 29.            Intra module refs:   start_app_partition::?relay
           ENTRY                   ADDRESS         REF BY
           =====                   =======         ======
           start_app_partition     00007F71 
               calls direct
               XSTACK = 00000000 ( 0000000C )
    -------------------------------------------------------------------------
XDATA_ID
  Relative segment, address: CODE 000000CF - 000000F2 (0x24 bytes), align: 0
  Segment part 12.            Intra module refs:   Segment part 11
    -------------------------------------------------------------------------
XDATA_ID
  Relative segment, address: CODE 000000F3 - 00000122 (0x30 bytes), align: 0
  Segment part 14.            Intra module refs:   Segment part 13
    -------------------------------------------------------------------------
XDATA_ID
  Relative segment, address: CODE 00000123 - 0000014B (0x29 bytes), align: 0
  Segment part 16.            Intra module refs:   Segment part 15
    -------------------------------------------------------------------------
XDATA_ID
  Relative segment, address: CODE 0000014C - 00000174 (0x29 bytes), align: 0
  Segment part 18.            Intra module refs:   Segment part 17
    -------------------------------------------------------------------------
BANK_RELAYS
  Relative segment, address: CODE 00000CC7 - 00000CCC (0x6 bytes), align: 0
  Segment part 26.            Intra module refs:   start_app_partition
           ENTRY                   ADDRESS         REF BY
           =====                   =======         ======
           flash_jump_to_app::?relay
                                   00000CC7 
    -------------------------------------------------------------------------
BANK_RELAYS
  Relative segment, address: CODE 00000CCD - 00000CD2 (0x6 bytes), align: 0
  Segment part 30.
           ENTRY                   ADDRESS         REF BY
           =====                   =======         ======
           start_app_partition::?relay
                                   00000CCD        system_init (main)
    -------------------------------------------------------------------------
XDATA_I
  Relative segment, address: XDATA 000008FF - 00000922 (0x24 bytes), align: 0
  Segment part 11.            Intra module refs:   start_app_partition
    -------------------------------------------------------------------------
XDATA_I
  Relative segment, address: XDATA 00000923 - 00000952 (0x30 bytes), align: 0
  Segment part 13.            Intra module refs:   start_app_partition
    -------------------------------------------------------------------------
XDATA_I
  Relative segment, address: XDATA 00000953 - 0000097B (0x29 bytes), align: 0
  Segment part 15.            Intra module refs:   start_app_partition
    -------------------------------------------------------------------------
XDATA_I
  Relative segment, address: XDATA 0000097C - 000009A4 (0x29 bytes), align: 0
  Segment part 17.            Intra module refs:   start_app_partition

    *************************************************************************

  FILE NAME : I:\1_git_code\EPnode_OTA\CC2530 IAP\CC2530_IAP\project\Release\Obj\download.r51
  PROGRAM MODULE, NAME : download

  SEGMENTS IN THE MODULE
  ======================
XDATA_Z
  Relative segment, address: XDATA 00000501 - 00000501 (0x1 bytes), align: 0
  Segment part 36.            Intra module refs:   IAP_download
           ENTRY                   ADDRESS         REF BY
           =====                   =======         ======
           download_part           00000501        __IAP (user_cmd)
    -------------------------------------------------------------------------
<BANKED_CODE> 2 (was BANKED_CODE)
  Relative segment, address: CODE 000092DF - 000094D6 (0x1f8 bytes), align: 0
  Segment part 51.            Intra module refs:   IAP_download::?relay
           ENTRY                   ADDRESS         REF BY
           =====                   =======         ======
           IAP_download            000092DF 
               calls direct
               XSTACK = 00000000 ( 00000033 )
    -------------------------------------------------------------------------
XDATA_ID
  Relative segment, address: CODE 00000175 - 0000017F (0xb bytes), align: 0
  Segment part 7.             Intra module refs:   Segment part 6
    -------------------------------------------------------------------------
XDATA_ID
  Relative segment, address: CODE 00000180 - 000001A4 (0x25 bytes), align: 0
  Segment part 9.             Intra module refs:   Segment part 8
    -------------------------------------------------------------------------
XDATA_ID
  Relative segment, address: CODE 000001A5 - 000001F1 (0x4d bytes), align: 0
  Segment part 11.            Intra module refs:   Segment part 10
    -------------------------------------------------------------------------
XDATA_ID
  Relative segment, address: CODE 000001F2 - 00000238 (0x47 bytes), align: 0
  Segment part 13.            Intra module refs:   Segment part 12
    -------------------------------------------------------------------------
XDATA_ID
  Relative segment, address: CODE 00000239 - 0000028D (0x55 bytes), align: 0
  Segment part 15.            Intra module refs:   Segment part 14
    -------------------------------------------------------------------------
XDATA_ID
  Relative segment, address: CODE 0000028E - 000002A1 (0x14 bytes), align: 0
  Segment part 17.            Intra module refs:   Segment part 16
    -------------------------------------------------------------------------
XDATA_ID
  Relative segment, address: CODE 000002A2 - 000002B7 (0x16 bytes), align: 0
  Segment part 19.            Intra module refs:   Segment part 18
    -------------------------------------------------------------------------
XDATA_ID
  Relative segment, address: CODE 000002B8 - 000002D8 (0x21 bytes), align: 0
  Segment part 21.            Intra module refs:   Segment part 20
    -------------------------------------------------------------------------
XDATA_ID
  Relative segment, address: CODE 000002D9 - 0000030F (0x37 bytes), align: 0
  Segment part 23.            Intra module refs:   Segment part 22
    -------------------------------------------------------------------------
XDATA_ID
  Relative segment, address: CODE 00000310 - 0000032C (0x1d bytes), align: 0
  Segment part 25.            Intra module refs:   Segment part 24
    -------------------------------------------------------------------------
XDATA_ID
  Relative segment, address: CODE 0000032D - 0000034F (0x23 bytes), align: 0
  Segment part 27.            Intra module refs:   Segment part 26
    -------------------------------------------------------------------------
XDATA_ID
  Relative segment, address: CODE 00000350 - 0000036F (0x20 bytes), align: 0
  Segment part 29.            Intra module refs:   Segment part 28
    -------------------------------------------------------------------------
XDATA_ID
  Relative segment, address: CODE 00000370 - 00000389 (0x1a bytes), align: 0
  Segment part 31.            Intra module refs:   Segment part 30
    -------------------------------------------------------------------------
XDATA_ID
  Relative segment, address: CODE 0000038A - 000003A6 (0x1d bytes), align: 0
  Segment part 33.            Intra module refs:   Segment part 32
    -------------------------------------------------------------------------
XDATA_ID
  Relative segment, address: CODE 000003A7 - 000003CC (0x26 bytes), align: 0
  Segment part 35.            Intra module refs:   Segment part 34
    -------------------------------------------------------------------------
XDATA_ID
  Relative segment, address: CODE 000003CD - 000003D0 (0x4 bytes), align: 0
  Segment part 38.            Intra module refs:   __Constant_1
    -------------------------------------------------------------------------
XDATA_ID
  Relative segment, address: CODE 000003D1 - 000003D4 (0x4 bytes), align: 0
  Segment part 40.            Intra module refs:   __Constant_ffffffff
    -------------------------------------------------------------------------
XDATA_ID
  Relative segment, address: CODE 000003D5 - 000003D8 (0x4 bytes), align: 0
  Segment part 42.            Intra module refs:   __Constant_fffffffe
    -------------------------------------------------------------------------
XDATA_ID
  Relative segment, address: CODE 000003D9 - 000003DC (0x4 bytes), align: 0
  Segment part 44.            Intra module refs:   __Constant_fffffffd
    -------------------------------------------------------------------------
XDATA_ID
  Relative segment, address: CODE 000003DD - 000003E0 (0x4 bytes), align: 0
  Segment part 46.            Intra module refs:   __Constant_fffffff6
    -------------------------------------------------------------------------
XDATA_ID
  Relative segment, address: CODE 000003E1 - 000003E4 (0x4 bytes), align: 0
  Segment part 48.            Intra module refs:   __Constant_fffffff5
    -------------------------------------------------------------------------
XDATA_ID
  Relative segment, address: CODE 000003E5 - 000003E8 (0x4 bytes), align: 0
  Segment part 50.            Intra module refs:   __Constant_ffffffe2
    -------------------------------------------------------------------------
BANK_RELAYS
  Relative segment, address: CODE 00000CD3 - 00000CD8 (0x6 bytes), align: 0
  Segment part 52.
           ENTRY                   ADDRESS         REF BY
           =====                   =======         ======
           IAP_download::?relay    00000CD3        main (main)
    -------------------------------------------------------------------------
XDATA_I
  Relative segment, address: XDATA 000009A5 - 000009AF (0xb bytes), align: 0
  Segment part 6.             Intra module refs:   IAP_download
    -------------------------------------------------------------------------
XDATA_I
  Relative segment, address: XDATA 000009B0 - 000009D4 (0x25 bytes), align: 0
  Segment part 8.             Intra module refs:   IAP_download
    -------------------------------------------------------------------------
XDATA_I
  Relative segment, address: XDATA 000009D5 - 00000A21 (0x4d bytes), align: 0
  Segment part 10.            Intra module refs:   IAP_download
    -------------------------------------------------------------------------
XDATA_I
  Relative segment, address: XDATA 00000A22 - 00000A68 (0x47 bytes), align: 0
  Segment part 12.            Intra module refs:   IAP_download
    -------------------------------------------------------------------------
XDATA_I
  Relative segment, address: XDATA 00000A69 - 00000ABD (0x55 bytes), align: 0
  Segment part 14.            Intra module refs:   IAP_download
    -------------------------------------------------------------------------
XDATA_I
  Relative segment, address: XDATA 00000ABE - 00000AD1 (0x14 bytes), align: 0
  Segment part 16.            Intra module refs:   IAP_download
    -------------------------------------------------------------------------
XDATA_I
  Relative segment, address: XDATA 00000AD2 - 00000AE7 (0x16 bytes), align: 0
  Segment part 18.            Intra module refs:   IAP_download
    -------------------------------------------------------------------------
XDATA_I
  Relative segment, address: XDATA 00000AE8 - 00000B08 (0x21 bytes), align: 0
  Segment part 20.            Intra module refs:   IAP_download
    -------------------------------------------------------------------------
XDATA_I
  Relative segment, address: XDATA 00000B09 - 00000B3F (0x37 bytes), align: 0
  Segment part 22.            Intra module refs:   IAP_download
    -------------------------------------------------------------------------
XDATA_I
  Relative segment, address: XDATA 00000B40 - 00000B5C (0x1d bytes), align: 0
  Segment part 24.            Intra module refs:   IAP_download
    -------------------------------------------------------------------------
XDATA_I
  Relative segment, address: XDATA 00000B5D - 00000B7F (0x23 bytes), align: 0
  Segment part 26.            Intra module refs:   IAP_download
    -------------------------------------------------------------------------
XDATA_I
  Relative segment, address: XDATA 00000B80 - 00000B9F (0x20 bytes), align: 0
  Segment part 28.            Intra module refs:   IAP_download
    -------------------------------------------------------------------------
XDATA_I
  Relative segment, address: XDATA 00000BA0 - 00000BB9 (0x1a bytes), align: 0
  Segment part 30.            Intra module refs:   IAP_download
    -------------------------------------------------------------------------
XDATA_I
  Relative segment, address: XDATA 00000BBA - 00000BD6 (0x1d bytes), align: 0
  Segment part 32.            Intra module refs:   IAP_download
    -------------------------------------------------------------------------
XDATA_I
  Relative segment, address: XDATA 00000BD7 - 00000BFC (0x26 bytes), align: 0
  Segment part 34.            Intra module refs:   IAP_download
    -------------------------------------------------------------------------
XDATA_I
  Relative segment, address: XDATA 00000BFD - 00000C00 (0x4 bytes), align: 0
  Segment part 37.            Intra module refs:   FlashRead (flash)
                                                   IAP_download
                                                   Int2Str (ymodem)
                                                   Str2Int (ymodem)
                                                   UpdateCRC16 (ymodem)
                                                   Ymodem_Receive (ymodem)
                                                   _shell_register (shell)
                                                   checkout (shell)
                                                   cmdline_gets (shell)
                                                   float2string (ustdio)
                                                   log (?log)
                                                   number (ustdio)
                                                   printk (ustdio)
                                                   shell_parse (shell)
                                                   shell_show_history (shell)
                                                   shell_tab (shell)
                                                   tickCnt_Update (soft_timer)
           ENTRY                   ADDRESS         REF BY
           =====                   =======         ======
           __Constant_1            00000BFD 
    -------------------------------------------------------------------------
XDATA_I
  Relative segment, address: XDATA 00000C01 - 00000C04 (0x4 bytes), align: 0
  Segment part 39.            Intra module refs:   FlashWrite (flash)
                                                   IAP_download
                                                   Receive_Byte (ymodem)
                                                   float2string (ustdio)
                                                   halWait (sys)
                                                   number (ustdio)
                                                   printk (ustdio)
                                                   shell_tab (shell)
           ENTRY                   ADDRESS         REF BY
           =====                   =======         ======
           __Constant_ffffffff     00000C01 
    -------------------------------------------------------------------------
XDATA_I
  Relative segment, address: XDATA 00000C05 - 00000C08 (0x4 bytes), align: 0
  Segment part 41.            Intra module refs:   IAP_download
                                                   float2string (ustdio)
                                                   number (ustdio)
           ENTRY                   ADDRESS         REF BY
           =====                   =======         ======
           __Constant_fffffffe     00000C05 
    -------------------------------------------------------------------------
XDATA_I
  Relative segment, address: XDATA 00000C09 - 00000C0C (0x4 bytes), align: 0
  Segment part 43.            Intra module refs:   IAP_download
           ENTRY                   ADDRESS         REF BY
           =====                   =======         ======
           __Constant_fffffffd     00000C09 
    -------------------------------------------------------------------------
XDATA_I
  Relative segment, address: XDATA 00000C0D - 00000C10 (0x4 bytes), align: 0
  Segment part 45.            Intra module refs:   IAP_download
           ENTRY                   ADDRESS         REF BY
           =====                   =======         ======
           __Constant_fffffff6     00000C0D 
    -------------------------------------------------------------------------
XDATA_I
  Relative segment, address: XDATA 00000C11 - 00000C14 (0x4 bytes), align: 0
  Segment part 47.            Intra module refs:   IAP_download
           ENTRY                   ADDRESS         REF BY
           =====                   =======         ======
           __Constant_fffffff5     00000C11 
    -------------------------------------------------------------------------
XDATA_I
  Relative segment, address: XDATA 00000C15 - 00000C18 (0x4 bytes), align: 0
  Segment part 49.            Intra module refs:   IAP_download
           ENTRY                   ADDRESS         REF BY
           =====                   =======         ======
           __Constant_ffffffe2     00000C15 

    *************************************************************************

  FILE NAME : I:\1_git_code\EPnode_OTA\CC2530 IAP\CC2530_IAP\project\Release\Obj\flash.r51
  PROGRAM MODULE, NAME : flash

  SEGMENTS IN THE MODULE
  ======================
<BANKED_CODE> 2 (was BANKED_CODE)
  Relative segment, address: CODE 000083EA - 0000858C (0x1a3 bytes), align: 0
  Segment part 43.            Intra module refs:   FlashWrite::?relay
           ENTRY                   ADDRESS         REF BY
           =====                   =======         ======
           FlashWrite              000083EA 
               calls direct
               XSTACK = 00000033 ( 0000001E )
               ISTACK = 00000000 ( 00000002 )
    -------------------------------------------------------------------------
<BANKED_CODE> 2 (was BANKED_CODE)
  Relative segment, address: CODE 0000858D - 00008729 (0x19d bytes), align: 0
  Segment part 45.            Intra module refs:   FlashRead::?relay
           ENTRY                   ADDRESS         REF BY
           =====                   =======         ======
           FlashRead               0000858D 
               calls direct
               XSTACK = 00000033 ( 00000022 )
    -------------------------------------------------------------------------
XDATA_I
  Relative segment, address: XDATA 00000C19 - 00000C47 (0x2f bytes), align: 0
  Segment part 6.             Intra module refs:   FlashWrite
    -------------------------------------------------------------------------
XDATA_I
  Relative segment, address: XDATA 00000C48 - 00000C68 (0x21 bytes), align: 0
  Segment part 8.             Intra module refs:   FlashWrite
    -------------------------------------------------------------------------
XDATA_I
  Relative segment, address: XDATA 00000C69 - 00000C96 (0x2e bytes), align: 0
  Segment part 16.            Intra module refs:   write_sys_parameter
    -------------------------------------------------------------------------
XDATA_I
  Relative segment, address: XDATA 00000C97 - 00000CBB (0x25 bytes), align: 0
  Segment part 18.            Intra module refs:   write_sys_parameter
    -------------------------------------------------------------------------
XDATA_I
  Relative segment, address: XDATA 00000CBC - 00000CBF (0x4 bytes), align: 0
  Segment part 25.            Intra module refs:   FlashWrite
           ENTRY                   ADDRESS         REF BY
           =====                   =======         ======
           __Constant_40000        00000CBC 
    -------------------------------------------------------------------------
XDATA_I
  Relative segment, address: XDATA 00000CC0 - 00000CC3 (0x4 bytes), align: 0
  Segment part 27.            Intra module refs:   FlashWrite
                                                   Ymodem_Receive (ymodem)
                                                   printk (ustdio)
           ENTRY                   ADDRESS         REF BY
           =====                   =======         ======
           __Constant_4            00000CC0 
    -------------------------------------------------------------------------
XDATA_I
  Relative segment, address: XDATA 00000CC4 - 00000CC7 (0x4 bytes), align: 0
  Segment part 29.            Intra module refs:   FlashRead
           ENTRY                   ADDRESS         REF BY
           =====                   =======         ======
           __Constant_fffff        00000CC4 
    -------------------------------------------------------------------------
XDATA_I
  Relative segment, address: XDATA 00000CC8 - 00000CCB (0x4 bytes), align: 0
  Segment part 31.            Intra module refs:   FlashRead
           ENTRY                   ADDRESS         REF BY
           =====                   =======         ======
           __Constant_7ff          00000CC8 
    -------------------------------------------------------------------------
XDATA_I
  Relative segment, address: XDATA 00000CCC - 00000CCF (0x4 bytes), align: 0
  Segment part 33.            Intra module refs:   FlashRead
           ENTRY                   ADDRESS         REF BY
           =====                   =======         ======
           __Constant_80           00000CCC 
    -------------------------------------------------------------------------
XDATA_I
  Relative segment, address: XDATA 00000CD0 - 00000CD3 (0x4 bytes), align: 0
  Segment part 41.            Intra module refs:   system_init (main)
                                                   write_sys_parameter
           ENTRY                   ADDRESS         REF BY
           =====                   =======         ======
           __Constant_b800         00000CD0 
    -------------------------------------------------------------------------
<BANKED_CODE> 2 (was BANKED_CODE)
  Relative segment, address: CODE 0000872A - 00008787 (0x5e bytes), align: 0
  Segment part 49.            Intra module refs:   write_sys_parameter::?relay
           ENTRY                   ADDRESS         REF BY
           =====                   =======         ======
           write_sys_parameter     0000872A 
               calls direct
               XSTACK = 00000000 ( 0000000E )
    -------------------------------------------------------------------------
XDATA_ID
  Relative segment, address: CODE 000003E9 - 00000417 (0x2f bytes), align: 0
  Segment part 7.             Intra module refs:   Segment part 6
    -------------------------------------------------------------------------
XDATA_ID
  Relative segment, address: CODE 00000418 - 00000438 (0x21 bytes), align: 0
  Segment part 9.             Intra module refs:   Segment part 8
    -------------------------------------------------------------------------
XDATA_ID
  Relative segment, address: CODE 00000439 - 00000466 (0x2e bytes), align: 0
  Segment part 17.            Intra module refs:   Segment part 16
    -------------------------------------------------------------------------
XDATA_ID
  Relative segment, address: CODE 00000467 - 0000048B (0x25 bytes), align: 0
  Segment part 19.            Intra module refs:   Segment part 18
    -------------------------------------------------------------------------
XDATA_ID
  Relative segment, address: CODE 0000048C - 0000048F (0x4 bytes), align: 0
  Segment part 26.            Intra module refs:   __Constant_40000
    -------------------------------------------------------------------------
XDATA_ID
  Relative segment, address: CODE 00000490 - 00000493 (0x4 bytes), align: 0
  Segment part 28.            Intra module refs:   __Constant_4
    -------------------------------------------------------------------------
XDATA_ID
  Relative segment, address: CODE 00000494 - 00000497 (0x4 bytes), align: 0
  Segment part 30.            Intra module refs:   __Constant_fffff
    -------------------------------------------------------------------------
XDATA_ID
  Relative segment, address: CODE 00000498 - 0000049B (0x4 bytes), align: 0
  Segment part 32.            Intra module refs:   __Constant_7ff
    -------------------------------------------------------------------------
XDATA_ID
  Relative segment, address: CODE 0000049C - 0000049F (0x4 bytes), align: 0
  Segment part 34.            Intra module refs:   __Constant_80
    -------------------------------------------------------------------------
XDATA_ID
  Relative segment, address: CODE 000004A0 - 000004A3 (0x4 bytes), align: 0
  Segment part 42.            Intra module refs:   __Constant_b800
    -------------------------------------------------------------------------
BANK_RELAYS
  Relative segment, address: CODE 00000CD9 - 00000CDE (0x6 bytes), align: 0
  Segment part 44.            Intra module refs:   write_sys_parameter
           ENTRY                   ADDRESS         REF BY
           =====                   =======         ======
           FlashWrite::?relay      00000CD9 
    -------------------------------------------------------------------------
BANK_RELAYS
  Relative segment, address: CODE 00000CDF - 00000CE4 (0x6 bytes), align: 0
  Segment part 46.
           ENTRY                   ADDRESS         REF BY
           =====                   =======         ======
           FlashRead::?relay       00000CDF        system_init (main)
    -------------------------------------------------------------------------
BANK_RELAYS
  Relative segment, address: CODE 00000CE5 - 00000CEA (0x6 bytes), align: 0
  Segment part 50.
           ENTRY                   ADDRESS         REF BY
           =====                   =======         ======
           write_sys_parameter::?relay
                                   00000CE5        IAP_download (download)
                                                   __IAP (user_cmd)

    *************************************************************************

  FILE NAME : I:\1_git_code\EPnode_OTA\CC2530 IAP\CC2530_IAP\project\Release\Obj\hal_dma.r51
  PROGRAM MODULE, NAME : hal_dma

  SEGMENTS IN THE MODULE
  ======================
SFR_AN
  Relative segment, address: DATA 000000D2 - 000000D2 (0x1 bytes), align: 0
  Segment part 1. ROOT        Intra module refs:   HalDmaInit
           ENTRY                   ADDRESS         REF BY
           =====                   =======         ======
           DMA1CFGL                000000D2 
    -------------------------------------------------------------------------
SFR_AN
  Relative segment, address: DATA 000000D3 - 000000D3 (0x1 bytes), align: 0
  Segment part 2. ROOT        Intra module refs:   HalDmaInit
           ENTRY                   ADDRESS         REF BY
           =====                   =======         ======
           DMA1CFGH                000000D3 
    -------------------------------------------------------------------------
SFR_AN
  Relative segment, address: DATA 000000D4 - 000000D4 (0x1 bytes), align: 0
  Segment part 3. ROOT        Intra module refs:   HalDmaInit
           ENTRY                   ADDRESS         REF BY
           =====                   =======         ======
           DMA0CFGL                000000D4 
    -------------------------------------------------------------------------
SFR_AN
  Relative segment, address: DATA 000000D5 - 000000D5 (0x1 bytes), align: 0
  Segment part 4. ROOT        Intra module refs:   HalDmaInit
           ENTRY                   ADDRESS         REF BY
           =====                   =======         ======
           DMA0CFGH                000000D5 
    -------------------------------------------------------------------------
XDATA_Z
  Relative segment, address: XDATA 00000502 - 00000509 (0x8 bytes), align: 0
  Segment part 10.            Intra module refs:   HalDmaInit
           ENTRY                   ADDRESS         REF BY
           =====                   =======         ======
           dmaCh0                  00000502        HalFlashWrite (hal_flash)
    -------------------------------------------------------------------------
XDATA_Z
  Relative segment, address: XDATA 0000050A - 00000529 (0x20 bytes), align: 0
  Segment part 11.            Intra module refs:   HalDmaInit
           ENTRY                   ADDRESS         REF BY
           =====                   =======         ======
           dmaCh1234               0000050A 
    -------------------------------------------------------------------------
<BANKED_CODE> 2 (was BANKED_CODE)
  Relative segment, address: CODE 00009C97 - 00009CB3 (0x1d bytes), align: 0
  Segment part 12.            Intra module refs:   HalDmaInit::?relay
           ENTRY                   ADDRESS         REF BY
           =====                   =======         ======
           HalDmaInit              00009C97 
    -------------------------------------------------------------------------
BANK_RELAYS
  Relative segment, address: CODE 00000CEB - 00000CF0 (0x6 bytes), align: 0
  Segment part 13.
           ENTRY                   ADDRESS         REF BY
           =====                   =======         ======
           HalDmaInit::?relay      00000CEB        system_init (main)

    *************************************************************************

  FILE NAME : I:\1_git_code\EPnode_OTA\CC2530 IAP\CC2530_IAP\project\Release\Obj\hal_flash.r51
  PROGRAM MODULE, NAME : hal_flash

  SEGMENTS IN THE MODULE
  ======================
SFR_AN
  Relative segment, address: DATA 000000C7 - 000000C7 (0x1 bytes), align: 0
  Segment part 2. ROOT        Intra module refs:   HalFlashRead
           ENTRY                   ADDRESS         REF BY
           =====                   =======         ======
           MEMCTR                  000000C7 
    -------------------------------------------------------------------------
SFR_AN
  Relative segment, address: DATA 000000D1 - 000000D1 (0x1 bytes), align: 0
  Segment part 3. ROOT        Intra module refs:   HalFlashWrite
           ENTRY                   ADDRESS         REF BY
           =====                   =======         ======
           DMAIRQ                  000000D1 
    -------------------------------------------------------------------------
SFR_AN
  Relative segment, address: DATA 000000D6 - 000000D6 (0x1 bytes), align: 0
  Segment part 4. ROOT        Intra module refs:   HalFlashWrite
           ENTRY                   ADDRESS         REF BY
           =====                   =======         ======
           DMAARM                  000000D6 
    -------------------------------------------------------------------------
<BANKED_CODE> 2 (was BANKED_CODE)
  Relative segment, address: CODE 00008AEE - 00008B91 (0xa4 bytes), align: 0
  Segment part 10.            Intra module refs:   HalFlashRead::?relay
           ENTRY                   ADDRESS         REF BY
           =====                   =======         ======
           HalFlashRead            00008AEE 
               XSTACK = 00000002 ( 0000000D )
               ISTACK = 00000000 ( 00000001 )
    -------------------------------------------------------------------------
<BANKED_CODE> 2 (was BANKED_CODE)
  Relative segment, address: CODE 00008B92 - 00008DD3 (0x242 bytes), align: 0
  Segment part 12.            Intra module refs:   HalFlashWrite::?relay
           ENTRY                   ADDRESS         REF BY
           =====                   =======         ======
           HalFlashWrite           00008B92 
               XSTACK = 00000002 ( 0000000B )
               ISTACK = 00000000 ( 00000001 )
    -------------------------------------------------------------------------
<BANKED_CODE> 2 (was BANKED_CODE)
  Relative segment, address: CODE 00008DD4 - 00008DEE (0x1b bytes), align: 0
  Segment part 14.            Intra module refs:   HalFlashErase::?relay
           ENTRY                   ADDRESS         REF BY
           =====                   =======         ======
           HalFlashErase           00008DD4 
               ISTACK = 00000000 ( 00000002 )
    -------------------------------------------------------------------------
BANK_RELAYS
  Relative segment, address: CODE 00000CF1 - 00000CF6 (0x6 bytes), align: 0
  Segment part 11.
           ENTRY                   ADDRESS         REF BY
           =====                   =======         ======
           HalFlashRead::?relay    00000CF1        FlashRead (flash)
    -------------------------------------------------------------------------
BANK_RELAYS
  Relative segment, address: CODE 00000CF7 - 00000CFC (0x6 bytes), align: 0
  Segment part 13.
           ENTRY                   ADDRESS         REF BY
           =====                   =======         ======
           HalFlashWrite::?relay   00000CF7        FlashWrite (flash)
                                                   Ymodem_Receive (ymodem)
    -------------------------------------------------------------------------
BANK_RELAYS
  Relative segment, address: CODE 00000CFD - 00000D02 (0x6 bytes), align: 0
  Segment part 15.
           ENTRY                   ADDRESS         REF BY
           =====                   =======         ======
           HalFlashErase::?relay   00000CFD        FlashWrite (flash)
                                                   Ymodem_Receive (ymodem)

    *************************************************************************

  FILE NAME : I:\1_git_code\EPnode_OTA\CC2530 IAP\CC2530_IAP\project\Release\Obj\led.r51
  PROGRAM MODULE, NAME : led

  SEGMENTS IN THE MODULE
  ======================
SFR_AN
  Relative segment, address: DATA 00000090 - 00000090 (0x1 bytes), align: 0
  Segment part 1. ROOT        Intra module refs:   led_app_entry
                                                   led_init
           ENTRY                   ADDRESS         REF BY
           =====                   =======         ======
           _A_P1                   00000090 
           LOCAL                   ADDRESS         
           =====                   =======         
           P1                      00000090 
    -------------------------------------------------------------------------
SFR_AN
  Relative segment, address: DATA 000000F4 - 000000F4 (0x1 bytes), align: 0
  Segment part 2. ROOT        Intra module refs:   led_init
           ENTRY                   ADDRESS         REF BY
           =====                   =======         ======
           P1SEL                   000000F4 
    -------------------------------------------------------------------------
SFR_AN
  Relative segment, address: DATA 000000FE - 000000FE (0x1 bytes), align: 0
  Segment part 3. ROOT        Intra module refs:   led_init
           ENTRY                   ADDRESS         REF BY
           =====                   =======         ======
           P1DIR                   000000FE 
    -------------------------------------------------------------------------
<BANKED_CODE> 2 (was BANKED_CODE)
  Relative segment, address: CODE 00009B2F - 00009B3B (0xd bytes), align: 0
  Segment part 11.            Intra module refs:   led_init::?relay
           ENTRY                   ADDRESS         REF BY
           =====                   =======         ======
           led_init                00009B2F 
    -------------------------------------------------------------------------
<BANKED_CODE> 2 (was BANKED_CODE)
  Relative segment, address: CODE 00009B3C - 00009B52 (0x17 bytes), align: 0
  Segment part 13.            Intra module refs:   led_app_entry::?relay
           LOCAL                   ADDRESS         
           =====                   =======         
           led_app_entry           00009B3C 
               is indirectly called
    -------------------------------------------------------------------------
<BANKED_CODE> 2 (was BANKED_CODE)
  Relative segment, address: CODE 00009B53 - 00009B7C (0x2a bytes), align: 0
  Segment part 15.            Intra module refs:   led_app_init::?relay
           ENTRY                   ADDRESS         REF BY
           =====                   =======         ======
           led_app_init            00009B53 
               calls direct
               XSTACK = 00000000 ( 00000004 )
               ISTACK = 00000000 ( 00000002 )
    -------------------------------------------------------------------------
XDATA_I
  Relative segment, address: XDATA 00000CD4 - 00000CD7 (0x4 bytes), align: 0
  Segment part 9.             Intra module refs:   led_app_init
           ENTRY                   ADDRESS         REF BY
           =====                   =======         ======
           __Constant_64           00000CD4 
    -------------------------------------------------------------------------
XDATA_ID
  Relative segment, address: CODE 000004A4 - 000004A7 (0x4 bytes), align: 0
  Segment part 10.            Intra module refs:   __Constant_64
    -------------------------------------------------------------------------
BANK_RELAYS
  Relative segment, address: CODE 00000D03 - 00000D08 (0x6 bytes), align: 0
  Segment part 12.
           ENTRY                   ADDRESS         REF BY
           =====                   =======         ======
           led_init::?relay        00000D03        hardware_init (main)
    -------------------------------------------------------------------------
BANK_RELAYS
  Relative segment, address: CODE 00000D09 - 00000D0E (0x6 bytes), align: 0
  Segment part 14.            Intra module refs:   led_app_init
           LOCAL                   ADDRESS         
           =====                   =======         
           led_app_entry::?relay   00000D09 
    -------------------------------------------------------------------------
BANK_RELAYS
  Relative segment, address: CODE 00000D0F - 00000D14 (0x6 bytes), align: 0
  Segment part 16.
           ENTRY                   ADDRESS         REF BY
           =====                   =======         ======
           led_app_init::?relay    00000D0F        app_init (main)

    *************************************************************************

  FILE NAME : I:\1_git_code\EPnode_OTA\CC2530 IAP\CC2530_IAP\project\Release\Obj\main.r51
  PROGRAM MODULE, NAME : main

  SEGMENTS IN THE MODULE
  ======================
SFR_AN
  Relative segment, address: DATA 0000008F - 0000008F (0x1 bytes), align: 0
  Segment part 1. ROOT        Intra module refs:   system_init
           ENTRY                   ADDRESS         REF BY
           =====                   =======         ======
           P0INP                   0000008F 
    -------------------------------------------------------------------------
SFR_AN
  Relative segment, address: DATA 0000009D - 0000009D (0x1 bytes), align: 0
  Segment part 2. ROOT        Intra module refs:   system_init
           ENTRY                   ADDRESS         REF BY
           =====                   =======         ======
           SLEEPSTA                0000009D 
    -------------------------------------------------------------------------
SFR_AN
  Relative segment, address: DATA 0000009E - 0000009E (0x1 bytes), align: 0
  Segment part 3. ROOT        Intra module refs:   system_init
           ENTRY                   ADDRESS         REF BY
           =====                   =======         ======
           CLKCONSTA               0000009E 
    -------------------------------------------------------------------------
SFR_AN
  Relative segment, address: DATA 000000BE - 000000BE (0x1 bytes), align: 0
  Segment part 4. ROOT        Intra module refs:   system_init
           ENTRY                   ADDRESS         REF BY
           =====                   =======         ======
           SLEEPCMD                000000BE 
    -------------------------------------------------------------------------
SFR_AN
  Relative segment, address: DATA 000000C6 - 000000C6 (0x1 bytes), align: 0
  Segment part 5. ROOT        Intra module refs:   halWait (sys)
                                                   system_init
           ENTRY                   ADDRESS         REF BY
           =====                   =======         ======
           CLKCONCMD               000000C6 
    -------------------------------------------------------------------------
XDATA_Z
  Relative segment, address: XDATA 0000052A - 0000052B (0x2 bytes), align: 0
  Segment part 21.            Intra module refs:   system_init
           ENTRY                   ADDRESS         REF BY
           =====                   =======         ======
           sys_parameter           0000052A        IAP_download (download)
                                                   __IAP (user_cmd)
                                                   start_app_partition (app_start)
                                                   write_sys_parameter (flash)
    -------------------------------------------------------------------------
<BANKED_CODE> 2 (was BANKED_CODE)
  Relative segment, address: CODE 000094D7 - 000095F9 (0x123 bytes), align: 0
  Segment part 26.            Intra module refs:   system_init::?relay
           LOCAL                   ADDRESS         
           =====                   =======         
           system_init             000094D7 
               calls direct
               XSTACK = 00000000 ( 0000000E )
    -------------------------------------------------------------------------
<BANKED_CODE> 2 (was BANKED_CODE)
  Relative segment, address: CODE 000095FA - 0000960E (0x15 bytes), align: 0
  Segment part 28.            Intra module refs:   hardware_init::?relay
           LOCAL                   ADDRESS         
           =====                   =======         
           hardware_init           000095FA 
               calls direct
               ISTACK = 00000000 ( 00000002 )
    -------------------------------------------------------------------------
<BANKED_CODE> 2 (was BANKED_CODE)
  Relative segment, address: CODE 0000960F - 0000961F (0x11 bytes), align: 0
  Segment part 30.            Intra module refs:   app_init::?relay
           LOCAL                   ADDRESS         
           =====                   =======         
           app_init                0000960F 
               calls direct
               ISTACK = 00000000 ( 00000002 )
    -------------------------------------------------------------------------
<BANKED_CODE> 2 (was BANKED_CODE)
  Relative segment, address: CODE 00009620 - 0000963B (0x1c bytes), align: 0
  Segment part 32.
           ENTRY                   ADDRESS         REF BY
           =====                   =======         ======
           main                    00009620        ?call_main (?cmain)
               calls direct
    -------------------------------------------------------------------------
XDATA_ID
  Relative segment, address: CODE 000004A8 - 000004B9 (0x12 bytes), align: 0
  Segment part 12.            Intra module refs:   Segment part 11
    -------------------------------------------------------------------------
XDATA_ID
  Relative segment, address: CODE 000004BA - 000004CC (0x13 bytes), align: 0
  Segment part 14.            Intra module refs:   Segment part 13
    -------------------------------------------------------------------------
XDATA_ID
  Relative segment, address: CODE 000004CD - 000004D4 (0x8 bytes), align: 0
  Segment part 16.            Intra module refs:   Segment part 15
    -------------------------------------------------------------------------
XDATA_ID
  Relative segment, address: CODE 000004D5 - 00000502 (0x2e bytes), align: 0
  Segment part 18.            Intra module refs:   Segment part 17
    -------------------------------------------------------------------------
XDATA_ID
  Relative segment, address: CODE 00000503 - 00000504 (0x2 bytes), align: 0
  Segment part 20.            Intra module refs:   Segment part 19
    -------------------------------------------------------------------------
XDATA_ID
  Relative segment, address: CODE 00000505 - 00000508 (0x4 bytes), align: 0
  Segment part 23.            Intra module refs:   __Constant_47160000
    -------------------------------------------------------------------------
BANK_RELAYS
  Relative segment, address: CODE 00000D15 - 00000D1A (0x6 bytes), align: 0
  Segment part 27.            Intra module refs:   main
           LOCAL                   ADDRESS         
           =====                   =======         
           system_init::?relay     00000D15 
    -------------------------------------------------------------------------
BANK_RELAYS
  Relative segment, address: CODE 00000D1B - 00000D20 (0x6 bytes), align: 0
  Segment part 29.            Intra module refs:   main
           LOCAL                   ADDRESS         
           =====                   =======         
           hardware_init::?relay   00000D1B 
    -------------------------------------------------------------------------
BANK_RELAYS
  Relative segment, address: CODE 00000D21 - 00000D26 (0x6 bytes), align: 0
  Segment part 31.            Intra module refs:   main
           LOCAL                   ADDRESS         
           =====                   =======         
           app_init::?relay        00000D21 
    -------------------------------------------------------------------------
XDATA_I
  Relative segment, address: XDATA 00000CD8 - 00000CE9 (0x12 bytes), align: 0
  Segment part 11.            Intra module refs:   system_init
    -------------------------------------------------------------------------
XDATA_I
  Relative segment, address: XDATA 00000CEA - 00000CFC (0x13 bytes), align: 0
  Segment part 13.            Intra module refs:   system_init
    -------------------------------------------------------------------------
XDATA_I
  Relative segment, address: XDATA 00000CFD - 00000D04 (0x8 bytes), align: 0
  Segment part 15.            Intra module refs:   system_init
    -------------------------------------------------------------------------
XDATA_I
  Relative segment, address: XDATA 00000D05 - 00000D32 (0x2e bytes), align: 0
  Segment part 17.            Intra module refs:   system_init
    -------------------------------------------------------------------------
XDATA_I
  Relative segment, address: XDATA 00000D33 - 00000D34 (0x2 bytes), align: 0
  Segment part 19.            Intra module refs:   system_init
    -------------------------------------------------------------------------
XDATA_I
  Relative segment, address: XDATA 00000D35 - 00000D38 (0x4 bytes), align: 0
  Segment part 22.            Intra module refs:   UART_BuadCount (uart)
                                                   system_init
           ENTRY                   ADDRESS         REF BY
           =====                   =======         ======
           __Constant_47160000     00000D35 

    *************************************************************************

  FILE NAME : I:\1_git_code\EPnode_OTA\CC2530 IAP\CC2530_IAP\project\Release\Obj\shell.r51
  PROGRAM MODULE, NAME : shell

  SEGMENTS IN THE MODULE
  ======================
XDATA_I
  Relative segment, address: XDATA 00000D39 - 00000D40 (0x8 bytes), align: 0
  Segment part 6.             Intra module refs:   shell_show_history
    -------------------------------------------------------------------------
XDATA_I
  Relative segment, address: XDATA 00000D41 - 00000D46 (0x6 bytes), align: 0
  Segment part 8.             Intra module refs:   shell_list_cmd
                                                   shell_tab
    -------------------------------------------------------------------------
XDATA_I
  Relative segment, address: XDATA 00000D47 - 00000D4D (0x7 bytes), align: 0
  Segment part 10.            Intra module refs:   shell_tab
    -------------------------------------------------------------------------
XDATA_I
  Relative segment, address: XDATA 00000D4E - 00000DB1 (0x64 bytes), align: 0
  Segment part 12.            Intra module refs:   shell_backspace
    -------------------------------------------------------------------------
XDATA_I
  Relative segment, address: XDATA 00000DB2 - 00000E15 (0x64 bytes), align: 0
  Segment part 14.            Intra module refs:   shell_getchar
    -------------------------------------------------------------------------
XDATA_I
  Relative segment, address: XDATA 00000E16 - 00000E26 (0x11 bytes), align: 0
  Segment part 16.            Intra module refs:   shell_parse
    -------------------------------------------------------------------------
XDATA_I
  Relative segment, address: XDATA 00000E27 - 00000E35 (0xf bytes), align: 0
  Segment part 18.            Intra module refs:   shell_clean_screen
    -------------------------------------------------------------------------
XDATA_I
  Relative segment, address: XDATA 00000E36 - 00000E42 (0xd bytes), align: 0
  Segment part 20.            Intra module refs:   shell_list_cmd
    -------------------------------------------------------------------------
XDATA_I
  Relative segment, address: XDATA 00000E43 - 00000E49 (0x7 bytes), align: 0
  Segment part 22.            Intra module refs:   shell_list_cmd
    -------------------------------------------------------------------------
XDATA_I
  Relative segment, address: XDATA 00000E4A - 00000E51 (0x8 bytes), align: 0
  Segment part 24.            Intra module refs:   shell_version
    -------------------------------------------------------------------------
XDATA_I
  Relative segment, address: XDATA 00000E52 - 00000E58 (0x7 bytes), align: 0
  Segment part 26.            Intra module refs:   shell_version
    -------------------------------------------------------------------------
XDATA_I
  Relative segment, address: XDATA 00000E59 - 00000E5B (0x3 bytes), align: 0
  Segment part 28.            Intra module refs:   cmdline_gets
                                                   confirm_gets
    -------------------------------------------------------------------------
XDATA_I
  Relative segment, address: XDATA 00000E5C - 00000E60 (0x5 bytes), align: 0
  Segment part 30.            Intra module refs:   cmdline_gets
    -------------------------------------------------------------------------
XDATA_I
  Relative segment, address: XDATA 00000E61 - 00000E67 (0x7 bytes), align: 0
  Segment part 32.            Intra module refs:   cmdline_gets
    -------------------------------------------------------------------------
XDATA_I
  Relative segment, address: XDATA 00000E68 - 00000E69 (0x2 bytes), align: 0
  Segment part 34.            Intra module refs:   cmdline_gets
    -------------------------------------------------------------------------
XDATA_I
  Relative segment, address: XDATA 00000E6A - 00000E6D (0x4 bytes), align: 0
  Segment part 36.            Intra module refs:   confirm_gets
    -------------------------------------------------------------------------
XDATA_I
  Relative segment, address: XDATA 00000E6E - 00000E85 (0x18 bytes), align: 0
  Segment part 38.            Intra module refs:   confirm_gets
    -------------------------------------------------------------------------
XDATA_I
  Relative segment, address: XDATA 00000E86 - 00000E8F (0xa bytes), align: 0
  Segment part 40.            Intra module refs:   shell_confirm
    -------------------------------------------------------------------------
XDATA_I
  Relative segment, address: XDATA 00000E90 - 00000E94 (0x5 bytes), align: 0
  Segment part 42.            Intra module refs:   shell_init
    -------------------------------------------------------------------------
XDATA_I
  Relative segment, address: XDATA 00000E95 - 00000EA2 (0xe bytes), align: 0
  Segment part 44.            Intra module refs:   shell_init
    -------------------------------------------------------------------------
XDATA_I
  Relative segment, address: XDATA 00000EA3 - 00000EA8 (0x6 bytes), align: 0
  Segment part 46.            Intra module refs:   shell_init
    -------------------------------------------------------------------------
XDATA_I
  Relative segment, address: XDATA 00000EA9 - 00000EB3 (0xb bytes), align: 0
  Segment part 48.            Intra module refs:   shell_init
    -------------------------------------------------------------------------
XDATA_I
  Relative segment, address: XDATA 00000EB4 - 00000FB3 (0x100 bytes), align: 0
  Segment part 50.            Intra module refs:   _shell_register
                                                   shell_parse
           LOCAL                   ADDRESS         
           =====                   =======         
           F_CRC8_Table            00000EB4 
    -------------------------------------------------------------------------
XDATA_I
  Relative segment, address: XDATA 00000FB4 - 000010B3 (0x100 bytes), align: 0
  Segment part 52.            Intra module refs:   _shell_register
                                                   shell_parse
           LOCAL                   ADDRESS         
           =====                   =======         
           B_CRC8_Table            00000FB4 
    -------------------------------------------------------------------------
XDATA_Z
  Relative segment, address: XDATA 0000052C - 0000052D (0x2 bytes), align: 0
  Segment part 54.            Intra module refs:   _shell_register
                                                   checkout
                                                   cmdline_gets
                                                   shell_list_cmd
           LOCAL                   ADDRESS         
           =====                   =======         
           shellcmdroot            0000052C 
    -------------------------------------------------------------------------
XDATA_I
  Relative segment, address: XDATA 000010B4 - 000010E5 (0x32 bytes), align: 0
  Segment part 55.            Intra module refs:   shell_init
                                                   shell_input_init
           ENTRY                   ADDRESS         REF BY
           =====                   =======         ======
           DEFAULT_INPUTSIGN       000010B4 
    -------------------------------------------------------------------------
<BANKED_CODE> 1 (was BANKED_CODE)
  Relative segment, address: CODE 00001F6F - 00001FDC (0x6e bytes), align: 0
  Segment part 107.           Intra module refs:   shell_search_cmd::?relay
           LOCAL                   ADDRESS         
           =====                   =======         
           shell_search_cmd        00001F6F 
               XSTACK = 00000030 ( 0000000E )
    -------------------------------------------------------------------------
<BANKED_CODE> 1 (was BANKED_CODE)
  Relative segment, address: CODE 00001FDD - 000020A8 (0xcc bytes), align: 0
  Segment part 109.           Intra module refs:   shell_insert_cmd::?relay
           LOCAL                   ADDRESS         
           =====                   =======         
           shell_insert_cmd        00001FDD 
               XSTACK = 0000002A ( 00000012 )
    -------------------------------------------------------------------------
<BANKED_CODE> 1 (was BANKED_CODE)
  Relative segment, address: CODE 000020A9 - 000022B3 (0x20b bytes), align: 0
  Segment part 111.           Intra module refs:   checkout::?relay
           LOCAL                   ADDRESS         
           =====                   =======         
           checkout                000020A9 
               calls direct
               XSTACK = 00000034 ( 00000024 )
    -------------------------------------------------------------------------
<BANKED_CODE> 1 (was BANKED_CODE)
  Relative segment, address: CODE 000022B4 - 00002379 (0xc6 bytes), align: 0
  Segment part 113.           Intra module refs:   shell_record::?relay
           LOCAL                   ADDRESS         
           =====                   =======         
           shell_record            000022B4 
               calls direct
               XSTACK = 00000012 ( 0000000E )
               ISTACK = 00000000 ( 00000001 )
    -------------------------------------------------------------------------
<BANKED_CODE> 1 (was BANKED_CODE)
  Relative segment, address: CODE 0000237A - 0000262D (0x2b4 bytes), align: 0
  Segment part 115.           Intra module refs:   shell_show_history::?relay
           LOCAL                   ADDRESS         
           =====                   =======         
           shell_show_history      0000237A 
               calls direct
               XSTACK = 00000016 ( 00000019 )
               ISTACK = 00000000 ( 00000001 )
    -------------------------------------------------------------------------
<BANKED_CODE> 1 (was BANKED_CODE)
  Relative segment, address: CODE 0000262E - 000029F7 (0x3ca bytes), align: 0
  Segment part 117.           Intra module refs:   shell_tab::?relay
           LOCAL                   ADDRESS         
           =====                   =======         
           shell_tab               0000262E 
               calls direct
               XSTACK = 00000012 ( 00000034 )
               ISTACK = 00000000 ( 00000001 )
    -------------------------------------------------------------------------
<BANKED_CODE> 1 (was BANKED_CODE)
  Relative segment, address: CODE 000029F8 - 00002BA8 (0x1b1 bytes), align: 0
  Segment part 119.           Intra module refs:   shell_backspace::?relay
           LOCAL                   ADDRESS         
           =====                   =======         
           shell_backspace         000029F8 
               XSTACK = 00000012 ( 00000076 )
               ISTACK = 00000000 ( 00000001 )
    -------------------------------------------------------------------------
<BANKED_CODE> 1 (was BANKED_CODE)
  Relative segment, address: CODE 00002BA9 - 00002E1C (0x274 bytes), align: 0
  Segment part 121.           Intra module refs:   shell_getchar::?relay
           LOCAL                   ADDRESS         
           =====                   =======         
           shell_getchar           00002BA9 
               XSTACK = 0000002C ( 00000077 )
               ISTACK = 00000000 ( 00000001 )
    -------------------------------------------------------------------------
<BANKED_CODE> 1 (was BANKED_CODE)
  Relative segment, address: CODE 00002E1D - 0000323D (0x421 bytes), align: 0
  Segment part 123.           Intra module refs:   shell_parse::?relay
           LOCAL                   ADDRESS         
[...]
  Segment part 12.            Intra module refs:   log
           ENTRY                   ADDRESS         REF BY
           =====                   =======         ======
           __Constant_bf800000     000014D7 
    -------------------------------------------------------------------------
XDATA_ID
  Relative segment, address: CODE 00000CA7 - 00000CAA (0x4 bytes), align: 0
  Segment part 13.            Intra module refs:   __Constant_bf800000
    -------------------------------------------------------------------------
XDATA_I
  Relative segment, address: XDATA 000014DB - 000014DE (0x4 bytes), align: 0
  Segment part 18.            Intra module refs:   log
           ENTRY                   ADDRESS         REF BY
           =====                   =======         ======
           __Constant_3ed49222     000014DB 
    -------------------------------------------------------------------------
XDATA_ID
  Relative segment, address: CODE 00000CAB - 00000CAE (0x4 bytes), align: 0
  Segment part 19.            Intra module refs:   __Constant_3ed49222
    -------------------------------------------------------------------------
XDATA_I
  Relative segment, address: XDATA 000014DF - 000014E2 (0x4 bytes), align: 0
  Segment part 20.            Intra module refs:   log
           ENTRY                   ADDRESS         REF BY
           =====                   =======         ======
           __Constant_3f2a9bdd     000014DF 
    -------------------------------------------------------------------------
XDATA_ID
  Relative segment, address: CODE 00000CAF - 00000CB2 (0x4 bytes), align: 0
  Segment part 21.            Intra module refs:   __Constant_3f2a9bdd
    -------------------------------------------------------------------------
XDATA_I
  Relative segment, address: XDATA 000014E3 - 000014E6 (0x4 bytes), align: 0
  Segment part 22.            Intra module refs:   log
           ENTRY                   ADDRESS         REF BY
           =====                   =======         ======
           __Constant_40000004     000014E3 
    -------------------------------------------------------------------------
XDATA_ID
  Relative segment, address: CODE 00000CB3 - 00000CB6 (0x4 bytes), align: 0
  Segment part 23.            Intra module refs:   __Constant_40000004
    -------------------------------------------------------------------------
BANK_RELAYS
  Relative segment, address: CODE 00000E95 - 00000E9A (0x6 bytes), align: 0
  Segment part 25.
           ENTRY                   ADDRESS         REF BY
           =====                   =======         ======
           log::?relay             00000E95        pow (?pow)

    -------------------------------------------------------------------------
  LIBRARY MODULE, NAME : ?memcmp

  SEGMENTS IN THE MODULE
  ======================
<BANKED_CODE> 2 (was BANKED_CODE)
  Relative segment, address: CODE 00009B7D - 00009BC8 (0x4c bytes), align: 0
  Segment part 6.             Intra module refs:   memcmp::?relay
           ENTRY                   ADDRESS         REF BY
           =====                   =======         ======
           memcmp                  00009B7D 
               XSTACK = 00000002 ( 00000009 )
    -------------------------------------------------------------------------
BANK_RELAYS
  Relative segment, address: CODE 00000E9B - 00000EA0 (0x6 bytes), align: 0
  Segment part 7.
           ENTRY                   ADDRESS         REF BY
           =====                   =======         ======
           memcmp::?relay          00000E9B        checkout (shell)

    -------------------------------------------------------------------------
  LIBRARY MODULE, NAME : ?memcpy

  SEGMENTS IN THE MODULE
  ======================
<BANKED_CODE> 2 (was BANKED_CODE)
  Relative segment, address: CODE 00009BC9 - 00009C0E (0x46 bytes), align: 0
  Segment part 6.             Intra module refs:   memcpy::?relay
           ENTRY                   ADDRESS         REF BY
           =====                   =======         ======
           memcpy                  00009BC9 
               XSTACK = 00000002 ( 0000000A )
               ISTACK = 00000000 ( 00000001 )
    -------------------------------------------------------------------------
BANK_RELAYS
  Relative segment, address: CODE 00000EA1 - 00000EA6 (0x6 bytes), align: 0
  Segment part 7.
           ENTRY                   ADDRESS         REF BY
           =====                   =======         ======
           memcpy::?relay          00000EA1        confirm_gets (shell)
                                                   shell_app_cycle (uart)
                                                   shell_confirm (shell)
                                                   shell_record (shell)

    -------------------------------------------------------------------------
  LIBRARY MODULE, NAME : ?memset

  SEGMENTS IN THE MODULE
  ======================
<BANKED_CODE> 1 (was BANKED_CODE)
  Relative segment, address: CODE 00007FC1 - 00007FEC (0x2c bytes), align: 0
  Segment part 6.             Intra module refs:   memset::?relay
           ENTRY                   ADDRESS         REF BY
           =====                   =======         ======
           memset                  00007FC1 
               XSTACK = 00000002 ( 00000000 )
               ISTACK = 00000000 ( 00000002 )
    -------------------------------------------------------------------------
BANK_RELAYS
  Relative segment, address: CODE 00000EA7 - 00000EAC (0x6 bytes), align: 0
  Segment part 7.
           ENTRY                   ADDRESS         REF BY
           =====                   =======         ======
           memset::?relay          00000EA7        shell_app_cycle (uart)

    -------------------------------------------------------------------------
  LIBRARY MODULE, NAME : ?pow

  SEGMENTS IN THE MODULE
  ======================
<BANKED_CODE> 2 (was BANKED_CODE)
  Relative segment, address: CODE 00008000 - 000083DE (0x3df bytes), align: 0
  Segment part 16.            Intra module refs:   pow::?relay
           ENTRY                   ADDRESS         REF BY
           =====                   =======         ======
           pow                     00008000 
               calls direct
               XSTACK = 00000004 ( 00000028 )
               ISTACK = 00000000 ( 00000004 )
    -------------------------------------------------------------------------
<BANKED_CODE> 2 (was BANKED_CODE)
  Relative segment, address: CODE 000083DF - 000083E9 (0xb bytes), align: 0
  Segment part 18.            Intra module refs:   pow
    -------------------------------------------------------------------------
XDATA_I
  Relative segment, address: XDATA 000014E7 - 000014EA (0x4 bytes), align: 0
  Segment part 8.             Intra module refs:   pow
           ENTRY                   ADDRESS         REF BY
           =====                   =======         ======
           __Constant_7f7fffff     000014E7 
    -------------------------------------------------------------------------
XDATA_ID
  Relative segment, address: CODE 00000CB7 - 00000CBA (0x4 bytes), align: 0
  Segment part 9.             Intra module refs:   __Constant_7f7fffff
    -------------------------------------------------------------------------
XDATA_I
  Relative segment, address: XDATA 000014EB - 000014EE (0x4 bytes), align: 0
  Segment part 10.            Intra module refs:   pow
           ENTRY                   ADDRESS         REF BY
           =====                   =======         ======
           __Constant_ff7fffff     000014EB 
    -------------------------------------------------------------------------
XDATA_ID
  Relative segment, address: CODE 00000CBB - 00000CBE (0x4 bytes), align: 0
  Segment part 11.            Intra module refs:   __Constant_ff7fffff
    -------------------------------------------------------------------------
XDATA_I
  Relative segment, address: XDATA 000014EF - 000014F2 (0x4 bytes), align: 0
  Segment part 12.            Intra module refs:   pow
           ENTRY                   ADDRESS         REF BY
           =====                   =======         ======
           __Constant_34800001     000014EF 
    -------------------------------------------------------------------------
XDATA_ID
  Relative segment, address: CODE 00000CBF - 00000CC2 (0x4 bytes), align: 0
  Segment part 13.            Intra module refs:   __Constant_34800001
    -------------------------------------------------------------------------
XDATA_I
  Relative segment, address: XDATA 000014F3 - 000014F6 (0x4 bytes), align: 0
  Segment part 14.            Intra module refs:   log (?log)
                                                   pow
           ENTRY                   ADDRESS         REF BY
           =====                   =======         ======
           __Constant_3f317218     000014F3 
    -------------------------------------------------------------------------
XDATA_ID
  Relative segment, address: CODE 00000CC3 - 00000CC6 (0x4 bytes), align: 0
  Segment part 15.            Intra module refs:   __Constant_3f317218
    -------------------------------------------------------------------------
BANK_RELAYS
  Relative segment, address: CODE 00000EAD - 00000EB2 (0x6 bytes), align: 0
  Segment part 17.
           ENTRY                   ADDRESS         REF BY
           =====                   =======         ======
           pow::?relay             00000EAD        UART_BuadCount (uart)

    -------------------------------------------------------------------------
  LIBRARY MODULE, NAME : ?printf

  SEGMENTS IN THE MODULE
  ======================
<BANKED_CODE> 2 (was BANKED_CODE)
  Relative segment, address: CODE 00009A88 - 00009A97 (0x10 bytes), align: 0
  Segment part 6.             Intra module refs:   put_one_char::?relay
           LOCAL                   ADDRESS         
           =====                   =======         
           put_one_char            00009A88 
               calls direct, is indirectly called
               ISTACK = 00000000 ( 00000001 )
    -------------------------------------------------------------------------
<BANKED_CODE> 2 (was BANKED_CODE)
  Relative segment, address: CODE 00009A98 - 00009ADE (0x47 bytes), align: 0
  Segment part 8.             Intra module refs:   printf::?relay
           ENTRY                   ADDRESS         REF BY
           =====                   =======         ======
           printf                  00009A98 
               calls direct
               XSTACK = 00000000 ( 00000010 )
    -------------------------------------------------------------------------
BANK_RELAYS
  Relative segment, address: CODE 00000EB3 - 00000EB8 (0x6 bytes), align: 0
  Segment part 7.             Intra module refs:   printf
           LOCAL                   ADDRESS         
           =====                   =======         
           put_one_char::?relay    00000EB3 
    -------------------------------------------------------------------------
BANK_RELAYS
  Relative segment, address: CODE 00000EB9 - 00000EBE (0x6 bytes), align: 0
  Segment part 9.
           ENTRY                   ADDRESS         REF BY
           =====                   =======         ======
           printf::?relay          00000EB9        FlashWrite (flash)
                                                   IAP_download (download)
                                                   Ymodem_Receive (ymodem)
                                                   __IAP (user_cmd)
                                                   start_app_partition (app_start)
                                                   system_init (main)
                                                   write_sys_parameter (flash)

    -------------------------------------------------------------------------
  LIBRARY MODULE, NAME : ?strcpy

  SEGMENTS IN THE MODULE
  ======================
<BANKED_CODE> 2 (was BANKED_CODE)
  Relative segment, address: CODE 00009C0F - 00009C37 (0x29 bytes), align: 0
  Segment part 6.             Intra module refs:   strcpy::?relay
           ENTRY                   ADDRESS         REF BY
           =====                   =======         ======
           strcpy                  00009C0F 
               XSTACK = 00000000 ( 00000009 )
               ISTACK = 00000000 ( 00000001 )
    -------------------------------------------------------------------------
BANK_RELAYS
  Relative segment, address: CODE 00000EBF - 00000EC4 (0x6 bytes), align: 0
  Segment part 7.
           ENTRY                   ADDRESS         REF BY
           =====                   =======         ======
           strcpy::?relay          00000EBF        shell_input_init (shell)

    -------------------------------------------------------------------------
  LIBRARY MODULE, NAME : ?strlen

  SEGMENTS IN THE MODULE
  ======================
<BANKED_CODE> 2 (was BANKED_CODE)
  Relative segment, address: CODE 00009C79 - 00009C96 (0x1e bytes), align: 0
  Segment part 6.             Intra module refs:   strlen::?relay
           ENTRY                   ADDRESS         REF BY
           =====                   =======         ======
           strlen                  00009C79 
               ISTACK = 00000000 ( 00000002 )
    -------------------------------------------------------------------------
BANK_RELAYS
  Relative segment, address: CODE 00000EC5 - 00000ECA (0x6 bytes), align: 0
  Segment part 7.
           ENTRY                   ADDRESS         REF BY
           =====                   =======         ======
           strlen::?relay          00000EC5        shell_app_cycle (uart)

    -------------------------------------------------------------------------
  LIBRARY MODULE, NAME : ?strncpy

  SEGMENTS IN THE MODULE
  ======================
<BANKED_CODE> 2 (was BANKED_CODE)
  Relative segment, address: CODE 00009A2E - 00009A87 (0x5a bytes), align: 0
  Segment part 6.             Intra module refs:   strncpy::?relay
           ENTRY                   ADDRESS         REF BY
           =====                   =======         ======
           strncpy                 00009A2E 
               XSTACK = 00000002 ( 0000000A )
               ISTACK = 00000000 ( 00000001 )
    -------------------------------------------------------------------------
BANK_RELAYS
  Relative segment, address: CODE 00000ECB - 00000ED0 (0x6 bytes), align: 0
  Segment part 7.
           ENTRY                   ADDRESS         REF BY
           =====                   =======         ======
           strncpy::?relay         00000ECB        shell_init (shell)

    -------------------------------------------------------------------------
  LIBRARY MODULE, NAME : ?strstr

  SEGMENTS IN THE MODULE
  ======================
<BANKED_CODE> 2 (was BANKED_CODE)
  Relative segment, address: CODE 00009ADF - 00009B2E (0x50 bytes), align: 0
  Segment part 6.             Intra module refs:   strstr::?relay
           ENTRY                   ADDRESS         REF BY
           =====                   =======         ======
           strstr                  00009ADF 
               XSTACK = 00000000 ( 0000000A )
    -------------------------------------------------------------------------
BANK_RELAYS
  Relative segment, address: CODE 00000ED1 - 00000ED6 (0x6 bytes), align: 0
  Segment part 7.
           ENTRY                   ADDRESS         REF BY
           =====                   =======         ======
           strstr::?relay          00000ED1        __IAP (user_cmd)
                                                   shell_app_cycle (uart)




                ****************************************
                *                                      *
                *      SEGMENTS IN ADDRESS ORDER       *
                *                                      *
                ****************************************


SEGMENT              SPACE    START ADDRESS   END ADDRESS     SIZE  TYPE  ALIGN
=======              =====    =============   ===========     ====  ====  =====
INTVEC               CODE          00000000 - 0000004D          4E   com    0
CSTART               CODE          0000004E - 000000CE          81   rel    0
DATA_ID              CODE               000000CF                     dse    0
BDATA_ID             CODE               000000CF                     dse    0
BIT_ID               CODE               000000CF                     dse    0
IXDATA_ID            CODE               000000CF                     dse    0
PDATA_ID             CODE               000000CF                     dse    0
IDATA_ID             CODE               000000CF                     dse    0
XDATA_ID             CODE          000000CF - 00000CC6         BF8   rel    0
BANK_RELAYS          CODE          00000CC7 - 00000ED6         210   rel    0
RCODE                CODE          00000ED7 - 00001E7B         FA5   rel    0
DIFUNCT              CODE               00001E7C                     dse    0
CODE_C               CODE          00001E7C - 00001EFC          81   rel    0
CODE_N               CODE               00001EFD                     dse    0
NEAR_CODE            CODE          00001EFD - 00001F6E          72   rel    0
<BANKED_CODE> 1      CODE          00001F6F - 00007FEC        607E   rel    0
<BANKED_CODE> 2      CODE          00008000 - 00009CB3        1CB4   rel    0
REGISTERS            DATA          00000000 - 00000007           8   rel    0
VREG                 DATA          00000008 - 0000000F           8   rel    0
PSP                  DATA               00000010                     dse    0
XSP                  DATA          00000010 - 00000011           2   rel    0
BREG                 BIT        00000020.0  -  00000020.7        8   rel    0
SFR_AN               DATA          00000086 - 00000086           1   rel    0
                     DATA          00000088 - 00000088           1 
                     DATA          0000008F - 00000090           2 
                     DATA          00000094 - 00000094           1 
                     DATA          0000009D - 0000009E           2 
                     DATA          000000A8 - 000000A9           2 
                     DATA          000000B4 - 000000B4           1 
                     DATA          000000B6 - 000000B6           1 
                     DATA          000000B8 - 000000B9           2 
                     DATA          000000BB - 000000BB           1 
                     DATA          000000BE - 000000BE           1 
                     DATA          000000C0 - 000000C2           3 
                     DATA          000000C5 - 000000C7           3 
                     DATA          000000C9 - 000000C9           1 
                     DATA          000000D1 - 000000D6           6 
                     DATA          000000DA - 000000DB           2 
                     DATA          000000E4 - 000000E5           2 
                     DATA          000000E8 - 000000E8           1 
                     DATA          000000F1 - 000000F1           1 
                     DATA          000000F3 - 000000F4           2 
                     DATA          000000FD - 000000FF           3 
XSTACK               XDATA         00000001 - 00000500         500   rel    0
XDATA_Z              XDATA         00000501 - 000008FE         3FE   rel    0
XDATA_I              XDATA         000008FF - 000014F6         BF8   rel    0
ISTACK               IDATA         00000038 - 000000FF          C8   rel    0

                ****************************************
                *                                      *
                *        END OF CROSS REFERENCE        *
                *                                      *
                ****************************************

 40 097 bytes of CODE  memory
     18 bytes of DATA  memory (+ 39 absolute )
  5 366 bytes of XDATA memory
    200 bytes of IDATA memory
      8 bits  of BIT   memory

Errors: none
Warnings: none

