################################################################################
#                                                                              #
#      IAR Universal Linker V6.1.3.56                                          #
#                                                                              #
#           Link time     =  03/Jul/2023  21:29:18                             #
#           Target CPU    =  x51                                               #
#           List file     =  "F:\1_git_code\EPnode_OTA\CC2530 IAP\CC2530_IAP\p #
#                            roject\Release\List\rfid_unlock_exp.map"          #
#           Output file 1 =  "F:\1_git_code\EPnode_OTA\CC2530 IAP\CC2530_IAP\p #
#                            roject\Release\Exe\rfid_unlock_exp.d51"           #
#                            Format: debug                                     #
#                            UBROF version 10.0.6                              #
#                            Using library modules for C-SPY (-rt)             #
#           Output file 2 =  "F:\1_git_code\EPnode_OTA\CC2530 IAP\CC2530_IAP\p #
#                            roject\Release\Exe\rfid_unlock_exp.hex"           #
#                            Format: intel-extended, variant: -y(CODE)         #
#           Command line  =  -Ointel-extended,(CODE)=.hex                      #
#                            -D_NR_OF_BANKS=0x03 -D_CODEBANK_END=0xFFFF        #
#                            -D_CODEBANK_START=0x8000 -D?CBANK_MASK=0xFF       #
#                            -D?CBANK=0x9F                                     #
#                            "-IC:\Program Files (x86)\IAR Systems\Embedded Wo #
#                            rkbench 7.0\8051\CONFIG\"                         #
#                            "F:\1_git_code\EPnode_OTA\CC2530 IAP\CC2530_IAP\p #
#                            roject\Release\Obj\main.r51"                      #
#                            "F:\1_git_code\EPnode_OTA\CC2530 IAP\CC2530_IAP\p #
#                            roject\Release\Obj\shell.r51"                     #
#                            "F:\1_git_code\EPnode_OTA\CC2530 IAP\CC2530_IAP\p #
#                            roject\Release\Obj\sys.r51"                       #
#                            "F:\1_git_code\EPnode_OTA\CC2530 IAP\CC2530_IAP\p #
#                            roject\Release\Obj\uart.r51"                      #
#                            "F:\1_git_code\EPnode_OTA\CC2530 IAP\CC2530_IAP\p #
#                            roject\Release\Obj\user_cmd.r51"                  #
#                            "F:\1_git_code\EPnode_OTA\CC2530 IAP\CC2530_IAP\p #
#                            roject\Release\Obj\ustdio.r51"                    #
#                            -e_large_write=_formatted_write                   #
#                            -e_medium_read=_formatted_read -o                 #
#                            "F:\1_git_code\EPnode_OTA\CC2530 IAP\CC2530_IAP\p #
#                            roject\Release\Exe\rfid_unlock_exp.d51"           #
#                            -l                                                #
#                            "F:\1_git_code\EPnode_OTA\CC2530 IAP\CC2530_IAP\p #
#                            roject\Release\List\rfid_unlock_exp.map"          #
#                            -xms                                              #
#                            "-IC:\Program Files (x86)\IAR Systems\Embedded Wo #
#                            rkbench 7.0\8051\LIB\"                            #
#                            -f                                                #
#                            "C:\Program Files (x86)\IAR Systems\Embedded Work #
#                            bench 7.0\8051\config\devices\Texas Instruments\l #
#                            nk51ew_cc2530F256_banked.xcl"                     #
#                            (-D_IDATA0_START=0x00 -D_IDATA0_END=0xFF          #
#                            -D_PDATA0_START=0x1E00 -D_PDATA0_END=0x1EFF       #
#                            -D_IXDATA0_START=0x0001 -D_IXDATA0_END=0x1EFF     #
#                            -D_XDATA0_START=_IXDATA0_START                    #
#                            -D_XDATA0_END=_IXDATA0_END                        #
#                            -D_NEAR_CODE_START=0x0000                         #
#                            -D_FIRST_BANK_ADDR=0x10000 -D?REGISTER_BANK=0x0   #
#                            -D_REGISTER_BANK_START=0x0 -D_BREG_START=0x00     #
#                            -D?VB=0x20 -Z(BIT)BREG=_BREG_START                #
#                            -Z(BIT)BIT_N=0-7F                                 #
#                            -Z(DATA)REGISTERS+8=_REGISTER_BANK_START          #
#                            -Z(DATA)BDATA_Z,BDATA_N,BDATA_I=20-2F             #
#                            -Z(DATA)VREG=08-7F -Z(DATA)PSP,XSP=08-7F          #
#                            -Z(DATA)DOVERLAY=08-7F                            #
#                            -Z(DATA)DATA_I,DATA_Z,DATA_N=08-7F                #
#                            -U(IDATA)0-7F=(DATA)0-7F                          #
#                            -Z(IDATA)IDATA_I,IDATA_Z,IDATA_N=08-_IDATA0_END   #
#                            -Z(IDATA)ISTACK+_IDATA_STACK_SIZE#08-_IDATA0_END  #
#                            -Z(IDATA)IOVERLAY=08-FF -Z(CODE)INTVEC=0          #
#                            -Z(CODE)CSTART=_NEAR_CODE_START-(_CODEBANK_START- #
#                            1)                                                #
#                            -Z(CODE)BIT_ID,BDATA_ID,DATA_ID,IDATA_ID,IXDATA_I #
#                            D,PDATA_ID,XDATA_ID=_NEAR_CODE_START-(_CODEBANK_S #
#                            TART-1)                                           #
#                            -Z(CODE)BANK_RELAYS,RCODE,DIFUNCT,CODE_C,CODE_N,N #
#                            EAR_CODE=_NEAR_CODE_START-(_CODEBANK_START-1)     #
#                            -P(CODE)BANKED_CODE=_NEAR_CODE_START-(_CODEBANK_S #
#                            TART-1),[(_CODEBANK_START+_FIRST_BANK_ADDR)-(_COD #
#                            EBANK_END+_FIRST_BANK_ADDR)]*_NR_OF_BANKS+10000   #
#                            -Z(CODE)CHECKSUM#(_CODEBANK_START-1)              #
#                            -Z(XDATA)PDATA_Z,PDATA_I=_PDATA0_START-_PDATA0_EN #
#                            D                                                 #
#                            -P(XDATA)PDATA_N=_PDATA0_START-_PDATA0_END        #
#                            -Z(XDATA)PSTACK+_PDATA_STACK_SIZE=_PDATA0_START-_ #
#                            PDATA0_END                                        #
#                            -Z(XDATA)EXT_STACK+_EXTENDED_STACK_SIZE=_EXTENDED #
#                            _STACK_START                                      #
#                            -Z(XDATA)XSTACK+_XDATA_STACK_SIZE=_XDATA0_START-_ #
#                            XDATA0_END                                        #
#                            -Z(XDATA)IXDATA_Z,IXDATA_I=_IXDATA0_START-_IXDATA #
#                            0_END                                             #
#                            -P(XDATA)IXDATA_N=_IXDATA0_START-_IXDATA0_END     #
#                            -Z(XDATA)XDATA_Z,XDATA_I=_XDATA0_START-_XDATA0_EN #
#                            D                                                 #
#                            -P(XDATA)XDATA_N=_XDATA0_START-_XDATA0_END        #
#                            -Z(XDATA)XDATA_HEAP+_XDATA_HEAP_SIZE=_XDATA0_STAR #
#                            T-_XDATA0_END                                     #
#                            -Z(CONST)XDATA_ROM_C=_XDATA0_START-_XDATA0_END    #
#                            -cx51                                             #
#                            -M(CODE)[(_CODEBANK_START+_FIRST_BANK_ADDR)-(_COD #
#                            EBANK_END+_FIRST_BANK_ADDR)]*_NR_OF_BANKS+0x10000 #
#                            =0x8000                                           #
#                            -ww69=i -D_BANK0_START=0x00000                    #
#                            -D_BANK0_END=0x07FFF -D_BANK1_START=0x18000       #
#                            -D_BANK1_END=0x1FFFF -D_BANK2_START=0x28000       #
#                            -D_BANK2_END=0x2FFFF -D_BANK3_START=0x38000       #
#                            -D_BANK3_END=0x3FFFF -D_BANK4_START=0x48000       #
#                            -D_BANK4_END=0x4FFFF -D_BANK5_START=0x58000       #
#                            -D_BANK5_END=0x5FFFF -D_BANK6_START=0x68000       #
#                            -D_BANK6_END=0x6FFFF -D_BANK7_START=0x78000       #
#                            -D_BANK7_END=0x7FFFF                              #
#                            -P(CODE)BANK0=_BANK0_START-_BANK0_END             #
#                            -P(CODE)BANK1=_BANK1_START-_BANK1_END             #
#                            -P(CODE)BANK2=_BANK2_START-_BANK2_END             #
#                            -P(CODE)BANK3=_BANK3_START-_BANK3_END             #
#                            -P(CODE)BANK4=_BANK4_START-_BANK4_END             #
#                            -P(CODE)BANK5=_BANK5_START-_BANK5_END             #
#                            -P(CODE)BANK6=_BANK6_START-_BANK6_END             #
#                            -P(CODE)BANK7=_BANK7_START-_BANK7_END             #
#                            -D_FLASH_LOCK_BITS_START=0x7FFF0                  #
#                            -D_FLASH_LOCK_BITS_END=0x7FFFF                    #
#                            -Z(CODE)FLASH_LOCK_BITS=_FLASH_LOCK_BITS_START-_F #
#                            LASH_LOCK_BITS_END                                #
#                            -U(CODE)0x0000=(CODE)_FLASH_LOCK_BITS_START-_FLAS #
#                            H_LOCK_BITS_END)                                  #
#                            -D_NR_OF_VIRTUAL_REGISTERS=8 -D?PBANK=0x93        #
#                            -e?BCALL_FF=?BCALL -e?BRET_FF=?BRET               #
#                            -e?BDISPATCH_FF=?BDISPATCH -rt -s                 #
#                            __program_start                                   #
#                            "C:\Program Files (x86)\IAR Systems\Embedded Work #
#                            bench 7.0\8051\LIB\CLIB\cl-pli-blxd-1e16x01.r51"  #
#                            -D_IDATA_STACK_SIZE=0xC0 -D?ESP=0 -D?ESP_MASK=0   #
#                            -D_EXTENDED_STACK_START=0                         #
#                            -D_EXTENDED_STACK_SIZE=0                          #
#                            -D_PDATA_STACK_SIZE=0x80                          #
#                            -D_XDATA_STACK_SIZE=0x300                         #
#                            -D_XDATA_HEAP_SIZE=0xFF -D_FAR_HEAP_SIZE=0xFFF    #
#                            -D_HUGE_HEAP_SIZE=0xFFF                           #
#                            -D_FAR22_HEAP_SIZE=0xFFF                          #
#                                                                              #
#                           Copyright (C) 1987-2014 IAR Systems AB.            #
################################################################################





                ****************************************
                *                                      *
                *           CROSS REFERENCE            *
                *                                      *
                ****************************************

       Program entry at : CODE      00000067  Relocatable, from module : CSTARTUP




                ****************************************
                *                                      *
                *            RUNTIME MODEL             *
                *                                      *
                ****************************************

  __SystemLibrary          = CLib
  __calling_convention     = xdata_reentrant
  __code_model             = banked
  __core                   = plain
  __data_model             = large
  __dptr_size              = 16
  __extended_stack         = disabled
  __location_for_constants = data
  __number_of_dptrs        = 1
  __rt_version             = 1

                ****************************************
                *                                      *
                *    AUTOMATIC SYMBOL REDIRECTIONS     *
                *                                      *
                ****************************************

                  There are no automatic symbol redirections.



                ****************************************
                *                                      *
                *              MODULE MAP              *
                *                                      *
                ****************************************


  DEFINED ABSOLUTE ENTRIES
    *************************************************************************

  DEFINED ABSOLUTE ENTRIES
  PROGRAM MODULE, NAME : ?ABS_ENTRY_MOD

Absolute parts
           ENTRY                   ADDRESS         REF BY
           =====                   =======         ======
           _FAR22_HEAP_SIZE        00000FFF 
           _HUGE_HEAP_SIZE         00000FFF 
           _FAR_HEAP_SIZE          00000FFF 
           _XDATA_HEAP_SIZE        000000FF 
           _XDATA_STACK_SIZE       00000300 
           _PDATA_STACK_SIZE       00000080 
           _EXTENDED_STACK_SIZE    00000000 
           _EXTENDED_STACK_START   00000000 
           ?ESP_MASK               00000000 
           ?ESP                    00000000 
           _IDATA_STACK_SIZE       000000C0 
           ?PBANK                  00000093 
           _NR_OF_VIRTUAL_REGISTERS
                                   00000008 
           _FLASH_LOCK_BITS_END    0007FFFF 
           _FLASH_LOCK_BITS_START
                                   0007FFF0 
           _BANK7_END              0007FFFF 
           _BANK7_START            00078000 
           _BANK6_END              0006FFFF 
           _BANK6_START            00068000 
           _BANK5_END              0005FFFF 
           _BANK5_START            00058000 
           _BANK4_END              0004FFFF 
           _BANK4_START            00048000 
           _BANK3_END              0001FFFF 
           _BANK3_START            00018000 
           _BANK2_END              00017FFF 
           _BANK2_START            00010000 
           _BANK1_END              0000FFFF 
           _BANK1_START            00008000 
           _BANK0_END              00007FFF 
           _BANK0_START            00000000 
           ?VB                     00000020        ?BANKED_ENTER_XDATA (?BANKED_ENTER_XDATA)
                                                   ?BANKED_LEAVE_XDATA (?BANKED_LEAVE_XDATA)
                                                   ?INTERRUPT_ENTER_XSP (?INTERRUPT_ENTER_XSP)
                                                   ?INTERRUPT_LEAVE_XSP (?INTERRUPT_LEAVE_XSP)
           _BREG_START             00000000 
           _REGISTER_BANK_START    00000000 
           ?REGISTER_BANK          00000000        Segment part 6 (CSTARTUP)
           _FIRST_BANK_ADDR        00010000 
           _NEAR_CODE_START        00000000 
           _XDATA0_END             00001EFF 
           _XDATA0_START           00000001 
           _IXDATA0_END            00001EFF 
           _IXDATA0_START          00000001 
           _PDATA0_END             00001EFF 
           _PDATA0_START           00001E00 
           _IDATA0_END             000000FF 
           _IDATA0_START           00000000 
           ?CBANK                  0000009F        ?RESET_CODE_BANK (CSTARTUP)
                                                   Segment part 0 (?BANKED_CODE_SUPPORT)
           ?CBANK_MASK             000000FF 
           _CODEBANK_START         00008000 
           _CODEBANK_END           0000FFFF 
           _NR_OF_BANKS            00000003 
    *************************************************************************

  FILE NAME : F:\1_git_code\EPnode_OTA\CC2530 IAP\CC2530_IAP\project\Release\Obj\main.r51
  PROGRAM MODULE, NAME : main

  SEGMENTS IN THE MODULE
  ======================
<BANKED_CODE> 1 (was BANKED_CODE)
  Relative segment, address: CODE 000055E0 - 00005647 (0x68 bytes), align: 0
  Segment part 14.            Intra module refs:   system_init::?relay
           LOCAL                   ADDRESS         
           =====                   =======         
           system_init             000055E0 
               calls direct
               XSTACK = 00000000 ( 0000000C )
    -------------------------------------------------------------------------
<BANKED_CODE> 1 (was BANKED_CODE)
  Relative segment, address: CODE 00005648 - 0000564A (0x3 bytes), align: 0
  Segment part 16.            Intra module refs:   hardware_init::?relay
           LOCAL                   ADDRESS         
           =====                   =======         
           hardware_init           00005648 
    -------------------------------------------------------------------------
<BANKED_CODE> 1 (was BANKED_CODE)
  Relative segment, address: CODE 0000564B - 00005658 (0xe bytes), align: 0
  Segment part 18.            Intra module refs:   app_init::?relay
           LOCAL                   ADDRESS         
           =====                   =======         
           app_init                0000564B 
               calls direct
               ISTACK = 00000000 ( 00000002 )
    -------------------------------------------------------------------------
<BANKED_CODE> 1 (was BANKED_CODE)
  Relative segment, address: CODE 00005659 - 00005666 (0xe bytes), align: 0
  Segment part 20.
           ENTRY                   ADDRESS         REF BY
           =====                   =======         ======
           main                    00005659        ?call_main (?cmain)
               calls direct
    -------------------------------------------------------------------------
XDATA_ID
  Relative segment, address: CODE 00000097 - 0000009E (0x8 bytes), align: 0
  Segment part 7.             Intra module refs:   Segment part 6
    -------------------------------------------------------------------------
XDATA_ID
  Relative segment, address: CODE 0000009F - 000000CC (0x2e bytes), align: 0
  Segment part 9.             Intra module refs:   Segment part 8
    -------------------------------------------------------------------------
XDATA_ID
  Relative segment, address: CODE 000000CD - 000000CE (0x2 bytes), align: 0
  Segment part 11.            Intra module refs:   Segment part 10
    -------------------------------------------------------------------------
XDATA_ID
  Relative segment, address: CODE 000000CF - 000000D2 (0x4 bytes), align: 0
  Segment part 13.            Intra module refs:   __Constant_47160000
    -------------------------------------------------------------------------
BANK_RELAYS
  Relative segment, address: CODE 0000071F - 00000724 (0x6 bytes), align: 0
  Segment part 15.            Intra module refs:   main
           LOCAL                   ADDRESS         
           =====                   =======         
           system_init::?relay     0000071F 
    -------------------------------------------------------------------------
BANK_RELAYS
  Relative segment, address: CODE 00000725 - 0000072A (0x6 bytes), align: 0
  Segment part 17.            Intra module refs:   main
           LOCAL                   ADDRESS         
           =====                   =======         
           hardware_init::?relay   00000725 
    -------------------------------------------------------------------------
BANK_RELAYS
  Relative segment, address: CODE 0000072B - 00000730 (0x6 bytes), align: 0
  Segment part 19.            Intra module refs:   main
           LOCAL                   ADDRESS         
           =====                   =======         
           app_init::?relay        0000072B 
    -------------------------------------------------------------------------
XDATA_I
  Relative segment, address: XDATA 00000575 - 0000057C (0x8 bytes), align: 0
  Segment part 6.             Intra module refs:   system_init
    -------------------------------------------------------------------------
XDATA_I
  Relative segment, address: XDATA 0000057D - 000005AA (0x2e bytes), align: 0
  Segment part 8.             Intra module refs:   system_init
    -------------------------------------------------------------------------
XDATA_I
  Relative segment, address: XDATA 000005AB - 000005AC (0x2 bytes), align: 0
  Segment part 10.            Intra module refs:   system_init
    -------------------------------------------------------------------------
XDATA_I
  Relative segment, address: XDATA 000005AD - 000005B0 (0x4 bytes), align: 0
  Segment part 12.            Intra module refs:   UART_BuadCount (uart)
                                                   system_init
           ENTRY                   ADDRESS         REF BY
           =====                   =======         ======
           __Constant_47160000     000005AD 

    *************************************************************************

  FILE NAME : F:\1_git_code\EPnode_OTA\CC2530 IAP\CC2530_IAP\project\Release\Obj\shell.r51
  PROGRAM MODULE, NAME : shell

  SEGMENTS IN THE MODULE
  ======================
XDATA_I
  Relative segment, address: XDATA 000005B1 - 000005B8 (0x8 bytes), align: 0
  Segment part 6.             Intra module refs:   shell_show_history
    -------------------------------------------------------------------------
XDATA_I
  Relative segment, address: XDATA 000005B9 - 000005BE (0x6 bytes), align: 0
  Segment part 8.             Intra module refs:   shell_list_cmd
                                                   shell_tab
    -------------------------------------------------------------------------
XDATA_I
  Relative segment, address: XDATA 000005BF - 000005C5 (0x7 bytes), align: 0
  Segment part 10.            Intra module refs:   shell_tab
    -------------------------------------------------------------------------
XDATA_I
  Relative segment, address: XDATA 000005C6 - 00000629 (0x64 bytes), align: 0
  Segment part 12.            Intra module refs:   shell_backspace
    -------------------------------------------------------------------------
XDATA_I
  Relative segment, address: XDATA 0000062A - 0000068D (0x64 bytes), align: 0
  Segment part 14.            Intra module refs:   shell_getchar
    -------------------------------------------------------------------------
XDATA_I
  Relative segment, address: XDATA 0000068E - 0000069E (0x11 bytes), align: 0
  Segment part 16.            Intra module refs:   shell_parse
    -------------------------------------------------------------------------
XDATA_I
  Relative segment, address: XDATA 0000069F - 000006AD (0xf bytes), align: 0
  Segment part 18.            Intra module refs:   shell_clean_screen
    -------------------------------------------------------------------------
XDATA_I
  Relative segment, address: XDATA 000006AE - 000006BA (0xd bytes), align: 0
  Segment part 20.            Intra module refs:   shell_list_cmd
    -------------------------------------------------------------------------
XDATA_I
  Relative segment, address: XDATA 000006BB - 000006C1 (0x7 bytes), align: 0
  Segment part 22.            Intra module refs:   shell_list_cmd
    -------------------------------------------------------------------------
XDATA_I
  Relative segment, address: XDATA 000006C2 - 000006C9 (0x8 bytes), align: 0
  Segment part 24.            Intra module refs:   shell_version
    -------------------------------------------------------------------------
XDATA_I
  Relative segment, address: XDATA 000006CA - 000006D0 (0x7 bytes), align: 0
  Segment part 26.            Intra module refs:   shell_version
    -------------------------------------------------------------------------
XDATA_I
  Relative segment, address: XDATA 000006D1 - 000006D3 (0x3 bytes), align: 0
  Segment part 28.            Intra module refs:   cmdline_gets
                                                   confirm_gets
    -------------------------------------------------------------------------
XDATA_I
  Relative segment, address: XDATA 000006D4 - 000006D8 (0x5 bytes), align: 0
  Segment part 30.            Intra module refs:   cmdline_gets
    -------------------------------------------------------------------------
XDATA_I
  Relative segment, address: XDATA 000006D9 - 000006DF (0x7 bytes), align: 0
  Segment part 32.            Intra module refs:   cmdline_gets
    -------------------------------------------------------------------------
XDATA_I
  Relative segment, address: XDATA 000006E0 - 000006E1 (0x2 bytes), align: 0
  Segment part 34.            Intra module refs:   cmdline_gets
    -------------------------------------------------------------------------
XDATA_I
  Relative segment, address: XDATA 000006E2 - 000006E5 (0x4 bytes), align: 0
  Segment part 36.            Intra module refs:   confirm_gets
    -------------------------------------------------------------------------
XDATA_I
  Relative segment, address: XDATA 000006E6 - 000006FD (0x18 bytes), align: 0
  Segment part 38.            Intra module refs:   confirm_gets
    -------------------------------------------------------------------------
XDATA_I
  Relative segment, address: XDATA 000006FE - 00000707 (0xa bytes), align: 0
  Segment part 40.            Intra module refs:   shell_confirm
    -------------------------------------------------------------------------
XDATA_I
  Relative segment, address: XDATA 00000708 - 0000070C (0x5 bytes), align: 0
  Segment part 42.            Intra module refs:   shell_init
    -------------------------------------------------------------------------
XDATA_I
  Relative segment, address: XDATA 0000070D - 0000071A (0xe bytes), align: 0
  Segment part 44.            Intra module refs:   shell_init
    -------------------------------------------------------------------------
XDATA_I
  Relative segment, address: XDATA 0000071B - 00000720 (0x6 bytes), align: 0
  Segment part 46.            Intra module refs:   shell_init
    -------------------------------------------------------------------------
XDATA_I
  Relative segment, address: XDATA 00000721 - 0000072B (0xb bytes), align: 0
  Segment part 48.            Intra module refs:   shell_init
    -------------------------------------------------------------------------
XDATA_I
  Relative segment, address: XDATA 0000072C - 0000082B (0x100 bytes), align: 0
  Segment part 50.            Intra module refs:   _shell_register
                                                   shell_parse
           LOCAL                   ADDRESS         
           =====                   =======         
           F_CRC8_Table            0000072C 
    -------------------------------------------------------------------------
XDATA_I
  Relative segment, address: XDATA 0000082C - 0000092B (0x100 bytes), align: 0
  Segment part 52.            Intra module refs:   _shell_register
                                                   shell_parse
           LOCAL                   ADDRESS         
           =====                   =======         
           B_CRC8_Table            0000082C 
    -------------------------------------------------------------------------
XDATA_Z
  Relative segment, address: XDATA 00000301 - 00000302 (0x2 bytes), align: 0
  Segment part 54.            Intra module refs:   _shell_register
                                                   checkout
                                                   cmdline_gets
                                                   shell_list_cmd
           LOCAL                   ADDRESS         
           =====                   =======         
           shellcmdroot            00000301 
    -------------------------------------------------------------------------
XDATA_I
  Relative segment, address: XDATA 0000092C - 0000095D (0x32 bytes), align: 0
  Segment part 55.            Intra module refs:   shell_init
                                                   shell_input_init
           ENTRY                   ADDRESS         REF BY
           =====                   =======         ======
           DEFAULT_INPUTSIGN       0000092C 
    -------------------------------------------------------------------------
<BANKED_CODE> 1 (was BANKED_CODE)
  Relative segment, address: CODE 00001607 - 00001664 (0x5e bytes), align: 0
  Segment part 107.           Intra module refs:   shell_search_cmd::?relay
           LOCAL                   ADDRESS         
           =====                   =======         
           shell_search_cmd        00001607 
               XSTACK = 0000002C ( 0000000C )
    -------------------------------------------------------------------------
<BANKED_CODE> 1 (was BANKED_CODE)
  Relative segment, address: CODE 00001665 - 00001708 (0xa4 bytes), align: 0
  Segment part 109.           Intra module refs:   shell_insert_cmd::?relay
           LOCAL                   ADDRESS         
           =====                   =======         
           shell_insert_cmd        00001665 
               XSTACK = 00000024 ( 0000000C )
    -------------------------------------------------------------------------
<BANKED_CODE> 1 (was BANKED_CODE)
  Relative segment, address: CODE 00001709 - 00001920 (0x218 bytes), align: 0
  Segment part 111.           Intra module refs:   checkout::?relay
           LOCAL                   ADDRESS         
           =====                   =======         
           checkout                00001709 
               calls direct
               XSTACK = 00000032 ( 00000020 )
    -------------------------------------------------------------------------
<BANKED_CODE> 1 (was BANKED_CODE)
  Relative segment, address: CODE 00001921 - 000019E6 (0xc6 bytes), align: 0
  Segment part 113.           Intra module refs:   shell_record::?relay
           LOCAL                   ADDRESS         
           =====                   =======         
           shell_record            00001921 
               calls direct
               XSTACK = 00000010 ( 0000000E )
               ISTACK = 00000000 ( 00000001 )
    -------------------------------------------------------------------------
<BANKED_CODE> 1 (was BANKED_CODE)
  Relative segment, address: CODE 000019E7 - 00001BAA (0x1c4 bytes), align: 0
  Segment part 115.           Intra module refs:   shell_show_history::?relay
           LOCAL                   ADDRESS         
           =====                   =======         
           shell_show_history      000019E7 
               calls direct
               XSTACK = 00000014 ( 00000011 )
               ISTACK = 00000000 ( 00000001 )
    -------------------------------------------------------------------------
<BANKED_CODE> 1 (was BANKED_CODE)
  Relative segment, address: CODE 00001BAB - 00001F34 (0x38a bytes), align: 0
  Segment part 117.           Intra module refs:   shell_tab::?relay
           LOCAL                   ADDRESS         
           =====                   =======         
           shell_tab               00001BAB 
               calls direct
               XSTACK = 00000010 ( 00000032 )
               ISTACK = 00000000 ( 00000001 )
    -------------------------------------------------------------------------
<BANKED_CODE> 1 (was BANKED_CODE)
  Relative segment, address: CODE 00001F35 - 000020B3 (0x17f bytes), align: 0
  Segment part 119.           Intra module refs:   shell_backspace::?relay
           LOCAL                   ADDRESS         
           =====                   =======         
           shell_backspace         00001F35 
               XSTACK = 00000010 ( 00000071 )
               ISTACK = 00000000 ( 00000001 )
    -------------------------------------------------------------------------
<BANKED_CODE> 1 (was BANKED_CODE)
  Relative segment, address: CODE 000020B4 - 000022F2 (0x23f bytes), align: 0
  Segment part 121.           Intra module refs:   shell_getchar::?relay
           LOCAL                   ADDRESS         
           =====                   =======         
           shell_getchar           000020B4 
               XSTACK = 0000002A ( 00000072 )
               ISTACK = 00000000 ( 00000001 )
    -------------------------------------------------------------------------
<BANKED_CODE> 1 (was BANKED_CODE)
  Relative segment, address: CODE 000022F3 - 00002672 (0x380 bytes), align: 0
  Segment part 123.           Intra module refs:   shell_parse::?relay
           LOCAL                   ADDRESS         
           =====                   =======         
           shell_parse             000022F3 
               calls direct
               XSTACK = 00000010 ( 0000002C )
    -------------------------------------------------------------------------
<BANKED_CODE> 1 (was BANKED_CODE)
  Relative segment, address: CODE 00002673 - 000026B2 (0x40 bytes), align: 0
  Segment part 125.           Intra module refs:   shell_clean_screen::?relay
           LOCAL                   ADDRESS         
           =====                   =======         
           shell_clean_screen      00002673 
               calls direct, is indirectly called
               XSTACK = 00000000 ( 00000010 )
    -------------------------------------------------------------------------
<BANKED_CODE> 1 (was BANKED_CODE)
  Relative segment, address: CODE 000026B3 - 000027C0 (0x10e bytes), align: 0
  Segment part 127.           Intra module refs:   shell_list_cmd::?relay
           LOCAL                   ADDRESS         
           =====                   =======         
           shell_list_cmd          000026B3 
               calls direct, is indirectly called
               XSTACK = 00000000 ( 00000018 )
    -------------------------------------------------------------------------
<BANKED_CODE> 1 (was BANKED_CODE)
  Relative segment, address: CODE 000027C1 - 000027E1 (0x21 bytes), align: 0
  Segment part 129.           Intra module refs:   shell_version::?relay
           LOCAL                   ADDRESS         
           =====                   =======         
           shell_version           000027C1 
               calls direct, is indirectly called
               XSTACK = 00000000 ( 0000000C )
    -------------------------------------------------------------------------
<BANKED_CODE> 1 (was BANKED_CODE)
  Relative segment, address: CODE 000027E2 - 0000287A (0x99 bytes), align: 0
  Segment part 131.           Intra module refs:   shell_debug_stream::?relay
           LOCAL                   ADDRESS         
           =====                   =======         
           shell_debug_stream      000027E2 
               calls direct, is indirectly called
               XSTACK = 00000000 ( 0000000E )
    -------------------------------------------------------------------------
XDATA_I
  Relative segment, address: XDATA 0000095E - 00000983 (0x26 bytes), align: 0
  Segment part 57.            Intra module refs:   shell_debug_stream
           LOCAL                   ADDRESS         
           =====                   =======         
           shell_debug_stream::closemsg
                                   0000095E 
    -------------------------------------------------------------------------
XDATA_I
  Relative segment, address: XDATA 00000984 - 000009A0 (0x1d bytes), align: 0
  Segment part 59.            Intra module refs:   shell_debug_stream
           LOCAL                   ADDRESS         
           =====                   =======         
           shell_debug_stream::openmsg
                                   00000984 
    -------------------------------------------------------------------------
<BANKED_CODE> 1 (was BANKED_CODE)
  Relative segment, address: CODE 0000287B - 00002B36 (0x2bc bytes), align: 0
  Segment part 133.           Intra module refs:   _shell_register::?relay
           ENTRY                   ADDRESS         REF BY
           =====                   =======         ======
           _shell_register         0000287B 
               calls direct
               XSTACK = 0000000C ( 00000024 )
    -------------------------------------------------------------------------
<BANKED_CODE> 1 (was BANKED_CODE)
  Relative segment, address: CODE 00002B37 - 00002D9E (0x268 bytes), align: 0
  Segment part 137.           Intra module refs:   cmdline_param::?relay
           ENTRY                   ADDRESS         REF BY
           =====                   =======         ======
           cmdline_param           00002B37 
               XSTACK = 0000000E ( 0000000F )
    -------------------------------------------------------------------------
<BANKED_CODE> 1 (was BANKED_CODE)
  Relative segment, address: CODE 00002D9F - 00002DF5 (0x57 bytes), align: 0
  Segment part 139.           Intra module refs:   welcome_gets::?relay
           ENTRY                   ADDRESS         REF BY
           =====                   =======         ======
           welcome_gets            00002D9F 
               calls direct, is indirectly called
               XSTACK = 00000002 ( 0000000C )
    -------------------------------------------------------------------------
XDATA_I
  Relative segment, address: XDATA 000009A1 - 00000AFF (0x15f bytes), align: 0
  Segment part 61.            Intra module refs:   welcome_gets
           LOCAL                   ADDRESS         
           =====                   =======         
           welcome_gets::consolologo
                                   000009A1 
    -------------------------------------------------------------------------
XDATA_I
  Relative segment, address: XDATA 00000B00 - 00000B03 (0x4 bytes), align: 0
  Segment part 67.            Intra module refs:   _shell_register
                                                   checkout
                                                   cmdline_gets
                                                   log (?log)
                                                   shell_parse
                                                   shell_show_history
                                                   shell_tab
           ENTRY                   ADDRESS         REF BY
           =====                   =======         ======
           __Constant_1            00000B00 
    -------------------------------------------------------------------------
XDATA_I
  Relative segment, address: XDATA 00000B04 - 00000B07 (0x4 bytes), align: 0
  Segment part 69.            Intra module refs:   shell_tab
           ENTRY                   ADDRESS         REF BY
           =====                   =======         ======
           __Constant_ffffffff     00000B04 
    -------------------------------------------------------------------------
XDATA_I
  Relative segment, address: XDATA 00000B08 - 00000B0B (0x4 bytes), align: 0
  Segment part 71.            Intra module refs:   shell_tab
           ENTRY                   ADDRESS         REF BY
           =====                   =======         ======
           __Constant_a            00000B08 
    -------------------------------------------------------------------------
XDATA_I
  Relative segment, address: XDATA 00000B0C - 00000B0F (0x4 bytes), align: 0
  Segment part 73.            Intra module refs:   _shell_register
                                                   shell_parse
           ENTRY                   ADDRESS         REF BY
           =====                   =======         ======
           __Constant_3ffffff      00000B0C 
    -------------------------------------------------------------------------
XDATA_I
  Relative segment, address: XDATA 00000B10 - 00000B13 (0x4 bytes), align: 0
  Segment part 75.            Intra module refs:   _shell_register
                                                   shell_parse
           ENTRY                   ADDRESS         REF BY
           =====                   =======         ======
           __Constant_fc1fffff     00000B10 
    -------------------------------------------------------------------------
XDATA_I
  Relative segment, address: XDATA 00000B14 - 00000B17 (0x4 bytes), align: 0
  Segment part 77.            Intra module refs:   _shell_register
                                                   shell_parse
           ENTRY                   ADDRESS         REF BY
           =====                   =======         ======
           __Constant_3e00000      00000B14 
    -------------------------------------------------------------------------
XDATA_I
  Relative segment, address: XDATA 00000B18 - 00000B1B (0x4 bytes), align: 0
  Segment part 79.            Intra module refs:   _shell_register
                                                   shell_parse
           ENTRY                   ADDRESS         REF BY
           =====                   =======         ======
           __Constant_ffe0ffff     00000B18 
    -------------------------------------------------------------------------
XDATA_I
  Relative segment, address: XDATA 00000B1C - 00000B1F (0x4 bytes), align: 0
  Segment part 81.            Intra module refs:   _shell_register
                                                   shell_parse
           ENTRY                   ADDRESS         REF BY
           =====                   =======         ======
           __Constant_1f0000       00000B1C 
    -------------------------------------------------------------------------
XDATA_I
  Relative segment, address: XDATA 00000B20 - 00000B23 (0x4 bytes), align: 0
  Segment part 83.            Intra module refs:   _shell_register
                                                   shell_parse
           ENTRY                   ADDRESS         REF BY
           =====                   =======         ======
           __Constant_ffff00ff     00000B20 
    -------------------------------------------------------------------------
XDATA_I
  Relative segment, address: XDATA 00000B24 - 00000B27 (0x4 bytes), align: 0
  Segment part 85.            Intra module refs:   _shell_register
                                                   shell_parse
           ENTRY                   ADDRESS         REF BY
           =====                   =======         ======
           __Constant_ff00         00000B24 
    -------------------------------------------------------------------------
XDATA_I
  Relative segment, address: XDATA 00000B28 - 00000B2B (0x4 bytes), align: 0
  Segment part 87.            Intra module refs:   _shell_register
                                                   shell_parse
           ENTRY                   ADDRESS         REF BY
           =====                   =======         ======
           __Constant_ffffff00     00000B28 
    -------------------------------------------------------------------------
XDATA_I
  Relative segment, address: XDATA 00000B2C - 00000B2F (0x4 bytes), align: 0
  Segment part 89.            Intra module refs:   _shell_register
                                                   shell_parse
           ENTRY                   ADDRESS         REF BY
           =====                   =======         ======
           __Constant_ff           00000B2C 
    -------------------------------------------------------------------------
XDATA_I
  Relative segment, address: XDATA 00000B30 - 00000B33 (0x4 bytes), align: 0
  Segment part 91.            Intra module refs:   shell_parse
           ENTRY                   ADDRESS         REF BY
           =====                   =======         ======
           __Constant_87654321     00000B30 
    -------------------------------------------------------------------------
XDATA_I
  Relative segment, address: XDATA 00000B34 - 00000B37 (0x4 bytes), align: 0
  Segment part 93.            Intra module refs:   shell_list_cmd
           ENTRY                   ADDRESS         REF BY
           =====                   =======         ======
           __Constant_fc000000     00000B34 
    -------------------------------------------------------------------------
XDATA_I
  Relative segment, address: XDATA 00000B38 - 00000B3B (0x4 bytes), align: 0
  Segment part 95.            Intra module refs:   shell_list_cmd
           ENTRY                   ADDRESS         REF BY
           =====                   =======         ======
           __Constant_40           00000B38 
    -------------------------------------------------------------------------
XDATA_I
  Relative segment, address: XDATA 00000B3C - 00000B3F (0x4 bytes), align: 0
  Segment part 97.            Intra module refs:   cmdline_gets
                                                   exp (?exp)
                                                   float2string (ustdio)
                                                   floor (?floor)
                                                   frexp (?frexp)
                                                   log (?log)
                                                   number (ustdio)
                                                   pow (?pow)
           ENTRY                   ADDRESS         REF BY
           =====                   =======         ======
           __Constant_0            00000B3C 
    -------------------------------------------------------------------------
XDATA_I
  Relative segment, address: XDATA 00000B40 - 00000B43 (0x4 bytes), align: 0
  Segment part 99.            Intra module refs:   shell_input_init
           ENTRY                   ADDRESS         REF BY
           =====                   =======         ======
           __Constant_abcd4322     00000B40 
    -------------------------------------------------------------------------
XDATA_I
  Relative segment, address: XDATA 00000B44 - 00000B47 (0x4 bytes), align: 0
  Segment part 101.           Intra module refs:   shell_input_init
           ENTRY                   ADDRESS         REF BY
           =====                   =======         ======
           __Constant_fffffff0     00000B44 
    -------------------------------------------------------------------------
XDATA_I
  Relative segment, address: XDATA 00000B48 - 00000B4B (0x4 bytes), align: 0
  Segment part 103.           Intra module refs:   shell_input_init
           ENTRY                   ADDRESS         REF BY
           =====                   =======         ======
           __Constant_abcd4320     00000B48 
    -------------------------------------------------------------------------
XDATA_I
  Relative segment, address: XDATA 00000B4C - 00000B4F (0x4 bytes), align: 0
  Segment part 105.           Intra module refs:   shell_input_init
           ENTRY                   ADDRESS         REF BY
           =====                   =======         ======
           __Constant_abcd4321     00000B4C 
    -------------------------------------------------------------------------
<BANKED_CODE> 1 (was BANKED_CODE)
  Relative segment, address: CODE 00002DF6 - 0000303E (0x249 bytes), align: 0
  Segment part 141.           Intra module refs:   cmdline_gets::?relay
           ENTRY                   ADDRESS         REF BY
           =====                   =======         ======
           cmdline_gets            00002DF6 
               calls direct, is indirectly called
               XSTACK = 0000000C ( 00000014 )
               ISTACK = 00000000 ( 00000001 )
    -------------------------------------------------------------------------
<BANKED_CODE> 1 (was BANKED_CODE)
  Relative segment, address: CODE 0000303F - 000031A8 (0x16a bytes), align: 0
  Segment part 143.           Intra module refs:   confirm_gets::?relay
           LOCAL                   ADDRESS         
           =====                   =======         
           confirm_gets            0000303F 
               calls direct, is indirectly called
               XSTACK = 00000002 ( 00000010 )
               ISTACK = 00000000 ( 00000001 )
    -------------------------------------------------------------------------
<BANKED_CODE> 1 (was BANKED_CODE)
  Relative segment, address: CODE 000031A9 - 00003201 (0x59 bytes), align: 0
  Segment part 145.           Intra module refs:   shell_confirm::?relay
           ENTRY                   ADDRESS         REF BY
           =====                   =======         ======
           shell_confirm           000031A9 
               calls direct
               XSTACK = 0000002A ( 0000000C )
    -------------------------------------------------------------------------
<BANKED_CODE> 1 (was BANKED_CODE)
  Relative segment, address: CODE 00003202 - 000033CE (0x1cd bytes), align: 0
  Segment part 147.           Intra module refs:   shell_input_init::?relay
           ENTRY                   ADDRESS         REF BY
           =====                   =======         ======
           shell_input_init        00003202 
               calls direct
               XSTACK = 00000000 ( 00000016 )
               ISTACK = 00000000 ( 00000002 )
    -------------------------------------------------------------------------
<BANKED_CODE> 1 (was BANKED_CODE)
  Relative segment, address: CODE 000033CF - 00003477 (0xa9 bytes), align: 0
  Segment part 149.           Intra module refs:   shell_init::?relay
           ENTRY                   ADDRESS         REF BY
           =====                   =======         ======
           shell_init              000033CF 
               calls direct
               XSTACK = 00000000 ( 0000000C )
    -------------------------------------------------------------------------
XDATA_Z
  Relative segment, address: XDATA 00000303 - 0000030C (0xa bytes), align: 0
  Segment part 63.            Intra module refs:   shell_init
           LOCAL                   ADDRESS         
           =====                   =======         
           shell_init{1}::newcmd   00000303 
    -------------------------------------------------------------------------
XDATA_Z
  Relative segment, address: XDATA 0000030D - 00000316 (0xa bytes), align: 0
  Segment part 64.            Intra module refs:   shell_init
           LOCAL                   ADDRESS         
           =====                   =======         
           shell_init{2}::newcmd   0000030D 
    -------------------------------------------------------------------------
XDATA_Z
  Relative segment, address: XDATA 00000317 - 00000320 (0xa bytes), align: 0
  Segment part 65.            Intra module refs:   shell_init
           LOCAL                   ADDRESS         
           =====                   =======         
           shell_init{3}::newcmd   00000317 
    -------------------------------------------------------------------------
XDATA_Z
  Relative segment, address: XDATA 00000321 - 0000032A (0xa bytes), align: 0
  Segment part 66.            Intra module refs:   shell_init
           LOCAL                   ADDRESS         
           =====                   =======         
           shell_init{4}::newcmd   00000321 
    -------------------------------------------------------------------------
XDATA_ID
  Relative segment, address: CODE 000000D3 - 000000DA (0x8 bytes), align: 0
  Segment part 7.             Intra module refs:   Segment part 6
    -------------------------------------------------------------------------
XDATA_ID
  Relative segment, address: CODE 000000DB - 000000E0 (0x6 bytes), align: 0
  Segment part 9.             Intra module refs:   Segment part 8
    -------------------------------------------------------------------------
XDATA_ID
  Relative segment, address: CODE 000000E1 - 000000E7 (0x7 bytes), align: 0
  Segment part 11.            Intra module refs:   Segment part 10
    -------------------------------------------------------------------------
XDATA_ID
  Relative segment, address: CODE 000000E8 - 0000014B (0x64 bytes), align: 0
  Segment part 13.            Intra module refs:   Segment part 12
    -------------------------------------------------------------------------
XDATA_ID
  Relative segment, address: CODE 0000014C - 000001AF (0x64 bytes), align: 0
  Segment part 15.            Intra module refs:   Segment part 14
    -------------------------------------------------------------------------
XDATA_ID
  Relative segment, address: CODE 000001B0 - 000001C0 (0x11 bytes), align: 0
  Segment part 17.            Intra module refs:   Segment part 16
    -------------------------------------------------------------------------
XDATA_ID
  Relative segment, address: CODE 000001C1 - 000001CF (0xf bytes), align: 0
  Segment part 19.            Intra module refs:   Segment part 18
    -------------------------------------------------------------------------
XDATA_ID
  Relative segment, address: CODE 000001D0 - 000001DC (0xd bytes), align: 0
  Segment part 21.            Intra module refs:   Segment part 20
    -------------------------------------------------------------------------
XDATA_ID
  Relative segment, address: CODE 000001DD - 000001E3 (0x7 bytes), align: 0
  Segment part 23.            Intra module refs:   Segment part 22
    -------------------------------------------------------------------------
XDATA_ID
  Relative segment, address: CODE 000001E4 - 000001EB (0x8 bytes), align: 0
  Segment part 25.            Intra module refs:   Segment part 24
    -------------------------------------------------------------------------
XDATA_ID
  Relative segment, address: CODE 000001EC - 000001F2 (0x7 bytes), align: 0
  Segment part 27.            Intra module refs:   Segment part 26
    -------------------------------------------------------------------------
XDATA_ID
  Relative segment, address: CODE 000001F3 - 000001F5 (0x3 bytes), align: 0
  Segment part 29.            Intra module refs:   Segment part 28
    -------------------------------------------------------------------------
XDATA_ID
  Relative segment, address: CODE 000001F6 - 000001FA (0x5 bytes), align: 0
  Segment part 31.            Intra module refs:   Segment part 30
    -------------------------------------------------------------------------
XDATA_ID
  Relative segment, address: CODE 000001FB - 00000201 (0x7 bytes), align: 0
  Segment part 33.            Intra module refs:   Segment part 32
    -------------------------------------------------------------------------
XDATA_ID
  Relative segment, address: CODE 00000202 - 00000203 (0x2 bytes), align: 0
  Segment part 35.            Intra module refs:   Segment part 34
    -------------------------------------------------------------------------
XDATA_ID
  Relative segment, address: CODE 00000204 - 00000207 (0x4 bytes), align: 0
  Segment part 37.            Intra module refs:   Segment part 36
    -------------------------------------------------------------------------
XDATA_ID
  Relative segment, address: CODE 00000208 - 0000021F (0x18 bytes), align: 0
  Segment part 39.            Intra module refs:   Segment part 38
    -------------------------------------------------------------------------
XDATA_ID
  Relative segment, address: CODE 00000220 - 00000229 (0xa bytes), align: 0
  Segment part 41.            Intra module refs:   Segment part 40
    -------------------------------------------------------------------------
XDATA_ID
  Relative segment, address: CODE 0000022A - 0000022E (0x5 bytes), align: 0
  Segment part 43.            Intra module refs:   Segment part 42
    -------------------------------------------------------------------------
XDATA_ID
  Relative segment, address: CODE 0000022F - 0000023C (0xe bytes), align: 0
  Segment part 45.            Intra module refs:   Segment part 44
    -------------------------------------------------------------------------
XDATA_ID
  Relative segment, address: CODE 0000023D - 00000242 (0x6 bytes), align: 0
  Segment part 47.            Intra module refs:   Segment part 46
    -------------------------------------------------------------------------
XDATA_ID
  Relative segment, address: CODE 00000243 - 0000024D (0xb bytes), align: 0
  Segment part 49.            Intra module refs:   Segment part 48
    -------------------------------------------------------------------------
XDATA_ID
  Relative segment, address: CODE 0000024E - 0000034D (0x100 bytes), align: 0
  Segment part 51.            Intra module refs:   F_CRC8_Table
    -------------------------------------------------------------------------
XDATA_ID
  Relative segment, address: CODE 0000034E - 0000044D (0x100 bytes), align: 0
  Segment part 53.            Intra module refs:   B_CRC8_Table
    -------------------------------------------------------------------------
XDATA_ID
  Relative segment, address: CODE 0000044E - 0000047F (0x32 bytes), align: 0
  Segment part 56.            Intra module refs:   DEFAULT_INPUTSIGN
    -------------------------------------------------------------------------
XDATA_ID
  Relative segment, address: CODE 00000480 - 000004A5 (0x26 bytes), align: 0
  Segment part 58.            Intra module refs:   shell_debug_stream::closemsg
    -------------------------------------------------------------------------
XDATA_ID
  Relative segment, address: CODE 000004A6 - 000004C2 (0x1d bytes), align: 0
  Segment part 60.            Intra module refs:   shell_debug_stream::openmsg
    -------------------------------------------------------------------------
XDATA_ID
  Relative segment, address: CODE 000004C3 - 00000621 (0x15f bytes), align: 0
  Segment part 62.            Intra module refs:   welcome_gets::consolologo
    -------------------------------------------------------------------------
XDATA_ID
  Relative segment, address: CODE 00000622 - 00000625 (0x4 bytes), align: 0
  Segment part 68.            Intra module refs:   __Constant_1
    -------------------------------------------------------------------------
XDATA_ID
  Relative segment, address: CODE 00000626 - 00000629 (0x4 bytes), align: 0
  Segment part 70.            Intra module refs:   __Constant_ffffffff
    -------------------------------------------------------------------------
XDATA_ID
  Relative segment, address: CODE 0000062A - 0000062D (0x4 bytes), align: 0
  Segment part 72.            Intra module refs:   __Constant_a
    -------------------------------------------------------------------------
XDATA_ID
  Relative segment, address: CODE 0000062E - 00000631 (0x4 bytes), align: 0
  Segment part 74.            Intra module refs:   __Constant_3ffffff
    -------------------------------------------------------------------------
XDATA_ID
  Relative segment, address: CODE 00000632 - 00000635 (0x4 bytes), align: 0
  Segment part 76.            Intra module refs:   __Constant_fc1fffff
    -------------------------------------------------------------------------
XDATA_ID
  Relative segment, address: CODE 00000636 - 00000639 (0x4 bytes), align: 0
  Segment part 78.            Intra module refs:   __Constant_3e00000
    -------------------------------------------------------------------------
XDATA_ID
  Relative segment, address: CODE 0000063A - 0000063D (0x4 bytes), align: 0
  Segment part 80.            Intra module refs:   __Constant_ffe0ffff
    -------------------------------------------------------------------------
XDATA_ID
  Relative segment, address: CODE 0000063E - 00000641 (0x4 bytes), align: 0
  Segment part 82.            Intra module refs:   __Constant_1f0000
    -------------------------------------------------------------------------
XDATA_ID
  Relative segment, address: CODE 00000642 - 00000645 (0x4 bytes), align: 0
  Segment part 84.            Intra module refs:   __Constant_ffff00ff
    -------------------------------------------------------------------------
XDATA_ID
  Relative segment, address: CODE 00000646 - 00000649 (0x4 bytes), align: 0
  Segment part 86.            Intra module refs:   __Constant_ff00
    -------------------------------------------------------------------------
XDATA_ID
  Relative segment, address: CODE 0000064A - 0000064D (0x4 bytes), align: 0
  Segment part 88.            Intra module refs:   __Constant_ffffff00
    -------------------------------------------------------------------------
XDATA_ID
  Relative segment, address: CODE 0000064E - 00000651 (0x4 bytes), align: 0
  Segment part 90.            Intra module refs:   __Constant_ff
    -------------------------------------------------------------------------
XDATA_ID
  Relative segment, address: CODE 00000652 - 00000655 (0x4 bytes), align: 0
  Segment part 92.            Intra module refs:   __Constant_87654321
    -------------------------------------------------------------------------
XDATA_ID
  Relative segment, address: CODE 00000656 - 00000659 (0x4 bytes), align: 0
  Segment part 94.            Intra module refs:   __Constant_fc000000
    -------------------------------------------------------------------------
XDATA_ID
  Relative segment, address: CODE 0000065A - 0000065D (0x4 bytes), align: 0
  Segment part 96.            Intra module refs:   __Constant_40
    -------------------------------------------------------------------------
XDATA_ID
  Relative segment, address: CODE 0000065E - 00000661 (0x4 bytes), align: 0
  Segment part 98.            Intra module refs:   __Constant_0
    -------------------------------------------------------------------------
XDATA_ID
  Relative segment, address: CODE 00000662 - 00000665 (0x4 bytes), align: 0
  Segment part 100.           Intra module refs:   __Constant_abcd4322
    -------------------------------------------------------------------------
XDATA_ID
  Relative segment, address: CODE 00000666 - 00000669 (0x4 bytes), align: 0
  Segment part 102.           Intra module refs:   __Constant_fffffff0
    -------------------------------------------------------------------------
XDATA_ID
  Relative segment, address: CODE 0000066A - 0000066D (0x4 bytes), align: 0
  Segment part 104.           Intra module refs:   __Constant_abcd4320
    -------------------------------------------------------------------------
XDATA_ID
  Relative segment, address: CODE 0000066E - 00000671 (0x4 bytes), align: 0
  Segment part 106.           Intra module refs:   __Constant_abcd4321
    -------------------------------------------------------------------------
BANK_RELAYS
  Relative segment, address: CODE 00000731 - 00000736 (0x6 bytes), align: 0
  Segment part 108.           Intra module refs:   shell_parse
           LOCAL                   ADDRESS         
           =====                   =======         
           shell_search_cmd::?relay
                                   00000731 
    -------------------------------------------------------------------------
BANK_RELAYS
  Relative segment, address: CODE 00000737 - 0000073C (0x6 bytes), align: 0
  Segment part 110.           Intra module refs:   _shell_register
           LOCAL                   ADDRESS         
           =====                   =======         
           shell_insert_cmd::?relay
                                   00000737 
    -------------------------------------------------------------------------
BANK_RELAYS
  Relative segment, address: CODE 0000073D - 00000742 (0x6 bytes), align: 0
  Segment part 112.           Intra module refs:   shell_tab
           LOCAL                   ADDRESS         
           =====                   =======         
           checkout::?relay        0000073D 
    -------------------------------------------------------------------------
BANK_RELAYS
  Relative segment, address: CODE 00000743 - 00000748 (0x6 bytes), align: 0
  Segment part 114.           Intra module refs:   cmdline_gets
           LOCAL                   ADDRESS         
           =====                   =======         
           shell_record::?relay    00000743 
    -------------------------------------------------------------------------
BANK_RELAYS
  Relative segment, address: CODE 00000749 - 0000074E (0x6 bytes), align: 0
  Segment part 116.           Intra module refs:   cmdline_gets
           LOCAL                   ADDRESS         
           =====                   =======         
           shell_show_history::?relay
                                   00000749 
    -------------------------------------------------------------------------
BANK_RELAYS
  Relative segment, address: CODE 0000074F - 00000754 (0x6 bytes), align: 0
  Segment part 118.           Intra module refs:   cmdline_gets
           LOCAL                   ADDRESS         
           =====                   =======         
           shell_tab::?relay       0000074F 
    -------------------------------------------------------------------------
BANK_RELAYS
  Relative segment, address: CODE 00000755 - 0000075A (0x6 bytes), align: 0
  Segment part 120.           Intra module refs:   cmdline_gets
           LOCAL                   ADDRESS         
           =====                   =======         
           shell_backspace::?relay
                                   00000755 
    -------------------------------------------------------------------------
BANK_RELAYS
  Relative segment, address: CODE 0000075B - 00000760 (0x6 bytes), align: 0
  Segment part 122.           Intra module refs:   cmdline_gets
                                                   shell_tab
           LOCAL                   ADDRESS         
           =====                   =======         
           shell_getchar::?relay   0000075B 
    -------------------------------------------------------------------------
BANK_RELAYS
  Relative segment, address: CODE 00000761 - 00000766 (0x6 bytes), align: 0
  Segment part 124.           Intra module refs:   cmdline_gets
           LOCAL                   ADDRESS         
           =====                   =======         
           shell_parse::?relay     00000761 
    -------------------------------------------------------------------------
BANK_RELAYS
  Relative segment, address: CODE 00000767 - 0000076C (0x6 bytes), align: 0
  Segment part 126.           Intra module refs:   shell_init
           LOCAL                   ADDRESS         
           =====                   =======         
           shell_clean_screen::?relay
                                   00000767 
    -------------------------------------------------------------------------
BANK_RELAYS
  Relative segment, address: CODE 0000076D - 00000772 (0x6 bytes), align: 0
  Segment part 128.           Intra module refs:   shell_init
           LOCAL                   ADDRESS         
           =====                   =======         
           shell_list_cmd::?relay
                                   0000076D 
    -------------------------------------------------------------------------
BANK_RELAYS
  Relative segment, address: CODE 00000773 - 00000778 (0x6 bytes), align: 0
  Segment part 130.           Intra module refs:   shell_init
           LOCAL                   ADDRESS         
           =====                   =======         
           shell_version::?relay   00000773 
    -------------------------------------------------------------------------
BANK_RELAYS
  Relative segment, address: CODE 00000779 - 0000077E (0x6 bytes), align: 0
  Segment part 132.           Intra module refs:   shell_init
           LOCAL                   ADDRESS         
           =====                   =======         
           shell_debug_stream::?relay
                                   00000779 
    -------------------------------------------------------------------------
BANK_RELAYS
  Relative segment, address: CODE 0000077F - 00000784 (0x6 bytes), align: 0
  Segment part 134.           Intra module refs:   shell_init
           ENTRY                   ADDRESS         REF BY
           =====                   =======         ======
           _shell_register::?relay
                                   0000077F        register_user_cmd (user_cmd)
    -------------------------------------------------------------------------
BANK_RELAYS
  Relative segment, address: CODE 00000785 - 0000078A (0x6 bytes), align: 0
  Segment part 138.           Intra module refs:   shell_debug_stream
           ENTRY                   ADDRESS         REF BY
           =====                   =======         ======
           cmdline_param::?relay   00000785 
    -------------------------------------------------------------------------
BANK_RELAYS
  Relative segment, address: CODE 0000078B - 00000790 (0x6 bytes), align: 0
  Segment part 140.           Intra module refs:   shell_input_init
           ENTRY                   ADDRESS         REF BY
           =====                   =======         ======
           welcome_gets::?relay    0000078B        system_init (main)
    -------------------------------------------------------------------------
BANK_RELAYS
  Relative segment, address: CODE 00000791 - 00000796 (0x6 bytes), align: 0
  Segment part 142.           Intra module refs:   confirm_gets
                                                   shell_input_init
                                                   welcome_gets
           ENTRY                   ADDRESS         REF BY
           =====                   =======         ======
           cmdline_gets::?relay    00000791        system_init (main)
    -------------------------------------------------------------------------
BANK_RELAYS
  Relative segment, address: CODE 00000797 - 0000079C (0x6 bytes), align: 0
  Segment part 144.           Intra module refs:   shell_confirm
           LOCAL                   ADDRESS         
           =====                   =======         
           confirm_gets::?relay    00000797 
    -------------------------------------------------------------------------
BANK_RELAYS
  Relative segment, address: CODE 0000079D - 000007A2 (0x6 bytes), align: 0
  Segment part 146.           Intra module refs:   shell_parse
           ENTRY                   ADDRESS         REF BY
           =====                   =======         ======
           shell_confirm::?relay   0000079D 
    -------------------------------------------------------------------------
BANK_RELAYS
  Relative segment, address: CODE 000007A3 - 000007A8 (0x6 bytes), align: 0
  Segment part 148.
           ENTRY                   ADDRESS         REF BY
           =====                   =======         ======
           shell_input_init::?relay
                                   000007A3        system_init (main)
    -------------------------------------------------------------------------
BANK_RELAYS
  Relative segment, address: CODE 000007A9 - 000007AE (0x6 bytes), align: 0
  Segment part 150.
           ENTRY                   ADDRESS         REF BY
           =====                   =======         ======
           shell_init::?relay      000007A9        system_init (main)

    *************************************************************************

  FILE NAME : F:\1_git_code\EPnode_OTA\CC2530 IAP\CC2530_IAP\project\Release\Obj\sys.r51
  PROGRAM MODULE, NAME : sys

  SEGMENTS IN THE MODULE
  ======================
SFR_AN
  Relative segment, address: DATA 0000009E - 0000009E (0x1 bytes), align: 0
  Segment part 1. ROOT        Intra module refs:   xtal_init
           ENTRY                   ADDRESS         REF BY
           =====                   =======         ======
           CLKCONSTA               0000009E 
    -------------------------------------------------------------------------
SFR_AN
  Relative segment, address: DATA 000000BE - 000000BE (0x1 bytes), align: 0
  Segment part 2. ROOT        Intra module refs:   xtal_init
           ENTRY                   ADDRESS         REF BY
           =====                   =======         ======
           SLEEPCMD                000000BE 
    -------------------------------------------------------------------------
SFR_AN
  Relative segment, address: DATA 000000C6 - 000000C6 (0x1 bytes), align: 0
  Segment part 3. ROOT        Intra module refs:   xtal_init
           ENTRY                   ADDRESS         REF BY
           =====                   =======         ======
           CLKCONCMD               000000C6 
    -------------------------------------------------------------------------
<BANKED_CODE> 1 (was BANKED_CODE)
  Relative segment, address: CODE 000058BD - 000058CE (0x12 bytes), align: 0
  Segment part 11.            Intra module refs:   xtal_init::?relay
           ENTRY                   ADDRESS         REF BY
           =====                   =======         ======
           xtal_init               000058BD 
    -------------------------------------------------------------------------
BANK_RELAYS
  Relative segment, address: CODE 000007AF - 000007B4 (0x6 bytes), align: 0
  Segment part 12.
           ENTRY                   ADDRESS         REF BY
           =====                   =======         ======
           xtal_init::?relay       000007AF        system_init (main)

    *************************************************************************

  FILE NAME : F:\1_git_code\EPnode_OTA\CC2530 IAP\CC2530_IAP\project\Release\Obj\uart.r51
  PROGRAM MODULE, NAME : uart

  SEGMENTS IN THE MODULE
  ======================
SFR_AN
  Relative segment, address: DATA 00000086 - 00000086 (0x1 bytes), align: 0
  Segment part 1. ROOT        Intra module refs:   shell_hw_init
           ENTRY                   ADDRESS         REF BY
           =====                   =======         ======
           U0CSR                   00000086 
    -------------------------------------------------------------------------
SFR_AN
  Relative segment, address: DATA 00000088 - 00000088 (0x1 bytes), align: 0
  Segment part 2. ROOT        Intra module refs:   uart0_RxInt
           ENTRY                   ADDRESS         REF BY
           =====                   =======         ======
           _A_TCON                 00000088 
           LOCAL                   ADDRESS         
           =====                   =======         
           TCON                    00000088 
    -------------------------------------------------------------------------
SFR_AN
  Relative segment, address: DATA 000000A8 - 000000A8 (0x1 bytes), align: 0
  Segment part 3. ROOT        Intra module refs:   shell_hw_init
           ENTRY                   ADDRESS         REF BY
           =====                   =======         ======
           _A_IEN0                 000000A8 
           LOCAL                   ADDRESS         
           =====                   =======         
           IEN0                    000000A8 
    -------------------------------------------------------------------------
SFR_AN
  Relative segment, address: DATA 000000A9 - 000000A9 (0x1 bytes), align: 0
  Segment part 4. ROOT        Intra module refs:   shell_hw_init
           ENTRY                   ADDRESS         REF BY
           =====                   =======         ======
           IP0                     000000A9 
    -------------------------------------------------------------------------
SFR_AN
  Relative segment, address: DATA 000000B9 - 000000B9 (0x1 bytes), align: 0
  Segment part 5. ROOT        Intra module refs:   shell_hw_init
           ENTRY                   ADDRESS         REF BY
           =====                   =======         ======
           IP1                     000000B9 
    -------------------------------------------------------------------------
SFR_AN
  Relative segment, address: DATA 000000C1 - 000000C1 (0x1 bytes), align: 0
  Segment part 6. ROOT        Intra module refs:   Uart0_Send_char
                                                   uart0_RxInt
           ENTRY                   ADDRESS         REF BY
           =====                   =======         ======
           U0DBUF                  000000C1 
    -------------------------------------------------------------------------
SFR_AN
  Relative segment, address: DATA 000000C2 - 000000C2 (0x1 bytes), align: 0
  Segment part 7. ROOT        Intra module refs:   shell_hw_init
           ENTRY                   ADDRESS         REF BY
           =====                   =======         ======
           U0BAUD                  000000C2 
    -------------------------------------------------------------------------
SFR_AN
  Relative segment, address: DATA 000000C5 - 000000C5 (0x1 bytes), align: 0
  Segment part 8. ROOT        Intra module refs:   shell_hw_init
           ENTRY                   ADDRESS         REF BY
           =====                   =======         ======
           U0GCR                   000000C5 
    -------------------------------------------------------------------------
SFR_AN
  Relative segment, address: DATA 000000E8 - 000000E8 (0x1 bytes), align: 0
  Segment part 9. ROOT        Intra module refs:   Uart0_Send_char
           ENTRY                   ADDRESS         REF BY
           =====                   =======         ======
           _A_IRCON2               000000E8 
           LOCAL                   ADDRESS         
           =====                   =======         
           IRCON2                  000000E8 
    -------------------------------------------------------------------------
SFR_AN
  Relative segment, address: DATA 000000F1 - 000000F1 (0x1 bytes), align: 0
  Segment part 10. ROOT       Intra module refs:   shell_hw_init
           ENTRY                   ADDRESS         REF BY
           =====                   =======         ======
           PERCFG                  000000F1 
    -------------------------------------------------------------------------
SFR_AN
  Relative segment, address: DATA 000000F3 - 000000F3 (0x1 bytes), align: 0
  Segment part 11. ROOT       Intra module refs:   shell_hw_init
           ENTRY                   ADDRESS         REF BY
           =====                   =======         ======
           P0SEL                   000000F3 
    -------------------------------------------------------------------------
SFR_AN
  Relative segment, address: DATA 000000FD - 000000FD (0x1 bytes), align: 0
  Segment part 12. ROOT       Intra module refs:   shell_hw_init
           ENTRY                   ADDRESS         REF BY
           =====                   =======         ======
           P0DIR                   000000FD 
    -------------------------------------------------------------------------
SFR_AN
  Relative segment, address: DATA 000000FF - 000000FF (0x1 bytes), align: 0
  Segment part 13. ROOT       Intra module refs:   shell_hw_init
           ENTRY                   ADDRESS         REF BY
           =====                   =======         ======
           P2DIR                   000000FF 
    -------------------------------------------------------------------------
XDATA_Z
  Relative segment, address: XDATA 0000032B - 00000460 (0x136 bytes), align: 0
  Segment part 22.            Intra module refs:   shell_app_cycle
           ENTRY                   ADDRESS         REF BY
           =====                   =======         ======
           shell_1                 0000032B        system_init (main)
    -------------------------------------------------------------------------
XDATA_Z
  Relative segment, address: XDATA 00000461 - 00000560 (0x100 bytes), align: 0
  Segment part 23.            Intra module refs:   shell_app_cycle
                                                   uart0_RxInt
           LOCAL                   ADDRESS         
           =====                   =======         
           shell_ringbuf           00000461 
    -------------------------------------------------------------------------
XDATA_Z
  Relative segment, address: XDATA 00000561 - 00000562 (0x2 bytes), align: 0
  Segment part 24.            Intra module refs:   UART_GetRemain
                                                   shell_app_cycle
           LOCAL                   ADDRESS         
           =====                   =======         
           Read_Index              00000561 
[...]
           ENTRY                   ADDRESS         REF BY
           =====                   =======         ======
           ?PUSH_XSTACK_I          000014FE 

    -------------------------------------------------------------------------
  LIBRARY MODULE, NAME : ?PUSH_XSTACK8_X

  SEGMENTS IN THE MODULE
  ======================
RCODE
  Relative segment, address: CODE 0000150B - 0000150E (0x4 bytes), align: 0
  Segment part 1.
           ENTRY                   ADDRESS         REF BY
           =====                   =======         ======
           ?PUSH_XSTACK8_X_FOUR    0000150B        UART_BuadCount (uart)
                                                   cmdline_gets (shell)
                                                   printk (ustdio)
                                                   shell_parse (shell)
                                                   shell_tab (shell)
    -------------------------------------------------------------------------
RCODE
  Relative segment, address: CODE 0000150F - 00001512 (0x4 bytes), align: 0
  Segment part 3.
           ENTRY                   ADDRESS         REF BY
           =====                   =======         ======
           ?PUSH_XSTACK8_X_TWO     0000150F        shell_list_cmd (shell)
                                                   shell_parse (shell)
                                                   shell_tab (shell)
                                                   welcome_gets (shell)
    -------------------------------------------------------------------------
RCODE
  Relative segment, address: CODE 00001513 - 0000153B (0x29 bytes), align: 0
  Segment part 5.             Intra module refs:   ?PUSH_XSTACK8_X_FOUR
                                                   ?PUSH_XSTACK8_X_TWO
           ENTRY                   ADDRESS         REF BY
           =====                   =======         ======
           ?PUSH_XSTACK8_X         00001513 

    -------------------------------------------------------------------------
  LIBRARY MODULE, NAME : ?log

  SEGMENTS IN THE MODULE
  ======================
<BANKED_CODE> 1 (was BANKED_CODE)
  Relative segment, address: CODE 000052B3 - 000054B6 (0x204 bytes), align: 0
  Segment part 24.            Intra module refs:   log::?relay
           ENTRY                   ADDRESS         REF BY
           =====                   =======         ======
           log                     000052B3 
               calls direct
               XSTACK = 00000000 ( 0000001C )
               ISTACK = 00000000 ( 00000004 )
    -------------------------------------------------------------------------
<BANKED_CODE> 1 (was BANKED_CODE)
  Relative segment, address: CODE 000054B7 - 000054C1 (0xb bytes), align: 0
  Segment part 26.            Intra module refs:   log
    -------------------------------------------------------------------------
XDATA_I
  Relative segment, address: XDATA 00000BDD - 00000BE0 (0x4 bytes), align: 0
  Segment part 12.            Intra module refs:   log
           ENTRY                   ADDRESS         REF BY
           =====                   =======         ======
           __Constant_bf800000     00000BDD 
    -------------------------------------------------------------------------
XDATA_ID
  Relative segment, address: CODE 000006FF - 00000702 (0x4 bytes), align: 0
  Segment part 13.            Intra module refs:   __Constant_bf800000
    -------------------------------------------------------------------------
XDATA_I
  Relative segment, address: XDATA 00000BE1 - 00000BE4 (0x4 bytes), align: 0
  Segment part 18.            Intra module refs:   log
           ENTRY                   ADDRESS         REF BY
           =====                   =======         ======
           __Constant_3ed49222     00000BE1 
    -------------------------------------------------------------------------
XDATA_ID
  Relative segment, address: CODE 00000703 - 00000706 (0x4 bytes), align: 0
  Segment part 19.            Intra module refs:   __Constant_3ed49222
    -------------------------------------------------------------------------
XDATA_I
  Relative segment, address: XDATA 00000BE5 - 00000BE8 (0x4 bytes), align: 0
  Segment part 20.            Intra module refs:   log
           ENTRY                   ADDRESS         REF BY
           =====                   =======         ======
           __Constant_3f2a9bdd     00000BE5 
    -------------------------------------------------------------------------
XDATA_ID
  Relative segment, address: CODE 00000707 - 0000070A (0x4 bytes), align: 0
  Segment part 21.            Intra module refs:   __Constant_3f2a9bdd
    -------------------------------------------------------------------------
XDATA_I
  Relative segment, address: XDATA 00000BE9 - 00000BEC (0x4 bytes), align: 0
  Segment part 22.            Intra module refs:   log
           ENTRY                   ADDRESS         REF BY
           =====                   =======         ======
           __Constant_40000004     00000BE9 
    -------------------------------------------------------------------------
XDATA_ID
  Relative segment, address: CODE 0000070B - 0000070E (0x4 bytes), align: 0
  Segment part 23.            Intra module refs:   __Constant_40000004
    -------------------------------------------------------------------------
BANK_RELAYS
  Relative segment, address: CODE 0000080F - 00000814 (0x6 bytes), align: 0
  Segment part 25.
           ENTRY                   ADDRESS         REF BY
           =====                   =======         ======
           log::?relay             0000080F        pow (?pow)

    -------------------------------------------------------------------------
  LIBRARY MODULE, NAME : ?memcmp

  SEGMENTS IN THE MODULE
  ======================
<BANKED_CODE> 1 (was BANKED_CODE)
  Relative segment, address: CODE 00005772 - 000057BD (0x4c bytes), align: 0
  Segment part 6.             Intra module refs:   memcmp::?relay
           ENTRY                   ADDRESS         REF BY
           =====                   =======         ======
           memcmp                  00005772 
               XSTACK = 00000002 ( 00000009 )
    -------------------------------------------------------------------------
BANK_RELAYS
  Relative segment, address: CODE 00000815 - 0000081A (0x6 bytes), align: 0
  Segment part 7.
           ENTRY                   ADDRESS         REF BY
           =====                   =======         ======
           memcmp::?relay          00000815        checkout (shell)

    -------------------------------------------------------------------------
  LIBRARY MODULE, NAME : ?memcpy

  SEGMENTS IN THE MODULE
  ======================
<BANKED_CODE> 1 (was BANKED_CODE)
  Relative segment, address: CODE 000057BE - 00005803 (0x46 bytes), align: 0
  Segment part 6.             Intra module refs:   memcpy::?relay
           ENTRY                   ADDRESS         REF BY
           =====                   =======         ======
           memcpy                  000057BE 
               XSTACK = 00000002 ( 0000000A )
               ISTACK = 00000000 ( 00000001 )
    -------------------------------------------------------------------------
BANK_RELAYS
  Relative segment, address: CODE 0000081B - 00000820 (0x6 bytes), align: 0
  Segment part 7.
           ENTRY                   ADDRESS         REF BY
           =====                   =======         ======
           memcpy::?relay          0000081B        confirm_gets (shell)
                                                   shell_app_cycle (uart)
                                                   shell_confirm (shell)
                                                   shell_record (shell)

    -------------------------------------------------------------------------
  LIBRARY MODULE, NAME : ?memset

  SEGMENTS IN THE MODULE
  ======================
<BANKED_CODE> 1 (was BANKED_CODE)
  Relative segment, address: CODE 00005804 - 0000582F (0x2c bytes), align: 0
  Segment part 6.             Intra module refs:   memset::?relay
           ENTRY                   ADDRESS         REF BY
           =====                   =======         ======
           memset                  00005804 
               XSTACK = 00000002 ( 00000000 )
               ISTACK = 00000000 ( 00000002 )
    -------------------------------------------------------------------------
BANK_RELAYS
  Relative segment, address: CODE 00000821 - 00000826 (0x6 bytes), align: 0
  Segment part 7.
           ENTRY                   ADDRESS         REF BY
           =====                   =======         ======
           memset::?relay          00000821        shell_app_cycle (uart)

    -------------------------------------------------------------------------
  LIBRARY MODULE, NAME : ?pow

  SEGMENTS IN THE MODULE
  ======================
<BANKED_CODE> 1 (was BANKED_CODE)
  Relative segment, address: CODE 00004BE8 - 00004FC6 (0x3df bytes), align: 0
  Segment part 16.            Intra module refs:   pow::?relay
           ENTRY                   ADDRESS         REF BY
           =====                   =======         ======
           pow                     00004BE8 
               calls direct
               XSTACK = 00000004 ( 00000028 )
               ISTACK = 00000000 ( 00000004 )
    -------------------------------------------------------------------------
<BANKED_CODE> 1 (was BANKED_CODE)
  Relative segment, address: CODE 00004FC7 - 00004FD1 (0xb bytes), align: 0
  Segment part 18.            Intra module refs:   pow
    -------------------------------------------------------------------------
XDATA_I
  Relative segment, address: XDATA 00000BED - 00000BF0 (0x4 bytes), align: 0
  Segment part 8.             Intra module refs:   pow
           ENTRY                   ADDRESS         REF BY
           =====                   =======         ======
           __Constant_7f7fffff     00000BED 
    -------------------------------------------------------------------------
XDATA_ID
  Relative segment, address: CODE 0000070F - 00000712 (0x4 bytes), align: 0
  Segment part 9.             Intra module refs:   __Constant_7f7fffff
    -------------------------------------------------------------------------
XDATA_I
  Relative segment, address: XDATA 00000BF1 - 00000BF4 (0x4 bytes), align: 0
  Segment part 10.            Intra module refs:   pow
           ENTRY                   ADDRESS         REF BY
           =====                   =======         ======
           __Constant_ff7fffff     00000BF1 
    -------------------------------------------------------------------------
XDATA_ID
  Relative segment, address: CODE 00000713 - 00000716 (0x4 bytes), align: 0
  Segment part 11.            Intra module refs:   __Constant_ff7fffff
    -------------------------------------------------------------------------
XDATA_I
  Relative segment, address: XDATA 00000BF5 - 00000BF8 (0x4 bytes), align: 0
  Segment part 12.            Intra module refs:   pow
           ENTRY                   ADDRESS         REF BY
           =====                   =======         ======
           __Constant_34800001     00000BF5 
    -------------------------------------------------------------------------
XDATA_ID
  Relative segment, address: CODE 00000717 - 0000071A (0x4 bytes), align: 0
  Segment part 13.            Intra module refs:   __Constant_34800001
    -------------------------------------------------------------------------
XDATA_I
  Relative segment, address: XDATA 00000BF9 - 00000BFC (0x4 bytes), align: 0
  Segment part 14.            Intra module refs:   log (?log)
                                                   pow
           ENTRY                   ADDRESS         REF BY
           =====                   =======         ======
           __Constant_3f317218     00000BF9 
    -------------------------------------------------------------------------
XDATA_ID
  Relative segment, address: CODE 0000071B - 0000071E (0x4 bytes), align: 0
  Segment part 15.            Intra module refs:   __Constant_3f317218
    -------------------------------------------------------------------------
BANK_RELAYS
  Relative segment, address: CODE 00000827 - 0000082C (0x6 bytes), align: 0
  Segment part 17.
           ENTRY                   ADDRESS         REF BY
           =====                   =======         ======
           pow::?relay             00000827        UART_BuadCount (uart)

    -------------------------------------------------------------------------
  LIBRARY MODULE, NAME : ?strcpy

  SEGMENTS IN THE MODULE
  ======================
<BANKED_CODE> 1 (was BANKED_CODE)
  Relative segment, address: CODE 00005830 - 00005858 (0x29 bytes), align: 0
  Segment part 6.             Intra module refs:   strcpy::?relay
           ENTRY                   ADDRESS         REF BY
           =====                   =======         ======
           strcpy                  00005830 
               XSTACK = 00000000 ( 00000009 )
               ISTACK = 00000000 ( 00000001 )
    -------------------------------------------------------------------------
BANK_RELAYS
  Relative segment, address: CODE 0000082D - 00000832 (0x6 bytes), align: 0
  Segment part 7.
           ENTRY                   ADDRESS         REF BY
           =====                   =======         ======
           strcpy::?relay          0000082D        shell_input_init (shell)

    -------------------------------------------------------------------------
  LIBRARY MODULE, NAME : ?strlen

  SEGMENTS IN THE MODULE
  ======================
<BANKED_CODE> 1 (was BANKED_CODE)
  Relative segment, address: CODE 00005881 - 0000589E (0x1e bytes), align: 0
  Segment part 6.             Intra module refs:   strlen::?relay
           ENTRY                   ADDRESS         REF BY
           =====                   =======         ======
           strlen                  00005881 
               ISTACK = 00000000 ( 00000002 )
    -------------------------------------------------------------------------
BANK_RELAYS
  Relative segment, address: CODE 00000833 - 00000838 (0x6 bytes), align: 0
  Segment part 7.
           ENTRY                   ADDRESS         REF BY
           =====                   =======         ======
           strlen::?relay          00000833        shell_app_cycle (uart)

    -------------------------------------------------------------------------
  LIBRARY MODULE, NAME : ?strncpy

  SEGMENTS IN THE MODULE
  ======================
<BANKED_CODE> 1 (was BANKED_CODE)
  Relative segment, address: CODE 000056C8 - 00005721 (0x5a bytes), align: 0
  Segment part 6.             Intra module refs:   strncpy::?relay
           ENTRY                   ADDRESS         REF BY
           =====                   =======         ======
           strncpy                 000056C8 
               XSTACK = 00000002 ( 0000000A )
               ISTACK = 00000000 ( 00000001 )
    -------------------------------------------------------------------------
BANK_RELAYS
  Relative segment, address: CODE 00000839 - 0000083E (0x6 bytes), align: 0
  Segment part 7.
           ENTRY                   ADDRESS         REF BY
           =====                   =======         ======
           strncpy::?relay         00000839        shell_init (shell)

    -------------------------------------------------------------------------
  LIBRARY MODULE, NAME : ?strstr

  SEGMENTS IN THE MODULE
  ======================
<BANKED_CODE> 1 (was BANKED_CODE)
  Relative segment, address: CODE 00005722 - 00005771 (0x50 bytes), align: 0
  Segment part 6.             Intra module refs:   strstr::?relay
           ENTRY                   ADDRESS         REF BY
           =====                   =======         ======
           strstr                  00005722 
               XSTACK = 00000000 ( 0000000A )
    -------------------------------------------------------------------------
BANK_RELAYS
  Relative segment, address: CODE 0000083F - 00000844 (0x6 bytes), align: 0
  Segment part 7.
           ENTRY                   ADDRESS         REF BY
           =====                   =======         ======
           strstr::?relay          0000083F        shell_app_cycle (uart)




                ****************************************
                *                                      *
                *      SEGMENTS IN ADDRESS ORDER       *
                *                                      *
                ****************************************


SEGMENT              SPACE    START ADDRESS   END ADDRESS     SIZE  TYPE  ALIGN
=======              =====    =============   ===========     ====  ====  =====
INTVEC               CODE          00000000 - 00000015          16   com    0
CSTART               CODE          00000016 - 00000096          81   rel    0
BDATA_ID             CODE               00000097                     dse    0
BIT_ID               CODE               00000097                     dse    0
DATA_ID              CODE               00000097                     dse    0
IDATA_ID             CODE               00000097                     dse    0
IXDATA_ID            CODE               00000097                     dse    0
PDATA_ID             CODE               00000097                     dse    0
XDATA_ID             CODE          00000097 - 0000071E         688   rel    0
BANK_RELAYS          CODE          0000071F - 00000844         126   rel    0
RCODE                CODE          00000845 - 0000153B         CF7   rel    0
DIFUNCT              CODE               0000153C                     dse    0
CODE_C               CODE          0000153C - 000015BC          81   rel    0
CODE_N               CODE               000015BD                     dse    0
NEAR_CODE            CODE          000015BD - 00001606          4A   rel    0
<BANKED_CODE> 1      CODE          00001607 - 000058CE        42C8   rel    0
REGISTERS            DATA          00000000 - 00000007           8   rel    0
VREG                 DATA          00000008 - 0000000F           8   rel    0
PSP                  DATA               00000010                     dse    0
XSP                  DATA          00000010 - 00000011           2   rel    0
BREG                 BIT        00000020.0  -  00000020.7        8   rel    0
SFR_AN               DATA          00000086 - 00000086           1   rel    0
                     DATA          00000088 - 00000088           1 
                     DATA          0000009E - 0000009E           1 
                     DATA          000000A8 - 000000A9           2 
                     DATA          000000B9 - 000000B9           1 
                     DATA          000000BE - 000000BE           1 
                     DATA          000000C1 - 000000C2           2 
                     DATA          000000C5 - 000000C6           2 
                     DATA          000000E8 - 000000E8           1 
                     DATA          000000F1 - 000000F1           1 
                     DATA          000000F3 - 000000F3           1 
                     DATA          000000FD - 000000FD           1 
                     DATA          000000FF - 000000FF           1 
XSTACK               XDATA         00000001 - 00000300         300   rel    0
XDATA_Z              XDATA         00000301 - 00000574         274   rel    0
XDATA_I              XDATA         00000575 - 00000BFC         688   rel    0
ISTACK               IDATA         00000040 - 000000FF          C0   rel    0

                ****************************************
                *                                      *
                *        END OF CROSS REFERENCE        *
                *                                      *
                ****************************************

 22 735 bytes of CODE  memory
     18 bytes of DATA  memory (+ 16 absolute )
  3 068 bytes of XDATA memory
    192 bytes of IDATA memory
      8 bits  of BIT   memory

Errors: none
Warnings: none

