Component: ARM Compiler 5.06 update 7 (build 960) Tool: armlink [4d3601]

==============================================================================

Section Cross References

    common.o(i.GetInputString) refers to common.o(i.GetKey) for GetKey
    common.o(i.GetInputString) refers to common.o(i.Serial_PutString) for Serial_PutString
    common.o(i.GetInputString) refers to common.o(i.SerialPutChar) for SerialPutChar
    common.o(i.GetIntegerInput) refers to common.o(i.GetInputString) for GetInputString
    common.o(i.GetIntegerInput) refers to common.o(i.Serial_PutString) for Serial_PutString
    common.o(i.GetIntegerInput) refers to common.o(i.Str2Int) for Str2Int
    common.o(i.GetKey) refers to common.o(i.SerialKeyPressed) for SerialKeyPressed
    common.o(i.SerialKeyPressed) refers to common.o(i.ringbuf_read) for ringbuf_read
    common.o(i.SerialPutChar) refers to stm32f10x_usart.o(i.USART_SendData) for USART_SendData
    common.o(i.SerialPutChar) refers to stm32f10x_usart.o(i.USART_GetFlagStatus) for USART_GetFlagStatus
    common.o(i.Serial_PutString) refers to common.o(i.SerialPutChar) for SerialPutChar
    common.o(i.ringbuf_flush) refers to common.o(.data) for rbuf_write_index
    common.o(i.ringbuf_read) refers to common.o(.data) for rbuf_read_index
    common.o(i.ringbuf_read) refers to common.o(.bss) for ringbuf
    common.o(i.ringbuf_write) refers to common.o(.bss) for ringbuf
    common.o(i.ringbuf_write) refers to common.o(.data) for rbuf_write_index
    main.o(i.LED_Ctl) refers to stm32f10x_gpio.o(i.GPIO_ResetBits) for GPIO_ResetBits
    main.o(i.LED_Ctl) refers to stm32f10x_gpio.o(i.GPIO_SetBits) for GPIO_SetBits
    main.o(i.LED_Init) refers to stm32f10x_rcc.o(i.RCC_APB2PeriphClockCmd) for RCC_APB2PeriphClockCmd
    main.o(i.LED_Init) refers to stm32f10x_gpio.o(i.GPIO_Init) for GPIO_Init
    main.o(i.LED_Init) refers to stm32f10x_gpio.o(i.GPIO_ResetBits) for GPIO_ResetBits
    main.o(i.LED_Toogle) refers to stm32f10x_gpio.o(i.GPIO_ResetBits) for GPIO_ResetBits
    main.o(i.LED_Toogle) refers to stm32f10x_gpio.o(i.GPIO_SetBits) for GPIO_SetBits
    main.o(i.LED_Toogle) refers to main.o(.data) for state
    main.o(i.NVIC_Configuration) refers to misc.o(i.NVIC_PriorityGroupConfig) for NVIC_PriorityGroupConfig
    main.o(i.NVIC_Configuration) refers to misc.o(i.NVIC_Init) for NVIC_Init
    main.o(i.Terminal_Init) refers to stm32f10x_rcc.o(i.RCC_APB2PeriphClockCmd) for RCC_APB2PeriphClockCmd
    main.o(i.Terminal_Init) refers to stm32f10x_rcc.o(i.RCC_APB1PeriphClockCmd) for RCC_APB1PeriphClockCmd
    main.o(i.Terminal_Init) refers to stm32f10x_gpio.o(i.GPIO_Init) for GPIO_Init
    main.o(i.Terminal_Init) refers to stm32f10x_usart.o(i.USART_DeInit) for USART_DeInit
    main.o(i.Terminal_Init) refers to stm32f10x_usart.o(i.USART_Init) for USART_Init
    main.o(i.Terminal_Init) refers to stm32f10x_usart.o(i.USART_Cmd) for USART_Cmd
    main.o(i.Terminal_Init) refers to main.o(i.NVIC_Configuration) for NVIC_Configuration
    main.o(i.Terminal_Init) refers to stm32f10x_usart.o(i.USART_ITConfig) for USART_ITConfig
    main.o(i.fputc) refers to stm32f10x_usart.o(i.USART_SendData) for USART_SendData
    main.o(i.fputc) refers to stm32f10x_usart.o(i.USART_GetFlagStatus) for USART_GetFlagStatus
    main.o(i.main) refers to misc.o(i.NVIC_SetVectorTable) for NVIC_SetVectorTable
    main.o(i.main) refers to stm32f10x_iwdg.o(i.IWDG_ReloadCounter) for IWDG_ReloadCounter
    main.o(i.main) refers to main.o(i.LED_Init) for LED_Init
    main.o(i.main) refers to flash.o(i.flash_read) for flash_read
    main.o(i.main) refers to ymodem.o(i.RunUserProgram) for RunUserProgram
    main.o(i.main) refers to main.o(i.Terminal_Init) for Terminal_Init
    main.o(i.main) refers to command.o(i.init_builtin_cmds) for init_builtin_cmds
    main.o(i.main) refers to printk.o(i.printk) for printk
    main.o(i.main) refers to term.o(i.serial_terminal) for serial_terminal
    main.o(i.main) refers to command.o(.bss) for userdata
    main.o(i.main) refers to main.o(.data) for watch_dog_flag
    stm32f10x_it.o(i.HardFault_Handler_c) refers to printk.o(i.printk) for printk
    stm32f10x_it.o(i.USART2_IRQHandler) refers to stm32f10x_usart.o(i.USART_GetITStatus) for USART_GetITStatus
    stm32f10x_it.o(i.USART2_IRQHandler) refers to stm32f10x_usart.o(i.USART_ReceiveData) for USART_ReceiveData
    stm32f10x_it.o(i.USART2_IRQHandler) refers to common.o(i.ringbuf_write) for ringbuf_write
    stm32f10x_it.o(i.USART2_IRQHandler) refers to stm32f10x_usart.o(i.USART_ClearITPendingBit) for USART_ClearITPendingBit
    ymodem.o(i.Cal_CRC16) refers to ymodem.o(i.UpdateCRC16) for UpdateCRC16
    ymodem.o(i.Receive_Byte) refers to stm32f10x_iwdg.o(i.IWDG_ReloadCounter) for IWDG_ReloadCounter
    ymodem.o(i.Receive_Byte) refers to common.o(i.SerialKeyPressed) for SerialKeyPressed
    ymodem.o(i.Receive_Packet) refers to ymodem.o(i.Receive_Byte) for Receive_Byte
    ymodem.o(i.Receive_Packet) refers to ymodem.o(i.Cal_CRC16) for Cal_CRC16
[...]
    ymodem.o(i.getcc) refers to main.o(i.LED_Toogle) for LED_Toogle
    ymodem.o(i.getcc) refers to stm32f10x_iwdg.o(i.IWDG_ReloadCounter) for IWDG_ReloadCounter
    ymodem.o(i.getcc) refers to common.o(i.ringbuf_read) for ringbuf_read
    ymodem.o(i.getcc) refers to main.o(.data) for watch_dog_flag
    flash.o(i._flash_Erase_Pages) refers to common.o(i.FLASH_PagesMask) for FLASH_PagesMask
    flash.o(i._flash_Erase_Pages) refers to stm32f10x_flash.o(i.FLASH_ErasePage) for FLASH_ErasePage
    flash.o(i.flash_write) refers to stm32f10x_flash.o(i.FLASH_Unlock) for FLASH_Unlock
    flash.o(i.flash_write) refers to flash.o(i._flash_Erase_Pages) for _flash_Erase_Pages
    flash.o(i.flash_write) refers to stm32f10x_flash.o(i.FLASH_ProgramHalfWord) for FLASH_ProgramHalfWord
    flash.o(i.flash_write) refers to stm32f10x_flash.o(i.FLASH_Lock) for FLASH_Lock
    stm32f10x_flash.o(i.FLASH_EnableWriteProtection) refers to stm32f10x_flash.o(i.FLASH_WaitForLastOperation) for FLASH_WaitForLastOperation
    stm32f10x_flash.o(i.FLASH_EraseAllBank1Pages) refers to stm32f10x_flash.o(i.FLASH_WaitForLastBank1Operation) for FLASH_WaitForLastBank1Operation
    stm32f10x_flash.o(i.FLASH_EraseAllPages) refers to stm32f10x_flash.o(i.FLASH_WaitForLastOperation) for FLASH_WaitForLastOperation
    stm32f10x_flash.o(i.FLASH_EraseOptionBytes) refers to stm32f10x_flash.o(i.FLASH_GetReadOutProtectionStatus) for FLASH_GetReadOutProtectionStatus
    stm32f10x_flash.o(i.FLASH_EraseOptionBytes) refers to stm32f10x_flash.o(i.FLASH_WaitForLastOperation) for FLASH_WaitForLastOperation
    stm32f10x_flash.o(i.FLASH_ErasePage) refers to stm32f10x_flash.o(i.FLASH_WaitForLastOperation) for FLASH_WaitForLastOperation
    stm32f10x_flash.o(i.FLASH_ProgramHalfWord) refers to stm32f10x_flash.o(i.FLASH_WaitForLastOperation) for FLASH_WaitForLastOperation
    stm32f10x_flash.o(i.FLASH_ProgramOptionByteData) refers to stm32f10x_flash.o(i.FLASH_WaitForLastOperation) for FLASH_WaitForLastOperation
    stm32f10x_flash.o(i.FLASH_ProgramWord) refers to stm32f10x_flash.o(i.FLASH_WaitForLastOperation) for FLASH_WaitForLastOperation
    stm32f10x_flash.o(i.FLASH_ReadOutProtection) refers to stm32f10x_flash.o(i.FLASH_WaitForLastOperation) for FLASH_WaitForLastOperation
    stm32f10x_flash.o(i.FLASH_UserOptionByteConfig) refers to stm32f10x_flash.o(i.FLASH_WaitForLastOperation) for FLASH_WaitForLastOperation
    stm32f10x_flash.o(i.FLASH_WaitForLastBank1Operation) refers to stm32f10x_flash.o(i.FLASH_GetBank1Status) for FLASH_GetBank1Status
    stm32f10x_flash.o(i.FLASH_WaitForLastOperation) refers to stm32f10x_flash.o(i.FLASH_GetBank1Status) for FLASH_GetBank1Status
    stm32f10x_gpio.o(i.GPIO_AFIODeInit) refers to stm32f10x_rcc.o(i.RCC_APB2PeriphResetCmd) for RCC_APB2PeriphResetCmd
    stm32f10x_gpio.o(i.GPIO_DeInit) refers to stm32f10x_rcc.o(i.RCC_APB2PeriphResetCmd) for RCC_APB2PeriphResetCmd
    stm32f10x_i2c.o(i.I2C_DeInit) refers to stm32f10x_rcc.o(i.RCC_APB1PeriphResetCmd) for RCC_APB1PeriphResetCmd
    stm32f10x_i2c.o(i.I2C_Init) refers to stm32f10x_rcc.o(i.RCC_GetClocksFreq) for RCC_GetClocksFreq
    stm32f10x_rcc.o(i.RCC_GetClocksFreq) refers to stm32f10x_rcc.o(.data) for APBAHBPrescTable
    stm32f10x_rcc.o(i.RCC_WaitForHSEStartUp) refers to stm32f10x_rcc.o(i.RCC_GetFlagStatus) for RCC_GetFlagStatus
    stm32f10x_spi.o(i.I2S_Init) refers to stm32f10x_rcc.o(i.RCC_GetClocksFreq) for RCC_GetClocksFreq
    stm32f10x_spi.o(i.SPI_I2S_DeInit) refers to stm32f10x_rcc.o(i.RCC_APB2PeriphResetCmd) for RCC_APB2PeriphResetCmd
    stm32f10x_spi.o(i.SPI_I2S_DeInit) refers to stm32f10x_rcc.o(i.RCC_APB1PeriphResetCmd) for RCC_APB1PeriphResetCmd
    stm32f10x_usart.o(i.USART_DeInit) refers to stm32f10x_rcc.o(i.RCC_APB2PeriphResetCmd) for RCC_APB2PeriphResetCmd
    stm32f10x_usart.o(i.USART_DeInit) refers to stm32f10x_rcc.o(i.RCC_APB1PeriphResetCmd) for RCC_APB1PeriphResetCmd
    stm32f10x_usart.o(i.USART_Init) refers to stm32f10x_rcc.o(i.RCC_GetClocksFreq) for RCC_GetClocksFreq
    system_stm32f10x.o(i.SetSysClock) refers to system_stm32f10x.o(i.SetSysClockTo72) for SetSysClockTo72
    system_stm32f10x.o(i.SystemCoreClockUpdate) refers to system_stm32f10x.o(.data) for SystemCoreClock
    system_stm32f10x.o(i.SystemInit) refers to system_stm32f10x.o(i.SetSysClock) for SetSysClock
    startup_stm32f10x_md.o(RESET) refers to startup_stm32f10x_md.o(STACK) for __initial_sp
    startup_stm32f10x_md.o(RESET) refers to startup_stm32f10x_md.o(.text) for Reset_Handler
    startup_stm32f10x_md.o(RESET) refers to stm32f10x_it.o(i.NMI_Handler) for NMI_Handler
    startup_stm32f10x_md.o(RESET) refers to stm32f10x_it.o(i.HardFault_Handler) for HardFault_Handler
    startup_stm32f10x_md.o(RESET) refers to stm32f10x_it.o(i.MemManage_Handler) for MemManage_Handler
    startup_stm32f10x_md.o(RESET) refers to stm32f10x_it.o(i.BusFault_Handler) for BusFault_Handler
    startup_stm32f10x_md.o(RESET) refers to stm32f10x_it.o(i.UsageFault_Handler) for UsageFault_Handler
    startup_stm32f10x_md.o(RESET) refers to stm32f10x_it.o(i.SVC_Handler) for SVC_Handler
    startup_stm32f10x_md.o(RESET) refers to stm32f10x_it.o(i.DebugMon_Handler) for DebugMon_Handler
    startup_stm32f10x_md.o(RESET) refers to stm32f10x_it.o(i.PendSV_Handler) for PendSV_Handler
    startup_stm32f10x_md.o(RESET) refers to stm32f10x_it.o(i.SysTick_Handler) for SysTick_Handler
    startup_stm32f10x_md.o(RESET) refers to stm32f10x_it.o(i.USART2_IRQHandler) for USART2_IRQHandler
    startup_stm32f10x_md.o(.text) refers to system_stm32f10x.o(i.SystemInit) for SystemInit
    startup_stm32f10x_md.o(.text) refers to entry.o(.ARM.Collect$$$$00000000) for __main
    printk.o(i.number) refers to memcpya.o(.text) for __aeabi_memcpy4
    printk.o(i.printk) refers to printfa.o(i.__0vsnprintf) for vsnprintf
    printk.o(i.printk) refers to ymodem.o(i.putcc) for putcc
    printk.o(i.printk) refers to printk.o(.bss) for printk_buf
    command.o(i.add_command) refers to command.o(.data) for head_cmd
    command.o(i.command_help) refers to strlen.o(.text) for strlen
    command.o(i.command_help) refers to strncmp.o(.text) for strncmp
    command.o(i.command_help) refers to printk.o(i.printk) for printk
    command.o(i.command_help) refers to command.o(i.execcmd) for execcmd
    command.o(i.command_help) refers to command.o(.data) for head_cmd
    command.o(i.command_iap) refers to command.o(i.invalid_cmd) for invalid_cmd
    command.o(i.command_iap) refers to strncmp.o(.text) for strncmp
    command.o(i.command_iap) refers to command.o(i.command_save) for command_save
    command.o(i.command_iap) refers to stm32f10x_flash.o(i.FLASH_Unlock) for FLASH_Unlock
    command.o(i.command_iap) refers to printk.o(i.printk) for printk
    command.o(i.command_iap) refers to ymodem.o(i.Ymodem_Receive) for Ymodem_Receive
    command.o(i.command_iap) refers to stm32f10x_flash.o(i.FLASH_Lock) for FLASH_Lock
    command.o(i.command_iap) refers to command.o(.emb_text) for __asm___9_command_c_prompt__SystemReset
    command.o(i.command_iap) refers to command.o(.bss) for userdata
    command.o(i.command_reset) refers to printk.o(i.printk) for printk
    command.o(i.command_reset) refers to command.o(.emb_text) for __asm___9_command_c_prompt__SystemReset
    command.o(i.command_save) refers to flash.o(i.flash_write) for flash_write
    command.o(i.command_save) refers to printk.o(i.printk) for printk
    command.o(i.command_save) refers to command.o(.bss) for userdata
    command.o(i.enter_iap) refers to printk.o(i.printk) for printk
    command.o(i.exec_string) refers to memseta.o(.text) for __aeabi_memclr4
    command.o(i.exec_string) refers to command.o(i.parseargs) for parseargs
    command.o(i.exec_string) refers to command.o(i.execcmd) for execcmd
    command.o(i.execcmd) refers to command.o(i.find_cmd) for find_cmd
    command.o(i.execcmd) refers to printk.o(i.printk) for printk
    command.o(i.execsubcmd) refers to strlen.o(.text) for strlen
    command.o(i.execsubcmd) refers to strncmp.o(.text) for strncmp
    command.o(i.execsubcmd) refers to printk.o(i.printk) for printk
    command.o(i.find_cmd) refers to strlen.o(.text) for strlen
    command.o(i.find_cmd) refers to strncmp.o(.text) for strncmp
    command.o(i.find_cmd) refers to command.o(.data) for head_cmd
    command.o(i.init_builtin_cmds) refers to command.o(i.add_command) for add_command
    command.o(i.init_builtin_cmds) refers to command.o(.data) for iap_cmd
    command.o(i.invalid_cmd) refers to printk.o(i.printk) for printk
    command.o(i.parseargs) refers to command.o(.data) for stackedState
    command.o(i.print_usage) refers to printk.o(i.printk) for printk
    command.o(i.unparseargs) refers to strcat.o(.text) for strcat
    command.o(.data) refers to command.o(.conststring) for .conststring
    command.o(.data) refers to command.o(i.command_help) for command_help
    command.o(.data) refers to command.o(i.command_save) for command_save
    command.o(.data) refers to command.o(i.command_reset) for command_reset
    command.o(.data) refers to command.o(i.command_iap) for command_iap
    command.o(.data) refers to command.o(i.enter_iap) for enter_iap
    getcmd.o(i.getcmd) refers to memseta.o(.text) for __aeabi_memclr
    getcmd.o(i.getcmd) refers to ymodem.o(i.getcc) for getcc
    getcmd.o(i.getcmd) refers to ymodem.o(i.putcc) for putcc
    string.o(i.binarytohex) refers to string.o(i.putstr) for putstr
    string.o(i.binarytohex) refers to string.o(.data) for hex_to_ascii_table
    string.o(i.hex_dump) refers to string.o(i.binarytohex) for binarytohex
    string.o(i.hex_dump) refers to memseta.o(.text) for __aeabi_memset
    string.o(i.hex_dump) refers to string.o(i.putstr) for putstr
    string.o(i.putnstr) refers to ymodem.o(i.putcc) for putcc
    string.o(i.putstr) refers to strlen.o(.text) for strlen
    string.o(i.putstr) refers to string.o(i.putnstr) for putnstr
    string.o(i.putstr_hex) refers to string.o(i.binarytohex) for binarytohex
    string.o(i.putstr_hex) refers to string.o(i.putstr) for putstr
    string.o(i.u32todecimal) refers to string.o(.data) for hex_to_ascii_table
    term.o(i.serial_terminal) refers to printk.o(i.printk) for printk
    term.o(i.serial_terminal) refers to getcmd.o(i.getcmd) for getcmd
    term.o(i.serial_terminal) refers to command.o(i.exec_string) for exec_string
    term.o(i.serial_terminal) refers to command.o(.data) for prompt
    term.o(i.serial_terminal) refers to term.o(.bss) for cmd_buf
    entry.o(.ARM.Collect$$$$00000000) refers (Special) to entry10a.o(.ARM.Collect$$$$0000000F) for __rt_final_cpp
    entry.o(.ARM.Collect$$$$00000000) refers (Special) to entry11a.o(.ARM.Collect$$$$00000011) for __rt_final_exit
    entry.o(.ARM.Collect$$$$00000000) refers (Special) to entry12b.o(.ARM.Collect$$$$0000000E) for __rt_lib_shutdown_fini
    entry.o(.ARM.Collect$$$$00000000) refers (Special) to entry7b.o(.ARM.Collect$$$$00000008) for _main_clock
    entry.o(.ARM.Collect$$$$00000000) refers (Special) to entry8b.o(.ARM.Collect$$$$0000000A) for _main_cpp_init
    entry.o(.ARM.Collect$$$$00000000) refers (Special) to entry9a.o(.ARM.Collect$$$$0000000B) for _main_init
    entry.o(.ARM.Collect$$$$00000000) refers (Special) to entry5.o(.ARM.Collect$$$$00000004) for _main_scatterload
    entry.o(.ARM.Collect$$$$00000000) refers (Special) to entry2.o(.ARM.Collect$$$$00000001) for _main_stk
    printfa.o(i.__0fprintf) refers (Special) to iusefp.o(.text) for __I$use$fp
    printfa.o(i.__0fprintf) refers to printfa.o(i._printf_core) for _printf_core
    printfa.o(i.__0fprintf) refers to main.o(i.fputc) for fputc
    printfa.o(i.__0printf) refers (Special) to iusefp.o(.text) for __I$use$fp
    printfa.o(i.__0printf) refers to printfa.o(i._printf_core) for _printf_core
    printfa.o(i.__0printf) refers to main.o(i.fputc) for fputc
    printfa.o(i.__0printf) refers to stdout.o(.data) for __stdout
    printfa.o(i.__0snprintf) refers (Special) to iusefp.o(.text) for __I$use$fp
    printfa.o(i.__0snprintf) refers to printfa.o(i._printf_core) for _printf_core
    printfa.o(i.__0snprintf) refers to printfa.o(i._snputc) for _snputc
    printfa.o(i.__0sprintf) refers (Special) to iusefp.o(.text) for __I$use$fp
    printfa.o(i.__0sprintf) refers to printfa.o(i._printf_core) for _printf_core
    printfa.o(i.__0sprintf) refers to printfa.o(i._sputc) for _sputc
    printfa.o(i.__0vfprintf) refers (Special) to iusefp.o(.text) for __I$use$fp
    printfa.o(i.__0vfprintf) refers to printfa.o(i._printf_core) for _printf_core
    printfa.o(i.__0vfprintf) refers to main.o(i.fputc) for fputc
    printfa.o(i.__0vprintf) refers (Special) to iusefp.o(.text) for __I$use$fp
    printfa.o(i.__0vprintf) refers to printfa.o(i._printf_core) for _printf_core
    printfa.o(i.__0vprintf) refers to main.o(i.fputc) for fputc
    printfa.o(i.__0vprintf) refers to stdout.o(.data) for __stdout
    printfa.o(i.__0vsnprintf) refers (Special) to iusefp.o(.text) for __I$use$fp
    printfa.o(i.__0vsnprintf) refers to printfa.o(i._printf_core) for _printf_core
    printfa.o(i.__0vsnprintf) refers to printfa.o(i._snputc) for _snputc
    printfa.o(i.__0vsprintf) refers (Special) to iusefp.o(.text) for __I$use$fp
    printfa.o(i.__0vsprintf) refers to printfa.o(i._printf_core) for _printf_core
    printfa.o(i.__0vsprintf) refers to printfa.o(i._sputc) for _sputc
    printfa.o(i._fp_digits) refers (Special) to iusefp.o(.text) for __I$use$fp
    printfa.o(i._fp_digits) refers to dmul.o(.text) for __aeabi_dmul
    printfa.o(i._fp_digits) refers to ddiv.o(.text) for __aeabi_ddiv
    printfa.o(i._fp_digits) refers to cdrcmple.o(.text) for __aeabi_cdrcmple
    printfa.o(i._fp_digits) refers to dadd.o(.text) for __aeabi_dadd
    printfa.o(i._fp_digits) refers to dfixul.o(.text) for __aeabi_d2ulz
    printfa.o(i._fp_digits) refers to uldiv.o(.text) for __aeabi_uldivmod
    printfa.o(i._printf_core) refers (Special) to iusefp.o(.text) for __I$use$fp
    printfa.o(i._printf_core) refers to printfa.o(i._printf_pre_padding) for _printf_pre_padding
    printfa.o(i._printf_core) refers to uldiv.o(.text) for __aeabi_uldivmod
    printfa.o(i._printf_core) refers to printfa.o(i._printf_post_padding) for _printf_post_padding
    printfa.o(i._printf_core) refers to printfa.o(i._fp_digits) for _fp_digits
    printfa.o(i._printf_core) refers to uidiv.o(.text) for __aeabi_uidivmod
    printfa.o(i._printf_post_padding) refers (Special) to iusefp.o(.text) for __I$use$fp
    printfa.o(i._printf_pre_padding) refers (Special) to iusefp.o(.text) for __I$use$fp
    printfa.o(i._snputc) refers (Special) to iusefp.o(.text) for __I$use$fp
    printfa.o(i._sputc) refers (Special) to iusefp.o(.text) for __I$use$fp
    entry2.o(.ARM.Collect$$$$00000001) refers to entry2.o(.ARM.Collect$$$$00002712) for __lit__00000000
    entry2.o(.ARM.Collect$$$$00002712) refers to startup_stm32f10x_md.o(STACK) for __initial_sp
    entry2.o(__vectab_stack_and_reset_area) refers to startup_stm32f10x_md.o(STACK) for __initial_sp
    entry2.o(__vectab_stack_and_reset_area) refers to entry.o(.ARM.Collect$$$$00000000) for __main
    entry5.o(.ARM.Collect$$$$00000004) refers to init.o(.text) for __scatterload
    entry9a.o(.ARM.Collect$$$$0000000B) refers to main.o(i.main) for main
    entry9b.o(.ARM.Collect$$$$0000000C) refers to main.o(i.main) for main
    uldiv.o(.text) refers to llushr.o(.text) for __aeabi_llsr
    uldiv.o(.text) refers to llshl.o(.text) for __aeabi_llsl
    dadd.o(.text) refers to llshl.o(.text) for __aeabi_llsl
    dadd.o(.text) refers to llsshr.o(.text) for __aeabi_lasr
    dadd.o(.text) refers to depilogue.o(.text) for _double_epilogue
    dmul.o(.text) refers to depilogue.o(.text) for _double_epilogue
    ddiv.o(.text) refers to depilogue.o(.text) for _double_round
    dfixul.o(.text) refers to llushr.o(.text) for __aeabi_llsr
    dfixul.o(.text) refers to llshl.o(.text) for __aeabi_llsl
    init.o(.text) refers to entry5.o(.ARM.Collect$$$$00000004) for __main_after_scatterload
    depilogue.o(.text) refers to llshl.o(.text) for __aeabi_llsl
    depilogue.o(.text) refers to llushr.o(.text) for __aeabi_llsr


==============================================================================

Removing Unused input sections from the image.

    Removing common.o(i.GetInputString), (132 bytes).
    Removing common.o(i.GetIntegerInput), (124 bytes).
    Removing common.o(i.GetKey), (28 bytes).
    Removing common.o(i.Int2Str), (88 bytes).
    Removing common.o(i.Serial_PutString), (22 bytes).
    Removing common.o(i.Str2Int), (260 bytes).
    Removing main.o(i.LED_Ctl), (36 bytes).
    Removing main.o(i.fputc), (36 bytes).
    Removing stm32f10x_it.o(i.HardFault_Handler_c), (304 bytes).
    Removing ymodem.o(i.CalChecksum), (24 bytes).
    Removing ymodem.o(i.Ymodem_CheckResponse), (6 bytes).
    Removing ymodem.o(i.Ymodem_PrepareIntialPacket), (114 bytes).
    Removing ymodem.o(i.Ymodem_PreparePacket), (140 bytes).
    Removing ymodem.o(i.Ymodem_SendPacket), (26 bytes).
    Removing ymodem.o(i.Ymodem_Transmit), (624 bytes).
    Removing stm32f10x_dma.o(i.DMA_ClearFlag), (28 bytes).
    Removing stm32f10x_dma.o(i.DMA_ClearITPendingBit), (28 bytes).
    Removing stm32f10x_dma.o(i.DMA_Cmd), (24 bytes).
    Removing stm32f10x_dma.o(i.DMA_DeInit), (332 bytes).
    Removing stm32f10x_dma.o(i.DMA_GetCurrDataCounter), (8 bytes).
    Removing stm32f10x_dma.o(i.DMA_GetFlagStatus), (44 bytes).
    Removing stm32f10x_dma.o(i.DMA_GetITStatus), (44 bytes).
    Removing stm32f10x_dma.o(i.DMA_ITConfig), (18 bytes).
    Removing stm32f10x_dma.o(i.DMA_Init), (60 bytes).
    Removing stm32f10x_dma.o(i.DMA_SetCurrDataCounter), (4 bytes).
    Removing stm32f10x_dma.o(i.DMA_StructInit), (26 bytes).
    Removing stm32f10x_exti.o(i.EXTI_ClearFlag), (12 bytes).
    Removing stm32f10x_exti.o(i.EXTI_ClearITPendingBit), (12 bytes).
    Removing stm32f10x_exti.o(i.EXTI_DeInit), (36 bytes).
    Removing stm32f10x_exti.o(i.EXTI_GenerateSWInterrupt), (16 bytes).
    Removing stm32f10x_exti.o(i.EXTI_GetFlagStatus), (24 bytes).
    Removing stm32f10x_exti.o(i.EXTI_GetITStatus), (40 bytes).
    Removing stm32f10x_exti.o(i.EXTI_Init), (148 bytes).
    Removing stm32f10x_exti.o(i.EXTI_StructInit), (16 bytes).
    Removing stm32f10x_flash.o(i.FLASH_ClearFlag), (12 bytes).
    Removing stm32f10x_flash.o(i.FLASH_EnableWriteProtection), (196 bytes).
    Removing stm32f10x_flash.o(i.FLASH_EraseAllBank1Pages), (72 bytes).
    Removing stm32f10x_flash.o(i.FLASH_EraseAllPages), (72 bytes).
    Removing stm32f10x_flash.o(i.FLASH_EraseOptionBytes), (168 bytes).
    Removing stm32f10x_flash.o(i.FLASH_GetFlagStatus), (48 bytes).
    Removing stm32f10x_flash.o(i.FLASH_GetPrefetchBufferStatus), (24 bytes).
    Removing stm32f10x_flash.o(i.FLASH_GetReadOutProtectionStatus), (24 bytes).
    Removing stm32f10x_flash.o(i.FLASH_GetStatus), (52 bytes).
    Removing stm32f10x_flash.o(i.FLASH_GetUserOptionByte), (12 bytes).
    Removing stm32f10x_flash.o(i.FLASH_GetWriteProtectionOptionByte), (12 bytes).
    Removing stm32f10x_flash.o(i.FLASH_HalfCycleAccessCmd), (28 bytes).
    Removing stm32f10x_flash.o(i.FLASH_ITConfig), (32 bytes).
    Removing stm32f10x_flash.o(i.FLASH_LockBank1), (20 bytes).
    Removing stm32f10x_flash.o(i.FLASH_PrefetchBufferCmd), (28 bytes).
    Removing stm32f10x_flash.o(i.FLASH_ProgramOptionByteData), (84 bytes).
    Removing stm32f10x_flash.o(i.FLASH_ReadOutProtection), (172 bytes).
    Removing stm32f10x_flash.o(i.FLASH_SetLatency), (24 bytes).
    Removing stm32f10x_flash.o(i.FLASH_UnlockBank1), (24 bytes).
    Removing stm32f10x_flash.o(i.FLASH_UserOptionByteConfig), (104 bytes).
    Removing stm32f10x_flash.o(i.FLASH_WaitForLastBank1Operation), (38 bytes).
    Removing stm32f10x_gpio.o(i.GPIO_AFIODeInit), (20 bytes).
    Removing stm32f10x_gpio.o(i.GPIO_ETH_MediaInterfaceConfig), (12 bytes).
    Removing stm32f10x_gpio.o(i.GPIO_EXTILineConfig), (64 bytes).
    Removing stm32f10x_gpio.o(i.GPIO_EventOutputCmd), (12 bytes).
    Removing stm32f10x_gpio.o(i.GPIO_EventOutputConfig), (32 bytes).
    Removing stm32f10x_gpio.o(i.GPIO_PinLockConfig), (18 bytes).
    Removing stm32f10x_gpio.o(i.GPIO_PinRemapConfig), (144 bytes).
    Removing stm32f10x_gpio.o(i.GPIO_ReadInputData), (8 bytes).
    Removing stm32f10x_gpio.o(i.GPIO_ReadInputDataBit), (18 bytes).
    Removing stm32f10x_gpio.o(i.GPIO_ReadOutputData), (8 bytes).
    Removing stm32f10x_gpio.o(i.GPIO_ReadOutputDataBit), (18 bytes).
    Removing stm32f10x_gpio.o(i.GPIO_StructInit), (16 bytes).
    Removing stm32f10x_gpio.o(i.GPIO_Write), (4 bytes).
    Removing stm32f10x_gpio.o(i.GPIO_WriteBit), (10 bytes).
    Removing stm32f10x_i2c.o(i.I2C_ARPCmd), (24 bytes).
    Removing stm32f10x_i2c.o(i.I2C_AcknowledgeConfig), (24 bytes).
    Removing stm32f10x_i2c.o(i.I2C_CalculatePEC), (24 bytes).
    Removing stm32f10x_i2c.o(i.I2C_CheckEvent), (42 bytes).
    Removing stm32f10x_i2c.o(i.I2C_ClearFlag), (12 bytes).
    Removing stm32f10x_i2c.o(i.I2C_ClearITPendingBit), (12 bytes).
    Removing stm32f10x_i2c.o(i.I2C_Cmd), (24 bytes).
    Removing stm32f10x_i2c.o(i.I2C_DMACmd), (24 bytes).
    Removing stm32f10x_i2c.o(i.I2C_DMALastTransferCmd), (24 bytes).
    Removing stm32f10x_i2c.o(i.I2C_DeInit), (56 bytes).
    Removing stm32f10x_i2c.o(i.I2C_DualAddressCmd), (24 bytes).
    Removing stm32f10x_i2c.o(i.I2C_FastModeDutyCycleConfig), (28 bytes).
    Removing stm32f10x_i2c.o(i.I2C_GeneralCallCmd), (24 bytes).
    Removing stm32f10x_i2c.o(i.I2C_GenerateSTART), (24 bytes).
    Removing stm32f10x_i2c.o(i.I2C_GenerateSTOP), (24 bytes).
    Removing stm32f10x_i2c.o(i.I2C_GetFlagStatus), (58 bytes).
    Removing stm32f10x_i2c.o(i.I2C_GetITStatus), (38 bytes).
    Removing stm32f10x_i2c.o(i.I2C_GetLastEvent), (26 bytes).
    Removing stm32f10x_i2c.o(i.I2C_GetPEC), (8 bytes).
    Removing stm32f10x_i2c.o(i.I2C_ITConfig), (18 bytes).
    Removing stm32f10x_i2c.o(i.I2C_Init), (236 bytes).
    Removing stm32f10x_i2c.o(i.I2C_OwnAddress2Config), (22 bytes).
    Removing stm32f10x_i2c.o(i.I2C_PECPositionConfig), (28 bytes).
    Removing stm32f10x_i2c.o(i.I2C_ReadRegister), (22 bytes).
    Removing stm32f10x_i2c.o(i.I2C_ReceiveData), (8 bytes).
    Removing stm32f10x_i2c.o(i.I2C_SMBusAlertConfig), (28 bytes).
    Removing stm32f10x_i2c.o(i.I2C_Send7bitAddress), (18 bytes).
    Removing stm32f10x_i2c.o(i.I2C_SendData), (4 bytes).
    Removing stm32f10x_i2c.o(i.I2C_SoftwareResetCmd), (22 bytes).
    Removing stm32f10x_i2c.o(i.I2C_StretchClockCmd), (24 bytes).
    Removing stm32f10x_i2c.o(i.I2C_StructInit), (30 bytes).
    Removing stm32f10x_i2c.o(i.I2C_TransmitPEC), (24 bytes).
    Removing stm32f10x_rcc.o(i.RCC_ADCCLKConfig), (24 bytes).
    Removing stm32f10x_rcc.o(i.RCC_AHBPeriphClockCmd), (32 bytes).
    Removing stm32f10x_rcc.o(i.RCC_AdjustHSICalibrationValue), (24 bytes).
    Removing stm32f10x_rcc.o(i.RCC_BackupResetCmd), (12 bytes).
    Removing stm32f10x_rcc.o(i.RCC_ClearFlag), (20 bytes).
    Removing stm32f10x_rcc.o(i.RCC_ClearITPendingBit), (12 bytes).
    Removing stm32f10x_rcc.o(i.RCC_ClockSecuritySystemCmd), (12 bytes).
    Removing stm32f10x_rcc.o(i.RCC_GetFlagStatus), (60 bytes).
    Removing stm32f10x_rcc.o(i.RCC_GetITStatus), (24 bytes).
    Removing stm32f10x_rcc.o(i.RCC_GetSYSCLKSource), (16 bytes).
    Removing stm32f10x_rcc.o(i.RCC_HCLKConfig), (24 bytes).
    Removing stm32f10x_rcc.o(i.RCC_HSEConfig), (76 bytes).
    Removing stm32f10x_rcc.o(i.RCC_HSICmd), (12 bytes).
    Removing stm32f10x_rcc.o(i.RCC_ITConfig), (32 bytes).
    Removing stm32f10x_rcc.o(i.RCC_LSEConfig), (52 bytes).
    Removing stm32f10x_rcc.o(i.RCC_LSICmd), (12 bytes).
    Removing stm32f10x_rcc.o(i.RCC_MCOConfig), (12 bytes).
    Removing stm32f10x_rcc.o(i.RCC_PCLK1Config), (24 bytes).
    Removing stm32f10x_rcc.o(i.RCC_PCLK2Config), (24 bytes).
    Removing stm32f10x_rcc.o(i.RCC_PLLCmd), (12 bytes).
    Removing stm32f10x_rcc.o(i.RCC_PLLConfig), (28 bytes).
    Removing stm32f10x_rcc.o(i.RCC_RTCCLKCmd), (12 bytes).
    Removing stm32f10x_rcc.o(i.RCC_RTCCLKConfig), (16 bytes).
    Removing stm32f10x_rcc.o(i.RCC_SYSCLKConfig), (24 bytes).
    Removing stm32f10x_rcc.o(i.RCC_USBCLKConfig), (12 bytes).
    Removing stm32f10x_rcc.o(i.RCC_WaitForHSEStartUp), (56 bytes).
    Removing stm32f10x_sdio.o(i.SDIO_CEATAITCmd), (16 bytes).
    Removing stm32f10x_sdio.o(i.SDIO_ClearFlag), (12 bytes).
    Removing stm32f10x_sdio.o(i.SDIO_ClearITPendingBit), (12 bytes).
    Removing stm32f10x_sdio.o(i.SDIO_ClockCmd), (12 bytes).
    Removing stm32f10x_sdio.o(i.SDIO_CmdStructInit), (14 bytes).
    Removing stm32f10x_sdio.o(i.SDIO_CommandCompletionCmd), (12 bytes).
    Removing stm32f10x_sdio.o(i.SDIO_DMACmd), (12 bytes).
    Removing stm32f10x_sdio.o(i.SDIO_DataConfig), (48 bytes).
    Removing stm32f10x_sdio.o(i.SDIO_DataStructInit), (20 bytes).
    Removing stm32f10x_sdio.o(i.SDIO_DeInit), (36 bytes).
    Removing stm32f10x_sdio.o(i.SDIO_GetCommandResponse), (12 bytes).
    Removing stm32f10x_sdio.o(i.SDIO_GetDataCounter), (12 bytes).
    Removing stm32f10x_sdio.o(i.SDIO_GetFIFOCount), (12 bytes).
    Removing stm32f10x_sdio.o(i.SDIO_GetFlagStatus), (24 bytes).
    Removing stm32f10x_sdio.o(i.SDIO_GetITStatus), (24 bytes).
    Removing stm32f10x_sdio.o(i.SDIO_GetPowerState), (16 bytes).
    Removing stm32f10x_sdio.o(i.SDIO_GetResponse), (24 bytes).
    Removing stm32f10x_sdio.o(i.SDIO_ITConfig), (32 bytes).
    Removing stm32f10x_sdio.o(i.SDIO_Init), (48 bytes).
    Removing stm32f10x_sdio.o(i.SDIO_ReadData), (12 bytes).
    Removing stm32f10x_sdio.o(i.SDIO_SendCEATACmd), (12 bytes).
    Removing stm32f10x_sdio.o(i.SDIO_SendCommand), (44 bytes).
    Removing stm32f10x_sdio.o(i.SDIO_SendSDIOSuspendCmd), (12 bytes).
    Removing stm32f10x_sdio.o(i.SDIO_SetPowerState), (28 bytes).
    Removing stm32f10x_sdio.o(i.SDIO_SetSDIOOperation), (12 bytes).
    Removing stm32f10x_sdio.o(i.SDIO_SetSDIOReadWaitMode), (12 bytes).
    Removing stm32f10x_sdio.o(i.SDIO_StartSDIOReadWait), (12 bytes).
    Removing stm32f10x_sdio.o(i.SDIO_StopSDIOReadWait), (12 bytes).
    Removing stm32f10x_sdio.o(i.SDIO_StructInit), (16 bytes).
    Removing stm32f10x_sdio.o(i.SDIO_WriteData), (12 bytes).
    Removing stm32f10x_spi.o(i.I2S_Cmd), (24 bytes).
    Removing stm32f10x_spi.o(i.I2S_Init), (232 bytes).
    Removing stm32f10x_spi.o(i.I2S_StructInit), (20 bytes).
    Removing stm32f10x_spi.o(i.SPI_BiDirectionalLineConfig), (28 bytes).
    Removing stm32f10x_spi.o(i.SPI_CalculateCRC), (24 bytes).
    Removing stm32f10x_spi.o(i.SPI_Cmd), (24 bytes).
    Removing stm32f10x_spi.o(i.SPI_DataSizeConfig), (18 bytes).
    Removing stm32f10x_spi.o(i.SPI_GetCRC), (16 bytes).
    Removing stm32f10x_spi.o(i.SPI_GetCRCPolynomial), (6 bytes).
    Removing stm32f10x_spi.o(i.SPI_I2S_ClearFlag), (6 bytes).
    Removing stm32f10x_spi.o(i.SPI_I2S_ClearITPendingBit), (20 bytes).
    Removing stm32f10x_spi.o(i.SPI_I2S_DMACmd), (18 bytes).
    Removing stm32f10x_spi.o(i.SPI_I2S_DeInit), (88 bytes).
    Removing stm32f10x_spi.o(i.SPI_I2S_GetFlagStatus), (18 bytes).
    Removing stm32f10x_spi.o(i.SPI_I2S_GetITStatus), (52 bytes).
    Removing stm32f10x_spi.o(i.SPI_I2S_ITConfig), (32 bytes).
    Removing stm32f10x_spi.o(i.SPI_I2S_ReceiveData), (6 bytes).
    Removing stm32f10x_spi.o(i.SPI_I2S_SendData), (4 bytes).
    Removing stm32f10x_spi.o(i.SPI_Init), (60 bytes).
    Removing stm32f10x_spi.o(i.SPI_NSSInternalSoftwareConfig), (30 bytes).
    Removing stm32f10x_spi.o(i.SPI_SSOutputCmd), (24 bytes).
    Removing stm32f10x_spi.o(i.SPI_StructInit), (24 bytes).
    Removing stm32f10x_spi.o(i.SPI_TransmitCRC), (10 bytes).
    Removing stm32f10x_usart.o(i.USART_ClearFlag), (18 bytes).
    Removing stm32f10x_usart.o(i.USART_ClockInit), (34 bytes).
    Removing stm32f10x_usart.o(i.USART_ClockStructInit), (12 bytes).
    Removing stm32f10x_usart.o(i.USART_DMACmd), (18 bytes).
    Removing stm32f10x_usart.o(i.USART_HalfDuplexCmd), (24 bytes).
    Removing stm32f10x_usart.o(i.USART_IrDACmd), (24 bytes).
    Removing stm32f10x_usart.o(i.USART_IrDAConfig), (18 bytes).
    Removing stm32f10x_usart.o(i.USART_LINBreakDetectLengthConfig), (18 bytes).
    Removing stm32f10x_usart.o(i.USART_LINCmd), (24 bytes).
    Removing stm32f10x_usart.o(i.USART_OneBitMethodCmd), (24 bytes).
    Removing stm32f10x_usart.o(i.USART_OverSampling8Cmd), (22 bytes).
    Removing stm32f10x_usart.o(i.USART_ReceiverWakeUpCmd), (24 bytes).
    Removing stm32f10x_usart.o(i.USART_SendBreak), (10 bytes).
    Removing stm32f10x_usart.o(i.USART_SetAddress), (18 bytes).
    Removing stm32f10x_usart.o(i.USART_SetGuardTime), (16 bytes).
    Removing stm32f10x_usart.o(i.USART_SetPrescaler), (16 bytes).
    Removing stm32f10x_usart.o(i.USART_SmartCardCmd), (24 bytes).
    Removing stm32f10x_usart.o(i.USART_SmartCardNACKCmd), (24 bytes).
    Removing stm32f10x_usart.o(i.USART_StructInit), (24 bytes).
    Removing stm32f10x_usart.o(i.USART_WakeUpConfig), (18 bytes).
    Removing misc.o(i.NVIC_SystemLPConfig), (32 bytes).
    Removing misc.o(i.SysTick_CLKSourceConfig), (40 bytes).
    Removing stm32f10x_iwdg.o(i.IWDG_Enable), (16 bytes).
    Removing stm32f10x_iwdg.o(i.IWDG_GetFlagStatus), (24 bytes).
    Removing stm32f10x_iwdg.o(i.IWDG_SetPrescaler), (12 bytes).
    Removing stm32f10x_iwdg.o(i.IWDG_SetReload), (12 bytes).
    Removing stm32f10x_iwdg.o(i.IWDG_WriteAccessCmd), (12 bytes).
    Removing system_stm32f10x.o(i.SystemCoreClockUpdate), (164 bytes).
    Removing system_stm32f10x.o(.data), (20 bytes).
    Removing startup_stm32f10x_md.o(HEAP), (512 bytes).
    Removing printk.o(i.number), (568 bytes).
    Removing printk.o(i.strnlen), (30 bytes).
    Removing command.o(i.execsubcmd), (100 bytes).
    Removing command.o(i.print_usage), (60 bytes).
    Removing command.o(i.unparseargs), (52 bytes).
    Removing string.o(i.binarytohex), (104 bytes).
    Removing string.o(i.hex_dump), (228 bytes).
    Removing string.o(i.putnstr), (34 bytes).
    Removing string.o(i.putstr), (22 bytes).
    Removing string.o(i.putstr_hex), (40 bytes).
    Removing string.o(i.u32todecimal), (84 bytes).
    Removing string.o(.data), (17 bytes).
    Removing term.o(.constdata), (37 bytes).

223 unused section(s) (total 10178 bytes) removed from the image.

==============================================================================

Image Symbol Table

    Local Symbols

    Symbol Name                              Value     Ov Type        Size  Object(Section)

    ../clib/microlib/division.c              0x00000000   Number         0  uldiv.o ABSOLUTE
    ../clib/microlib/division.c              0x00000000   Number         0  uidiv.o ABSOLUTE
    ../clib/microlib/init/entry.s            0x00000000   Number         0  entry5.o ABSOLUTE
    ../clib/microlib/init/entry.s            0x00000000   Number         0  entry.o ABSOLUTE
    ../clib/microlib/init/entry.s            0x00000000   Number         0  entry7b.o ABSOLUTE
    ../clib/microlib/init/entry.s            0x00000000   Number         0  entry8a.o ABSOLUTE
    ../clib/microlib/init/entry.s            0x00000000   Number         0  entry8b.o ABSOLUTE
    ../clib/microlib/init/entry.s            0x00000000   Number         0  entry9b.o ABSOLUTE
    ../clib/microlib/init/entry.s            0x00000000   Number         0  entry2.o ABSOLUTE
    ../clib/microlib/init/entry.s            0x00000000   Number         0  entry10a.o ABSOLUTE
    ../clib/microlib/init/entry.s            0x00000000   Number         0  entry9a.o ABSOLUTE
    ../clib/microlib/init/entry.s            0x00000000   Number         0  entry10b.o ABSOLUTE
    ../clib/microlib/init/entry.s            0x00000000   Number         0  entry11a.o ABSOLUTE
    ../clib/microlib/init/entry.s            0x00000000   Number         0  entry11b.o ABSOLUTE
    ../clib/microlib/init/entry.s            0x00000000   Number         0  entry12a.o ABSOLUTE
    ../clib/microlib/init/entry.s            0x00000000   Number         0  entry12b.o ABSOLUTE
    ../clib/microlib/init/entry.s            0x00000000   Number         0  entry7a.o ABSOLUTE
    ../clib/microlib/longlong.c              0x00000000   Number         0  llshl.o ABSOLUTE
    ../clib/microlib/longlong.c              0x00000000   Number         0  llushr.o ABSOLUTE
    ../clib/microlib/longlong.c              0x00000000   Number         0  llsshr.o ABSOLUTE
    ../clib/microlib/printf/printf.c         0x00000000   Number         0  printfa.o ABSOLUTE
    ../clib/microlib/stdio/streams.c         0x00000000   Number         0  stdout.o ABSOLUTE
    ../clib/microlib/string/memcpy.c         0x00000000   Number         0  memcpya.o ABSOLUTE
    ../clib/microlib/string/memcpy.c         0x00000000   Number         0  memcpyb.o ABSOLUTE
    ../clib/microlib/string/memset.c         0x00000000   Number         0  memseta.o ABSOLUTE
    ../clib/microlib/string/strcat.c         0x00000000   Number         0  strcat.o ABSOLUTE
    ../clib/microlib/string/strlen.c         0x00000000   Number         0  strlen.o ABSOLUTE
    ../clib/microlib/string/strncmp.c        0x00000000   Number         0  strncmp.o ABSOLUTE
    ../clib/microlib/stubs.s                 0x00000000   Number         0  iusefp.o ABSOLUTE
    ../fplib/microlib/fpadd.c                0x00000000   Number         0  dadd.o ABSOLUTE
    ../fplib/microlib/fpdiv.c                0x00000000   Number         0  ddiv.o ABSOLUTE
    ../fplib/microlib/fpepilogue.c           0x00000000   Number         0  depilogue.o ABSOLUTE
    ../fplib/microlib/fpfix.c                0x00000000   Number         0  dfixul.o ABSOLUTE
    ../fplib/microlib/fpmul.c                0x00000000   Number         0  dmul.o ABSOLUTE
    ..\..\..\Libraries\CMSIS\CM3\CoreSupport\core_cm3.c 0x00000000   Number         0  core_cm3.o ABSOLUTE
    ..\..\..\Libraries\STM32F10x_StdPeriph_Driver\src\misc.c 0x00000000   Number         0  misc.o ABSOLUTE
    ..\..\..\Libraries\STM32F10x_StdPeriph_Driver\src\stm32f10x_dma.c 0x00000000   Number         0  stm32f10x_dma.o ABSOLUTE
    ..\..\..\Libraries\STM32F10x_StdPeriph_Driver\src\stm32f10x_exti.c 0x00000000   Number         0  stm32f10x_exti.o ABSOLUTE
    ..\..\..\Libraries\STM32F10x_StdPeriph_Driver\src\stm32f10x_flash.c 0x00000000   Number         0  stm32f10x_flash.o ABSOLUTE
    ..\..\..\Libraries\STM32F10x_StdPeriph_Driver\src\stm32f10x_gpio.c 0x00000000   Number         0  stm32f10x_gpio.o ABSOLUTE
    ..\..\..\Libraries\STM32F10x_StdPeriph_Driver\src\stm32f10x_i2c.c 0x00000000   Number         0  stm32f10x_i2c.o ABSOLUTE
    ..\..\..\Libraries\STM32F10x_StdPeriph_Driver\src\stm32f10x_iwdg.c 0x00000000   Number         0  stm32f10x_iwdg.o ABSOLUTE
    ..\..\..\Libraries\STM32F10x_StdPeriph_Driver\src\stm32f10x_rcc.c 0x00000000   Number         0  stm32f10x_rcc.o ABSOLUTE
    ..\..\..\Libraries\STM32F10x_StdPeriph_Driver\src\stm32f10x_sdio.c 0x00000000   Number         0  stm32f10x_sdio.o ABSOLUTE
    ..\..\..\Libraries\STM32F10x_StdPeriph_Driver\src\stm32f10x_spi.c 0x00000000   Number         0  stm32f10x_spi.o ABSOLUTE
    ..\..\..\Libraries\STM32F10x_StdPeriph_Driver\src\stm32f10x_usart.c 0x00000000   Number         0  stm32f10x_usart.o ABSOLUTE
    ..\Flash\flash.c                         0x00000000   Number         0  flash.o ABSOLUTE
    ..\\..\\..\\Libraries\\CMSIS\\CM3\\CoreSupport\\core_cm3.c 0x00000000   Number         0  core_cm3.o ABSOLUTE
    ..\\console\\command.c                   0x00000000   Number         0  command.o ABSOLUTE
    ..\console\command.c                     0x00000000   Number         0  command.o ABSOLUTE
    ..\console\getcmd.c                      0x00000000   Number         0  getcmd.o ABSOLUTE
    ..\console\printk.c                      0x00000000   Number         0  printk.o ABSOLUTE
    ..\console\string.c                      0x00000000   Number         0  string.o ABSOLUTE
    ..\console\term.c                        0x00000000   Number         0  term.o ABSOLUTE
    ..\src\common.c                          0x00000000   Number         0  common.o ABSOLUTE
    ..\src\main.c                            0x00000000   Number         0  main.o ABSOLUTE
    ..\src\stm32f10x_it.c                    0x00000000   Number         0  stm32f10x_it.o ABSOLUTE
    ..\src\system_stm32f10x.c                0x00000000   Number         0  system_stm32f10x.o ABSOLUTE
    ..\src\ymodem.c                          0x00000000   Number         0  ymodem.o ABSOLUTE
    cdrcmple.s                               0x00000000   Number         0  cdrcmple.o ABSOLUTE
    dc.s                                     0x00000000   Number         0  dc.o ABSOLUTE
    handlers.s                               0x00000000   Number         0  handlers.o ABSOLUTE
    init.s                                   0x00000000   Number         0  init.o ABSOLUTE
    startup_stm32f10x_md.s                   0x00000000   Number         0  startup_stm32f10x_md.o ABSOLUTE
    RESET                                    0x08000000   Section      236  startup_stm32f10x_md.o(RESET)
    .ARM.Collect$$$$00000000                 0x080000ec   Section        0  entry.o(.ARM.Collect$$$$00000000)
    .ARM.Collect$$$$00000001                 0x080000ec   Section        4  entry2.o(.ARM.Collect$$$$00000001)
    .ARM.Collect$$$$00000004                 0x080000f0   Section        4  entry5.o(.ARM.Collect$$$$00000004)
    .ARM.Collect$$$$00000008                 0x080000f4   Section        0  entry7b.o(.ARM.Collect$$$$00000008)
    .ARM.Collect$$$$0000000A                 0x080000f4   Section        0  entry8b.o(.ARM.Collect$$$$0000000A)
    .ARM.Collect$$$$0000000B                 0x080000f4   Section        8  entry9a.o(.ARM.Collect$$$$0000000B)
    .ARM.Collect$$$$0000000E                 0x080000fc   Section        4  entry12b.o(.ARM.Collect$$$$0000000E)
    .ARM.Collect$$$$0000000F                 0x08000100   Section        0  entry10a.o(.ARM.Collect$$$$0000000F)
    .ARM.Collect$$$$00000011                 0x08000100   Section        0  entry11a.o(.ARM.Collect$$$$00000011)
    .ARM.Collect$$$$00002712                 0x08000100   Section        4  entry2.o(.ARM.Collect$$$$00002712)
    __lit__00000000                          0x08000100   Data           4  entry2.o(.ARM.Collect$$$$00002712)
    .emb_text                                0x08000104   Section       32  core_cm3.o(.emb_text)
    .emb_text                                0x08000124   Section       24  command.o(.emb_text)
    .text                                    0x0800013c   Section       36  startup_stm32f10x_md.o(.text)
    .text                                    0x08000160   Section        0  memseta.o(.text)
    .text                                    0x08000184   Section        0  strlen.o(.text)
    .text                                    0x08000192   Section        0  strncmp.o(.text)
    .text                                    0x080001b0   Section        0  uidiv.o(.text)
    .text                                    0x080001dc   Section        0  uldiv.o(.text)
    .text                                    0x0800023e   Section        0  dadd.o(.text)
    .text                                    0x0800023e   Section        0  iusefp.o(.text)
    .text                                    0x0800038c   Section        0  dmul.o(.text)
    .text                                    0x08000470   Section        0  ddiv.o(.text)
    .text                                    0x0800054e   Section        0  dfixul.o(.text)
    .text                                    0x08000580   Section       48  cdrcmple.o(.text)
    .text                                    0x080005b0   Section       36  init.o(.text)
    .text                                    0x080005d4   Section        0  llshl.o(.text)
    .text                                    0x080005f2   Section        0  llushr.o(.text)
    .text                                    0x08000612   Section        0  llsshr.o(.text)
    .text                                    0x08000636   Section        0  depilogue.o(.text)
    i.BusFault_Handler                       0x080006f0   Section        0  stm32f10x_it.o(i.BusFault_Handler)
    i.Cal_CRC16                              0x080006f4   Section        0  ymodem.o(i.Cal_CRC16)
    i.DebugMon_Handler                       0x08000728   Section        0  stm32f10x_it.o(i.DebugMon_Handler)
    i.FLASH_ErasePage                        0x0800072c   Section        0  stm32f10x_flash.o(i.FLASH_ErasePage)
    i.FLASH_GetBank1Status                   0x08000778   Section        0  stm32f10x_flash.o(i.FLASH_GetBank1Status)
    i.FLASH_Lock                             0x080007ac   Section        0  stm32f10x_flash.o(i.FLASH_Lock)
    i.FLASH_PagesMask                        0x080007c0   Section        0  common.o(i.FLASH_PagesMask)
    i.FLASH_ProgramHalfWord                  0x080007d8   Section        0  stm32f10x_flash.o(i.FLASH_ProgramHalfWord)
    i.FLASH_ProgramWord                      0x08000818   Section        0  stm32f10x_flash.o(i.FLASH_ProgramWord)
    i.FLASH_Unlock                           0x08000884   Section        0  stm32f10x_flash.o(i.FLASH_Unlock)
    i.FLASH_WaitForLastOperation             0x0800089c   Section        0  stm32f10x_flash.o(i.FLASH_WaitForLastOperation)
    i.GPIO_DeInit                            0x080008c4   Section        0  stm32f10x_gpio.o(i.GPIO_DeInit)
    i.GPIO_Init                              0x0800098c   Section        0  stm32f10x_gpio.o(i.GPIO_Init)
    i.GPIO_ResetBits                         0x08000aa2   Section        0  stm32f10x_gpio.o(i.GPIO_ResetBits)
    i.GPIO_SetBits                           0x08000aa6   Section        0  stm32f10x_gpio.o(i.GPIO_SetBits)
    i.HardFault_Handler                      0x08000aaa   Section        0  stm32f10x_it.o(i.HardFault_Handler)
    i.IWDG_ReloadCounter                     0x08000ab0   Section        0  stm32f10x_iwdg.o(i.IWDG_ReloadCounter)
    i.LED_Init                               0x08000ac0   Section        0  main.o(i.LED_Init)
    LED_Init                                 0x08000ac1   Thumb Code    48  main.o(i.LED_Init)
    i.LED_Toogle                             0x08000af4   Section        0  main.o(i.LED_Toogle)
    i.MemManage_Handler                      0x08000b2c   Section        0  stm32f10x_it.o(i.MemManage_Handler)
    i.NMI_Handler                            0x08000b30   Section        0  stm32f10x_it.o(i.NMI_Handler)
    i.NVIC_Configuration                     0x08000b32   Section        0  main.o(i.NVIC_Configuration)
    NVIC_Configuration                       0x08000b33   Thumb Code    40  main.o(i.NVIC_Configuration)
    i.NVIC_Init                              0x08000b5c   Section        0  misc.o(i.NVIC_Init)
    i.NVIC_PriorityGroupConfig               0x08000bcc   Section        0  misc.o(i.NVIC_PriorityGroupConfig)
    i.NVIC_SetVectorTable                    0x08000be0   Section        0  misc.o(i.NVIC_SetVectorTable)
    i.PendSV_Handler                         0x08000bf4   Section        0  stm32f10x_it.o(i.PendSV_Handler)
    i.RCC_APB1PeriphClockCmd                 0x08000bf8   Section        0  stm32f10x_rcc.o(i.RCC_APB1PeriphClockCmd)
    i.RCC_APB1PeriphResetCmd                 0x08000c18   Section        0  stm32f10x_rcc.o(i.RCC_APB1PeriphResetCmd)
    i.RCC_APB2PeriphClockCmd                 0x08000c38   Section        0  stm32f10x_rcc.o(i.RCC_APB2PeriphClockCmd)
    i.RCC_APB2PeriphResetCmd                 0x08000c58   Section        0  stm32f10x_rcc.o(i.RCC_APB2PeriphResetCmd)
    i.RCC_DeInit                             0x08000c78   Section        0  stm32f10x_rcc.o(i.RCC_DeInit)
    i.RCC_GetClocksFreq                      0x08000cc4   Section        0  stm32f10x_rcc.o(i.RCC_GetClocksFreq)
    i.Receive_Byte                           0x08000d98   Section        0  ymodem.o(i.Receive_Byte)
    Receive_Byte                             0x08000d99   Thumb Code    52  ymodem.o(i.Receive_Byte)
    i.Receive_Packet                         0x08000dcc   Section        0  ymodem.o(i.Receive_Packet)
    Receive_Packet                           0x08000dcd   Thumb Code   396  ymodem.o(i.Receive_Packet)
    i.RunUserProgram                         0x08000f60   Section        0  ymodem.o(i.RunUserProgram)
    i.SVC_Handler                            0x08001070   Section        0  stm32f10x_it.o(i.SVC_Handler)
    i.Send_Byte                              0x08001072   Section        0  ymodem.o(i.Send_Byte)
    Send_Byte                                0x08001073   Thumb Code    14  ymodem.o(i.Send_Byte)
    i.SerialKeyPressed                       0x08001080   Section        0  common.o(i.SerialKeyPressed)
    i.SerialPutChar                          0x0800108c   Section        0  common.o(i.SerialPutChar)
    i.SetSysClock                            0x080010ac   Section        0  system_stm32f10x.o(i.SetSysClock)
    SetSysClock                              0x080010ad   Thumb Code     8  system_stm32f10x.o(i.SetSysClock)
    i.SetSysClockTo72                        0x080010b4   Section        0  system_stm32f10x.o(i.SetSysClockTo72)
    SetSysClockTo72                          0x080010b5   Thumb Code   214  system_stm32f10x.o(i.SetSysClockTo72)
    i.SysTick_Handler                        0x08001194   Section        0  stm32f10x_it.o(i.SysTick_Handler)
    i.SystemInit                             0x080011b0   Section        0  system_stm32f10x.o(i.SystemInit)
    i.Terminal_Init                          0x08001210   Section        0  main.o(i.Terminal_Init)
    Terminal_Init                            0x08001211   Thumb Code   144  main.o(i.Terminal_Init)
    i.USART2_IRQHandler                      0x080012a8   Section        0  stm32f10x_it.o(i.USART2_IRQHandler)
    i.USART_ClearITPendingBit                0x080012d4   Section        0  stm32f10x_usart.o(i.USART_ClearITPendingBit)
    i.USART_Cmd                              0x080012f2   Section        0  stm32f10x_usart.o(i.USART_Cmd)
    i.USART_DeInit                           0x0800130c   Section        0  stm32f10x_usart.o(i.USART_DeInit)
    i.USART_GetFlagStatus                    0x080013a8   Section        0  stm32f10x_usart.o(i.USART_GetFlagStatus)
    i.USART_GetITStatus                      0x080013c2   Section        0  stm32f10x_usart.o(i.USART_GetITStatus)
    i.USART_ITConfig                         0x08001416   Section        0  stm32f10x_usart.o(i.USART_ITConfig)
    i.USART_Init                             0x08001460   Section        0  stm32f10x_usart.o(i.USART_Init)
    i.USART_ReceiveData                      0x08001538   Section        0  stm32f10x_usart.o(i.USART_ReceiveData)
    i.USART_SendData                         0x08001542   Section        0  stm32f10x_usart.o(i.USART_SendData)
    i.UpdateCRC16                            0x0800154a   Section        0  ymodem.o(i.UpdateCRC16)
    i.UsageFault_Handler                     0x0800157c   Section        0  stm32f10x_it.o(i.UsageFault_Handler)
    i.Ymodem_Receive                         0x08001580   Section        0  ymodem.o(i.Ymodem_Receive)
    i.__0vsnprintf                           0x08001834   Section        0  printfa.o(i.__0vsnprintf)
    i.__scatterload_copy                     0x08001868   Section       14  handlers.o(i.__scatterload_copy)
    i.__scatterload_null                     0x08001876   Section        2  handlers.o(i.__scatterload_null)
    i.__scatterload_zeroinit                 0x08001878   Section       14  handlers.o(i.__scatterload_zeroinit)
    i._flash_Erase_Pages                     0x08001886   Section        0  flash.o(i._flash_Erase_Pages)
    i._fp_digits                             0x080018c0   Section        0  printfa.o(i._fp_digits)
    _fp_digits                               0x080018c1   Thumb Code   366  printfa.o(i._fp_digits)
    i._printf_core                           0x08001a44   Section        0  printfa.o(i._printf_core)
    _printf_core                             0x08001a45   Thumb Code  1704  printfa.o(i._printf_core)
    i._printf_post_padding                   0x080020f8   Section        0  printfa.o(i._printf_post_padding)
    _printf_post_padding                     0x080020f9   Thumb Code    36  printfa.o(i._printf_post_padding)
    i._printf_pre_padding                    0x0800211c   Section        0  printfa.o(i._printf_pre_padding)
    _printf_pre_padding                      0x0800211d   Thumb Code    46  printfa.o(i._printf_pre_padding)
    i._snputc                                0x0800214a   Section        0  printfa.o(i._snputc)
    _snputc                                  0x0800214b   Thumb Code    22  printfa.o(i._snputc)
    i.add_command                            0x08002160   Section        0  command.o(i.add_command)
    i.command_help                           0x08002184   Section        0  command.o(i.command_help)
    i.command_iap                            0x08002210   Section        0  command.o(i.command_iap)
    i.command_reset                          0x0800237c   Section        0  command.o(i.command_reset)
    i.command_save                           0x080023a8   Section        0  command.o(i.command_save)
    i.enter_iap                              0x080023dc   Section        0  command.o(i.enter_iap)
    i.exec_string                            0x080023f8   Section        0  command.o(i.exec_string)
    i.execcmd                                0x08002434   Section        0  command.o(i.execcmd)
    i.find_cmd                               0x080024b0   Section        0  command.o(i.find_cmd)
    i.flash_read                             0x080024e0   Section        0  flash.o(i.flash_read)
    i.flash_write                            0x08002520   Section        0  flash.o(i.flash_write)
    i.getcc                                  0x0800257c   Section        0  ymodem.o(i.getcc)
    i.getcmd                                 0x080025b8   Section        0  getcmd.o(i.getcmd)
    i.init_builtin_cmds                      0x08002654   Section        0  command.o(i.init_builtin_cmds)
    i.invalid_cmd                            0x0800268c   Section        0  command.o(i.invalid_cmd)
    i.main                                   0x080026b0   Section        0  main.o(i.main)
    i.parseargs                              0x08002764   Section        0  command.o(i.parseargs)
    i.printk                                 0x0800281c   Section        0  printk.o(i.printk)
    i.putcc                                  0x08002864   Section        0  ymodem.o(i.putcc)
    i.ringbuf_flush                          0x08002880   Section        0  common.o(i.ringbuf_flush)
    i.ringbuf_read                           0x08002894   Section        0  common.o(i.ringbuf_read)
    i.ringbuf_write                          0x080028f4   Section        0  common.o(i.ringbuf_write)
    i.serial_terminal                        0x08002920   Section        0  term.o(i.serial_terminal)
    i.stringtoul                             0x08002954   Section        0  string.o(i.stringtoul)
    .conststring                             0x080029e8   Section      186  command.o(.conststring)
    .data                                    0x20000000   Section       24  common.o(.data)
    rbuf_write_index                         0x20000014   Data           2  common.o(.data)
    rbuf_read_index                          0x20000016   Data           2  common.o(.data)
    .data                                    0x20000018   Section        2  main.o(.data)
    state                                    0x20000019   Data           1  main.o(.data)
    .data                                    0x2000001a   Section        2  ymodem.o(.data)
    Use_CRC                                  0x2000001a   Data           1  ymodem.o(.data)
    tcp_valid                                0x2000001b   Data           1  ymodem.o(.data)
    .data                                    0x2000001c   Section       20  stm32f10x_rcc.o(.data)
    APBAHBPrescTable                         0x2000001c   Data          16  stm32f10x_rcc.o(.data)
    ADCPrescTable                            0x2000002c   Data           4  stm32f10x_rcc.o(.data)
    .data                                    0x20000030   Section      104  command.o(.data)
    head_cmd                                 0x20000040   Data           4  command.o(.data)
    tail_cmd                                 0x20000044   Data           4  command.o(.data)
    .bss                                     0x20000098   Section     2048  common.o(.bss)
    ringbuf                                  0x20000098   Data        2048  common.o(.bss)
    .bss                                     0x20000898   Section      255  ymodem.o(.bss)
    .bss                                     0x20000997   Section     1024  printk.o(.bss)
    printk_buf                               0x20000997   Data        1024  printk.o(.bss)
    .bss                                     0x20000d98   Section     2128  command.o(.bss)
    .bss                                     0x200015e8   Section      256  term.o(.bss)
    STACK                                    0x200016e8   Section     2048  startup_stm32f10x_md.o(STACK)

    Global Symbols

    Symbol Name                              Value     Ov Type        Size  Object(Section)

    BuildAttributes$$THM_ISAv4$P$D$K$B$S$PE$A:L22UL41UL21$X:L11$S22US41US21$IEEE1$IW$USESV6$~STKCKD$USESV7$~SHL$OSPACE$ROPI$EBA8$MICROLIB$REQ8$PRES8$EABIv2 0x00000000   Number         0  anon$$obj.o ABSOLUTE
    __ARM_use_no_argv                        0x00000000   Number         0  main.o ABSOLUTE
    __arm_fini_                               - Undefined Weak Reference
    __cpp_initialize__aeabi_                  - Undefined Weak Reference
    __cxa_finalize                            - Undefined Weak Reference
    __decompress                              - Undefined Weak Reference
    _clock_init                               - Undefined Weak Reference
    _microlib_exit                            - Undefined Weak Reference
    __Vectors_Size                           0x000000ec   Number         0  startup_stm32f10x_md.o ABSOLUTE
    __Vectors                                0x08000000   Data           4  startup_stm32f10x_md.o(RESET)
    __Vectors_End                            0x080000ec   Data           0  startup_stm32f10x_md.o(RESET)
    __main                                   0x080000ed   Thumb Code     0  entry.o(.ARM.Collect$$$$00000000)
    _main_stk                                0x080000ed   Thumb Code     0  entry2.o(.ARM.Collect$$$$00000001)
    _main_scatterload                        0x080000f1   Thumb Code     0  entry5.o(.ARM.Collect$$$$00000004)
    __main_after_scatterload                 0x080000f5   Thumb Code     0  entry5.o(.ARM.Collect$$$$00000004)
    _main_clock                              0x080000f5   Thumb Code     0  entry7b.o(.ARM.Collect$$$$00000008)
    _main_cpp_init                           0x080000f5   Thumb Code     0  entry8b.o(.ARM.Collect$$$$0000000A)
    _main_init                               0x080000f5   Thumb Code     0  entry9a.o(.ARM.Collect$$$$0000000B)
    __rt_lib_shutdown_fini                   0x080000fd   Thumb Code     0  entry12b.o(.ARM.Collect$$$$0000000E)
    __rt_final_cpp                           0x08000101   Thumb Code     0  entry10a.o(.ARM.Collect$$$$0000000F)
    __rt_final_exit                          0x08000101   Thumb Code     0  entry11a.o(.ARM.Collect$$$$00000011)
    __get_PSP                                0x08000105   Thumb Code     6  core_cm3.o(.emb_text)
    __set_PSP                                0x0800010b   Thumb Code     6  core_cm3.o(.emb_text)
    __get_MSP                                0x08000111   Thumb Code     6  core_cm3.o(.emb_text)
    __set_MSP                                0x08000117   Thumb Code     6  core_cm3.o(.emb_text)
    __REV16                                  0x0800011d   Thumb Code     4  core_cm3.o(.emb_text)
    __REVSH                                  0x08000121   Thumb Code     4  core_cm3.o(.emb_text)
    __asm___9_command_c_prompt__SystemReset  0x08000125   Thumb Code    16  command.o(.emb_text)
    Reset_Handler                            0x0800013d   Thumb Code     8  startup_stm32f10x_md.o(.text)
    ADC1_2_IRQHandler                        0x08000157   Thumb Code     0  startup_stm32f10x_md.o(.text)
    CAN1_RX1_IRQHandler                      0x08000157   Thumb Code     0  startup_stm32f10x_md.o(.text)
    CAN1_SCE_IRQHandler                      0x08000157   Thumb Code     0  startup_stm32f10x_md.o(.text)
    DMA1_Channel1_IRQHandler                 0x08000157   Thumb Code     0  startup_stm32f10x_md.o(.text)
    DMA1_Channel2_IRQHandler                 0x08000157   Thumb Code     0  startup_stm32f10x_md.o(.text)
    DMA1_Channel3_IRQHandler                 0x08000157   Thumb Code     0  startup_stm32f10x_md.o(.text)
    DMA1_Channel4_IRQHandler                 0x08000157   Thumb Code     0  startup_stm32f10x_md.o(.text)
    DMA1_Channel5_IRQHandler                 0x08000157   Thumb Code     0  startup_stm32f10x_md.o(.text)
    DMA1_Channel6_IRQHandler                 0x08000157   Thumb Code     0  startup_stm32f10x_md.o(.text)
    DMA1_Channel7_IRQHandler                 0x08000157   Thumb Code     0  startup_stm32f10x_md.o(.text)
    EXTI0_IRQHandler                         0x08000157   Thumb Code     0  startup_stm32f10x_md.o(.text)
    EXTI15_10_IRQHandler                     0x08000157   Thumb Code     0  startup_stm32f10x_md.o(.text)
    EXTI1_IRQHandler                         0x08000157   Thumb Code     0  startup_stm32f10x_md.o(.text)
    EXTI2_IRQHandler                         0x08000157   Thumb Code     0  startup_stm32f10x_md.o(.text)
    EXTI3_IRQHandler                         0x08000157   Thumb Code     0  startup_stm32f10x_md.o(.text)
    EXTI4_IRQHandler                         0x08000157   Thumb Code     0  startup_stm32f10x_md.o(.text)
    EXTI9_5_IRQHandler                       0x08000157   Thumb Code     0  startup_stm32f10x_md.o(.text)
    FLASH_IRQHandler                         0x08000157   Thumb Code     0  startup_stm32f10x_md.o(.text)
    I2C1_ER_IRQHandler                       0x08000157   Thumb Code     0  startup_stm32f10x_md.o(.text)
    I2C1_EV_IRQHandler                       0x08000157   Thumb Code     0  startup_stm32f10x_md.o(.text)
    I2C2_ER_IRQHandler                       0x08000157   Thumb Code     0  startup_stm32f10x_md.o(.text)
    I2C2_EV_IRQHandler                       0x08000157   Thumb Code     0  startup_stm32f10x_md.o(.text)
    PVD_IRQHandler                           0x08000157   Thumb Code     0  startup_stm32f10x_md.o(.text)
    RCC_IRQHandler                           0x08000157   Thumb Code     0  startup_stm32f10x_md.o(.text)
    RTCAlarm_IRQHandler                      0x08000157   Thumb Code     0  startup_stm32f10x_md.o(.text)
    RTC_IRQHandler                           0x08000157   Thumb Code     0  startup_stm32f10x_md.o(.text)
    SPI1_IRQHandler                          0x08000157   Thumb Code     0  startup_stm32f10x_md.o(.text)
    SPI2_IRQHandler                          0x08000157   Thumb Code     0  startup_stm32f10x_md.o(.text)
    TAMPER_IRQHandler                        0x08000157   Thumb Code     0  startup_stm32f10x_md.o(.text)
    TIM1_BRK_IRQHandler                      0x08000157   Thumb Code     0  startup_stm32f10x_md.o(.text)
    TIM1_CC_IRQHandler                       0x08000157   Thumb Code     0  startup_stm32f10x_md.o(.text)
    TIM1_TRG_COM_IRQHandler                  0x08000157   Thumb Code     0  startup_stm32f10x_md.o(.text)
    TIM1_UP_IRQHandler                       0x08000157   Thumb Code     0  startup_stm32f10x_md.o(.text)
    TIM2_IRQHandler                          0x08000157   Thumb Code     0  startup_stm32f10x_md.o(.text)
    TIM3_IRQHandler                          0x08000157   Thumb Code     0  startup_stm32f10x_md.o(.text)
    TIM4_IRQHandler                          0x08000157   Thumb Code     0  startup_stm32f10x_md.o(.text)
    USART1_IRQHandler                        0x08000157   Thumb Code     0  startup_stm32f10x_md.o(.text)
    USART3_IRQHandler                        0x08000157   Thumb Code     0  startup_stm32f10x_md.o(.text)
    USBWakeUp_IRQHandler                     0x08000157   Thumb Code     0  startup_stm32f10x_md.o(.text)
    USB_HP_CAN1_TX_IRQHandler                0x08000157   Thumb Code     0  startup_stm32f10x_md.o(.text)
    USB_LP_CAN1_RX0_IRQHandler               0x08000157   Thumb Code     0  startup_stm32f10x_md.o(.text)
    WWDG_IRQHandler                          0x08000157   Thumb Code     0  startup_stm32f10x_md.o(.text)
    __aeabi_memset                           0x08000161   Thumb Code    14  memseta.o(.text)
    __aeabi_memset4                          0x08000161   Thumb Code     0  memseta.o(.text)
    __aeabi_memset8                          0x08000161   Thumb Code     0  memseta.o(.text)
    __aeabi_memclr                           0x0800016f   Thumb Code     4  memseta.o(.text)
    __aeabi_memclr4                          0x0800016f   Thumb Code     0  memseta.o(.text)
    __aeabi_memclr8                          0x0800016f   Thumb Code     0  memseta.o(.text)
    _memset$wrapper                          0x08000173   Thumb Code    18  memseta.o(.text)
    strlen                                   0x08000185   Thumb Code    14  strlen.o(.text)
    strncmp                                  0x08000193   Thumb Code    30  strncmp.o(.text)
    __aeabi_uidiv                            0x080001b1   Thumb Code     0  uidiv.o(.text)
    __aeabi_uidivmod                         0x080001b1   Thumb Code    44  uidiv.o(.text)
    __aeabi_uldivmod                         0x080001dd   Thumb Code    98  uldiv.o(.text)
    __I$use$fp                               0x0800023f   Thumb Code     0  iusefp.o(.text)
    __aeabi_dadd                             0x0800023f   Thumb Code   322  dadd.o(.text)
    __aeabi_dsub                             0x08000381   Thumb Code     6  dadd.o(.text)
    __aeabi_drsub                            0x08000387   Thumb Code     6  dadd.o(.text)
    __aeabi_dmul                             0x0800038d   Thumb Code   228  dmul.o(.text)
    __aeabi_ddiv                             0x08000471   Thumb Code   222  ddiv.o(.text)
    __aeabi_d2ulz                            0x0800054f   Thumb Code    48  dfixul.o(.text)
    __aeabi_cdrcmple                         0x08000581   Thumb Code    48  cdrcmple.o(.text)
    __scatterload                            0x080005b1   Thumb Code    28  init.o(.text)
    __scatterload_rt2                        0x080005b1   Thumb Code     0  init.o(.text)
    __aeabi_llsl                             0x080005d5   Thumb Code    30  llshl.o(.text)
    _ll_shift_l                              0x080005d5   Thumb Code     0  llshl.o(.text)
    __aeabi_llsr                             0x080005f3   Thumb Code    32  llushr.o(.text)
    _ll_ushift_r                             0x080005f3   Thumb Code     0  llushr.o(.text)
    __aeabi_lasr                             0x08000613   Thumb Code    36  llsshr.o(.text)
    _ll_sshift_r                             0x08000613   Thumb Code     0  llsshr.o(.text)
    _double_round                            0x08000637   Thumb Code    30  depilogue.o(.text)
    _double_epilogue                         0x08000655   Thumb Code   156  depilogue.o(.text)
    BusFault_Handler                         0x080006f1   Thumb Code     4  stm32f10x_it.o(i.BusFault_Handler)
    Cal_CRC16                                0x080006f5   Thumb Code    52  ymodem.o(i.Cal_CRC16)
    DebugMon_Handler                         0x08000729   Thumb Code     2  stm32f10x_it.o(i.DebugMon_Handler)
    FLASH_ErasePage                          0x0800072d   Thumb Code    72  stm32f10x_flash.o(i.FLASH_ErasePage)
    FLASH_GetBank1Status                     0x08000779   Thumb Code    48  stm32f10x_flash.o(i.FLASH_GetBank1Status)
    FLASH_Lock                               0x080007ad   Thumb Code    14  stm32f10x_flash.o(i.FLASH_Lock)
    FLASH_PagesMask                          0x080007c1   Thumb Code    24  common.o(i.FLASH_PagesMask)
    FLASH_ProgramHalfWord                    0x080007d9   Thumb Code    60  stm32f10x_flash.o(i.FLASH_ProgramHalfWord)
    FLASH_ProgramWord                        0x08000819   Thumb Code   102  stm32f10x_flash.o(i.FLASH_ProgramWord)
    FLASH_Unlock                             0x08000885   Thumb Code    12  stm32f10x_flash.o(i.FLASH_Unlock)
    FLASH_WaitForLastOperation               0x0800089d   Thumb Code    38  stm32f10x_flash.o(i.FLASH_WaitForLastOperation)
    GPIO_DeInit                              0x080008c5   Thumb Code   172  stm32f10x_gpio.o(i.GPIO_DeInit)
    GPIO_Init                                0x0800098d   Thumb Code   278  stm32f10x_gpio.o(i.GPIO_Init)
    GPIO_ResetBits                           0x08000aa3   Thumb Code     4  stm32f10x_gpio.o(i.GPIO_ResetBits)
    GPIO_SetBits                             0x08000aa7   Thumb Code     4  stm32f10x_gpio.o(i.GPIO_SetBits)
    HardFault_Handler                        0x08000aab   Thumb Code     4  stm32f10x_it.o(i.HardFault_Handler)
    IWDG_ReloadCounter                       0x08000ab1   Thumb Code    10  stm32f10x_iwdg.o(i.IWDG_ReloadCounter)
    LED_Toogle                               0x08000af5   Thumb Code    46  main.o(i.LED_Toogle)
    MemManage_Handler                        0x08000b2d   Thumb Code     4  stm32f10x_it.o(i.MemManage_Handler)
    NMI_Handler                              0x08000b31   Thumb Code     2  stm32f10x_it.o(i.NMI_Handler)
    NVIC_Init                                0x08000b5d   Thumb Code   100  misc.o(i.NVIC_Init)
    NVIC_PriorityGroupConfig                 0x08000bcd   Thumb Code    10  misc.o(i.NVIC_PriorityGroupConfig)
    NVIC_SetVectorTable                      0x08000be1   Thumb Code    12  misc.o(i.NVIC_SetVectorTable)
    PendSV_Handler                           0x08000bf5   Thumb Code     2  stm32f10x_it.o(i.PendSV_Handler)
    RCC_APB1PeriphClockCmd                   0x08000bf9   Thumb Code    26  stm32f10x_rcc.o(i.RCC_APB1PeriphClockCmd)
    RCC_APB1PeriphResetCmd                   0x08000c19   Thumb Code    26  stm32f10x_rcc.o(i.RCC_APB1PeriphResetCmd)
    RCC_APB2PeriphClockCmd                   0x08000c39   Thumb Code    26  stm32f10x_rcc.o(i.RCC_APB2PeriphClockCmd)
    RCC_APB2PeriphResetCmd                   0x08000c59   Thumb Code    26  stm32f10x_rcc.o(i.RCC_APB2PeriphResetCmd)
    RCC_DeInit                               0x08000c79   Thumb Code    64  stm32f10x_rcc.o(i.RCC_DeInit)
    RCC_GetClocksFreq                        0x08000cc5   Thumb Code   192  stm32f10x_rcc.o(i.RCC_GetClocksFreq)
    RunUserProgram                           0x08000f61   Thumb Code   236  ymodem.o(i.RunUserProgram)
    SVC_Handler                              0x08001071   Thumb Code     2  stm32f10x_it.o(i.SVC_Handler)
    SerialKeyPressed                         0x08001081   Thumb Code    12  common.o(i.SerialKeyPressed)
    SerialPutChar                            0x0800108d   Thumb Code    28  common.o(i.SerialPutChar)
    SysTick_Handler                          0x08001195   Thumb Code    24  stm32f10x_it.o(i.SysTick_Handler)
    SystemInit                               0x080011b1   Thumb Code    78  system_stm32f10x.o(i.SystemInit)
    USART2_IRQHandler                        0x080012a9   Thumb Code    40  stm32f10x_it.o(i.USART2_IRQHandler)
    USART_ClearITPendingBit                  0x080012d5   Thumb Code    30  stm32f10x_usart.o(i.USART_ClearITPendingBit)
    USART_Cmd                                0x080012f3   Thumb Code    24  stm32f10x_usart.o(i.USART_Cmd)
    USART_DeInit                             0x0800130d   Thumb Code   134  stm32f10x_usart.o(i.USART_DeInit)
    USART_GetFlagStatus                      0x080013a9   Thumb Code    26  stm32f10x_usart.o(i.USART_GetFlagStatus)
    USART_GetITStatus                        0x080013c3   Thumb Code    84  stm32f10x_usart.o(i.USART_GetITStatus)
    USART_ITConfig                           0x08001417   Thumb Code    74  stm32f10x_usart.o(i.USART_ITConfig)
    USART_Init                               0x08001461   Thumb Code   210  stm32f10x_usart.o(i.USART_Init)
    USART_ReceiveData                        0x08001539   Thumb Code    10  stm32f10x_usart.o(i.USART_ReceiveData)
    USART_SendData                           0x08001543   Thumb Code     8  stm32f10x_usart.o(i.USART_SendData)
    UpdateCRC16                              0x0800154b   Thumb Code    50  ymodem.o(i.UpdateCRC16)
    UsageFault_Handler                       0x0800157d   Thumb Code     4  stm32f10x_it.o(i.UsageFault_Handler)
    Ymodem_Receive                           0x08001581   Thumb Code   638  ymodem.o(i.Ymodem_Receive)
    __0vsnprintf                             0x08001835   Thumb Code    46  printfa.o(i.__0vsnprintf)
    __1vsnprintf                             0x08001835   Thumb Code     0  printfa.o(i.__0vsnprintf)
    __2vsnprintf                             0x08001835   Thumb Code     0  printfa.o(i.__0vsnprintf)
    __c89vsnprintf                           0x08001835   Thumb Code     0  printfa.o(i.__0vsnprintf)
    vsnprintf                                0x08001835   Thumb Code     0  printfa.o(i.__0vsnprintf)
    __scatterload_copy                       0x08001869   Thumb Code    14  handlers.o(i.__scatterload_copy)
    __scatterload_null                       0x08001877   Thumb Code     2  handlers.o(i.__scatterload_null)
    __scatterload_zeroinit                   0x08001879   Thumb Code    14  handlers.o(i.__scatterload_zeroinit)
    _flash_Erase_Pages                       0x08001887   Thumb Code    56  flash.o(i._flash_Erase_Pages)
    add_command                              0x08002161   Thumb Code    28  command.o(i.add_command)
    command_help                             0x08002185   Thumb Code    90  command.o(i.command_help)
    command_iap                              0x08002211   Thumb Code   198  command.o(i.command_iap)
    command_reset                            0x0800237d   Thumb Code    18  command.o(i.command_reset)
    command_save                             0x080023a9   Thumb Code    24  command.o(i.command_save)
    enter_iap                                0x080023dd   Thumb Code    18  command.o(i.enter_iap)
    exec_string                              0x080023f9   Thumb Code    60  command.o(i.exec_string)
    execcmd                                  0x08002435   Thumb Code    44  command.o(i.execcmd)
    find_cmd                                 0x080024b1   Thumb Code    44  command.o(i.find_cmd)
    flash_read                               0x080024e1   Thumb Code    58  flash.o(i.flash_read)
    flash_write                              0x08002521   Thumb Code    88  flash.o(i.flash_write)
    getcc                                    0x0800257d   Thumb Code    52  ymodem.o(i.getcc)
    getcmd                                   0x080025b9   Thumb Code   156  getcmd.o(i.getcmd)
    init_builtin_cmds                        0x08002655   Thumb Code    36  command.o(i.init_builtin_cmds)
    invalid_cmd                              0x0800268d   Thumb Code    12  command.o(i.invalid_cmd)
    main                                     0x080026b1   Thumb Code    98  main.o(i.main)
    parseargs                                0x08002765   Thumb Code   180  command.o(i.parseargs)
    printk                                   0x0800281d   Thumb Code    66  printk.o(i.printk)
    putcc                                    0x08002865   Thumb Code    22  ymodem.o(i.putcc)
    ringbuf_flush                            0x08002881   Thumb Code    10  common.o(i.ringbuf_flush)
    ringbuf_read                             0x08002895   Thumb Code    84  common.o(i.ringbuf_read)
    ringbuf_write                            0x080028f5   Thumb Code    34  common.o(i.ringbuf_write)
    serial_terminal                          0x08002921   Thumb Code    36  term.o(i.serial_terminal)
    stringtoul                               0x08002955   Thumb Code   146  string.o(i.stringtoul)
    Region$$Table$$Base                      0x08002aa4   Number         0  anon$$obj.o(Region$$Table)
    Region$$Table$$Limit                     0x08002ac4   Number         0  anon$$obj.o(Region$$Table)
    Jump_To_Application                      0x20000000   Data           4  common.o(.data)
    JumpAddress                              0x20000004   Data           4  common.o(.data)
    BlockNbr                                 0x20000008   Data           4  common.o(.data)
    UserMemoryMask                           0x2000000c   Data           4  common.o(.data)
    FlashProtection                          0x20000010   Data           4  common.o(.data)
    watch_dog_flag                           0x20000018   Data           1  main.o(.data)
    prompt                                   0x20000030   Data          12  command.o(.data)
    stackedState                             0x2000003c   Data           1  command.o(.data)
    help_cmd                                 0x20000048   Data          16  command.o(.data)
    save_cmd                                 0x20000058   Data          16  command.o(.data)
    reset_cmd                                0x20000068   Data          16  command.o(.data)
    iap_cmd                                  0x20000078   Data          16  command.o(.data)
    enteriap_cmd                             0x20000088   Data          16  command.o(.data)
    FileName                                 0x20000898   Data         255  ymodem.o(.bss)
    userdata                                 0x20000d98   Data          80  command.o(.bss)
    ybuf                                     0x20000de8   Data        2048  command.o(.bss)
    cmd_buf                                  0x200015e8   Data         256  term.o(.bss)
    __initial_sp                             0x20001ee8   Data           0  startup_stm32f10x_md.o(STACK)



==============================================================================

Memory Map of the image

  Image Entry point : 0x080000ed

  Load Region LR_IROM1 (Base: 0x08000000, Size: 0x00002b5c, Max: 0x00010000, ABSOLUTE)

    Execution Region ER_IROM1 (Exec base: 0x08000000, Load base: 0x08000000, Size: 0x00002ac4, Max: 0x00010000, ABSOLUTE)

    Exec Addr    Load Addr    Size         Type   Attr      Idx    E Section Name        Object

    0x08000000   0x08000000   0x000000ec   Data   RO         1875    RESET               startup_stm32f10x_md.o
    0x080000ec   0x080000ec   0x00000000   Code   RO         2105  * .ARM.Collect$$$$00000000  mc_w.l(entry.o)
    0x080000ec   0x080000ec   0x00000004   Code   RO         2148    .ARM.Collect$$$$00000001  mc_w.l(entry2.o)
    0x080000f0   0x080000f0   0x00000004   Code   RO         2151    .ARM.Collect$$$$00000004  mc_w.l(entry5.o)
    0x080000f4   0x080000f4   0x00000000   Code   RO         2153    .ARM.Collect$$$$00000008  mc_w.l(entry7b.o)
    0x080000f4   0x080000f4   0x00000000   Code   RO         2155    .ARM.Collect$$$$0000000A  mc_w.l(entry8b.o)
    0x080000f4   0x080000f4   0x00000008   Code   RO         2156    .ARM.Collect$$$$0000000B  mc_w.l(entry9a.o)
    0x080000fc   0x080000fc   0x00000004   Code   RO         2163    .ARM.Collect$$$$0000000E  mc_w.l(entry12b.o)
    0x08000100   0x08000100   0x00000000   Code   RO         2158    .ARM.Collect$$$$0000000F  mc_w.l(entry10a.o)
    0x08000100   0x08000100   0x00000000   Code   RO         2160    .ARM.Collect$$$$00000011  mc_w.l(entry11a.o)
    0x08000100   0x08000100   0x00000004   Code   RO         2149    .ARM.Collect$$$$00002712  mc_w.l(entry2.o)
    0x08000104   0x08000104   0x00000020   Code   RO         1828    .emb_text           core_cm3.o
    0x08000124   0x08000124   0x00000018   Code   RO         1914    .emb_text           command.o
    0x0800013c   0x0800013c   0x00000024   Code   RO         1876    .text               startup_stm32f10x_md.o
    0x08000160   0x08000160   0x00000024   Code   RO         2110    .text               mc_w.l(memseta.o)
    0x08000184   0x08000184   0x0000000e   Code   RO         2114    .text               mc_w.l(strlen.o)
    0x08000192   0x08000192   0x0000001e   Code   RO         2116    .text               mc_w.l(strncmp.o)
    0x080001b0   0x080001b0   0x0000002c   Code   RO         2165    .text               mc_w.l(uidiv.o)
    0x080001dc   0x080001dc   0x00000062   Code   RO         2167    .text               mc_w.l(uldiv.o)
    0x0800023e   0x0800023e   0x00000000   Code   RO         2169    .text               mc_w.l(iusefp.o)
    0x0800023e   0x0800023e   0x0000014e   Code   RO         2170    .text               mf_w.l(dadd.o)
    0x0800038c   0x0800038c   0x000000e4   Code   RO         2172    .text               mf_w.l(dmul.o)
    0x08000470   0x08000470   0x000000de   Code   RO         2174    .text               mf_w.l(ddiv.o)
    0x0800054e   0x0800054e   0x00000030   Code   RO         2176    .text               mf_w.l(dfixul.o)
    0x0800057e   0x0800057e   0x00000002   PAD
    0x08000580   0x08000580   0x00000030   Code   RO         2178    .text               mf_w.l(cdrcmple.o)
    0x080005b0   0x080005b0   0x00000024   Code   RO         2180    .text               mc_w.l(init.o)
    0x080005d4   0x080005d4   0x0000001e   Code   RO         2182    .text               mc_w.l(llshl.o)
    0x080005f2   0x080005f2   0x00000020   Code   RO         2184    .text               mc_w.l(llushr.o)
    0x08000612   0x08000612   0x00000024   Code   RO         2186    .text               mc_w.l(llsshr.o)
    0x08000636   0x08000636   0x000000ba   Code   RO         2188    .text               mf_w.l(depilogue.o)
    0x080006f0   0x080006f0   0x00000004   Code   RO          204    i.BusFault_Handler  stm32f10x_it.o
    0x080006f4   0x080006f4   0x00000034   Code   RO          284    i.Cal_CRC16         ymodem.o
    0x08000728   0x08000728   0x00000002   Code   RO          205    i.DebugMon_Handler  stm32f10x_it.o
    0x0800072a   0x0800072a   0x00000002   PAD
    0x0800072c   0x0800072c   0x0000004c   Code   RO          550    i.FLASH_ErasePage   stm32f10x_flash.o
    0x08000778   0x08000778   0x00000034   Code   RO          551    i.FLASH_GetBank1Status  stm32f10x_flash.o
    0x080007ac   0x080007ac   0x00000014   Code   RO          560    i.FLASH_Lock        stm32f10x_flash.o
    0x080007c0   0x080007c0   0x00000018   Code   RO            1    i.FLASH_PagesMask   common.o
    0x080007d8   0x080007d8   0x00000040   Code   RO          563    i.FLASH_ProgramHalfWord  stm32f10x_flash.o
    0x08000818   0x08000818   0x0000006c   Code   RO          565    i.FLASH_ProgramWord  stm32f10x_flash.o
    0x08000884   0x08000884   0x00000018   Code   RO          568    i.FLASH_Unlock      stm32f10x_flash.o
    0x0800089c   0x0800089c   0x00000026   Code   RO          572    i.FLASH_WaitForLastOperation  stm32f10x_flash.o
    0x080008c2   0x080008c2   0x00000002   PAD
    0x080008c4   0x080008c4   0x000000c8   Code   RO          720    i.GPIO_DeInit       stm32f10x_gpio.o
    0x0800098c   0x0800098c   0x00000116   Code   RO          725    i.GPIO_Init         stm32f10x_gpio.o
    0x08000aa2   0x08000aa2   0x00000004   Code   RO          732    i.GPIO_ResetBits    stm32f10x_gpio.o
    0x08000aa6   0x08000aa6   0x00000004   Code   RO          733    i.GPIO_SetBits      stm32f10x_gpio.o
    0x08000aaa   0x08000aaa   0x00000004   Code   RO          206    i.HardFault_Handler  stm32f10x_it.o
    0x08000aae   0x08000aae   0x00000002   PAD
    0x08000ab0   0x08000ab0   0x00000010   Code   RO         1788    i.IWDG_ReloadCounter  stm32f10x_iwdg.o
    0x08000ac0   0x08000ac0   0x00000034   Code   RO          141    i.LED_Init          main.o
    0x08000af4   0x08000af4   0x00000038   Code   RO          142    i.LED_Toogle        main.o
    0x08000b2c   0x08000b2c   0x00000004   Code   RO          208    i.MemManage_Handler  stm32f10x_it.o
    0x08000b30   0x08000b30   0x00000002   Code   RO          209    i.NMI_Handler       stm32f10x_it.o
    0x08000b32   0x08000b32   0x00000028   Code   RO          143    i.NVIC_Configuration  main.o
    0x08000b5a   0x08000b5a   0x00000002   PAD
    0x08000b5c   0x08000b5c   0x00000070   Code   RO         1750    i.NVIC_Init         misc.o
    0x08000bcc   0x08000bcc   0x00000014   Code   RO         1751    i.NVIC_PriorityGroupConfig  misc.o
    0x08000be0   0x08000be0   0x00000014   Code   RO         1752    i.NVIC_SetVectorTable  misc.o
    0x08000bf4   0x08000bf4   0x00000002   Code   RO          210    i.PendSV_Handler    stm32f10x_it.o
    0x08000bf6   0x08000bf6   0x00000002   PAD
    0x08000bf8   0x08000bf8   0x00000020   Code   RO         1036    i.RCC_APB1PeriphClockCmd  stm32f10x_rcc.o
    0x08000c18   0x08000c18   0x00000020   Code   RO         1037    i.RCC_APB1PeriphResetCmd  stm32f10x_rcc.o
    0x08000c38   0x08000c38   0x00000020   Code   RO         1038    i.RCC_APB2PeriphClockCmd  stm32f10x_rcc.o
    0x08000c58   0x08000c58   0x00000020   Code   RO         1039    i.RCC_APB2PeriphResetCmd  stm32f10x_rcc.o
    0x08000c78   0x08000c78   0x0000004c   Code   RO         1045    i.RCC_DeInit        stm32f10x_rcc.o
    0x08000cc4   0x08000cc4   0x000000d4   Code   RO         1046    i.RCC_GetClocksFreq  stm32f10x_rcc.o
    0x08000d98   0x08000d98   0x00000034   Code   RO          285    i.Receive_Byte      ymodem.o
    0x08000dcc   0x08000dcc   0x00000194   Code   RO          286    i.Receive_Packet    ymodem.o
    0x08000f60   0x08000f60   0x00000110   Code   RO          287    i.RunUserProgram    ymodem.o
    0x08001070   0x08001070   0x00000002   Code   RO          211    i.SVC_Handler       stm32f10x_it.o
    0x08001072   0x08001072   0x0000000e   Code   RO          288    i.Send_Byte         ymodem.o
    0x08001080   0x08001080   0x0000000c   Code   RO            6    i.SerialKeyPressed  common.o
    0x0800108c   0x0800108c   0x00000020   Code   RO            7    i.SerialPutChar     common.o
    0x080010ac   0x080010ac   0x00000008   Code   RO         1839    i.SetSysClock       system_stm32f10x.o
    0x080010b4   0x080010b4   0x000000e0   Code   RO         1840    i.SetSysClockTo72   system_stm32f10x.o
    0x08001194   0x08001194   0x0000001c   Code   RO          212    i.SysTick_Handler   stm32f10x_it.o
    0x080011b0   0x080011b0   0x00000060   Code   RO         1842    i.SystemInit        system_stm32f10x.o
    0x08001210   0x08001210   0x00000098   Code   RO          144    i.Terminal_Init     main.o
    0x080012a8   0x080012a8   0x0000002c   Code   RO          213    i.USART2_IRQHandler  stm32f10x_it.o
    0x080012d4   0x080012d4   0x0000001e   Code   RO         1571    i.USART_ClearITPendingBit  stm32f10x_usart.o
    0x080012f2   0x080012f2   0x00000018   Code   RO         1574    i.USART_Cmd         stm32f10x_usart.o
    0x0800130a   0x0800130a   0x00000002   PAD
    0x0800130c   0x0800130c   0x0000009c   Code   RO         1576    i.USART_DeInit      stm32f10x_usart.o
    0x080013a8   0x080013a8   0x0000001a   Code   RO         1577    i.USART_GetFlagStatus  stm32f10x_usart.o
    0x080013c2   0x080013c2   0x00000054   Code   RO         1578    i.USART_GetITStatus  stm32f10x_usart.o
    0x08001416   0x08001416   0x0000004a   Code   RO         1580    i.USART_ITConfig    stm32f10x_usart.o
    0x08001460   0x08001460   0x000000d8   Code   RO         1581    i.USART_Init        stm32f10x_usart.o
    0x08001538   0x08001538   0x0000000a   Code   RO         1588    i.USART_ReceiveData  stm32f10x_usart.o
    0x08001542   0x08001542   0x00000008   Code   RO         1591    i.USART_SendData    stm32f10x_usart.o
    0x0800154a   0x0800154a   0x00000032   Code   RO          289    i.UpdateCRC16       ymodem.o
    0x0800157c   0x0800157c   0x00000004   Code   RO          214    i.UsageFault_Handler  stm32f10x_it.o
    0x08001580   0x08001580   0x000002b4   Code   RO          293    i.Ymodem_Receive    ymodem.o
    0x08001834   0x08001834   0x00000034   Code   RO         2126    i.__0vsnprintf      mc_w.l(printfa.o)
    0x08001868   0x08001868   0x0000000e   Code   RO         2192    i.__scatterload_copy  mc_w.l(handlers.o)
    0x08001876   0x08001876   0x00000002   Code   RO         2193    i.__scatterload_null  mc_w.l(handlers.o)
    0x08001878   0x08001878   0x0000000e   Code   RO         2194    i.__scatterload_zeroinit  mc_w.l(handlers.o)
    0x08001886   0x08001886   0x00000038   Code   RO          392    i._flash_Erase_Pages  flash.o
    0x080018be   0x080018be   0x00000002   PAD
    0x080018c0   0x080018c0   0x00000184   Code   RO         2128    i._fp_digits        mc_w.l(printfa.o)
    0x08001a44   0x08001a44   0x000006b4   Code   RO         2129    i._printf_core      mc_w.l(printfa.o)
    0x080020f8   0x080020f8   0x00000024   Code   RO         2130    i._printf_post_padding  mc_w.l(printfa.o)
    0x0800211c   0x0800211c   0x0000002e   Code   RO         2131    i._printf_pre_padding  mc_w.l(printfa.o)
    0x0800214a   0x0800214a   0x00000016   Code   RO         2132    i._snputc           mc_w.l(printfa.o)
    0x08002160   0x08002160   0x00000024   Code   RO         1915    i.add_command       command.o
    0x08002184   0x08002184   0x0000008c   Code   RO         1916    i.command_help      command.o
    0x08002210   0x08002210   0x0000016c   Code   RO         1917    i.command_iap       command.o
    0x0800237c   0x0800237c   0x0000002c   Code   RO         1918    i.command_reset     command.o
    0x080023a8   0x080023a8   0x00000034   Code   RO         1919    i.command_save      command.o
    0x080023dc   0x080023dc   0x0000001c   Code   RO         1920    i.enter_iap         command.o
    0x080023f8   0x080023f8   0x0000003c   Code   RO         1921    i.exec_string       command.o
    0x08002434   0x08002434   0x0000007c   Code   RO         1922    i.execcmd           command.o
    0x080024b0   0x080024b0   0x00000030   Code   RO         1924    i.find_cmd          command.o
    0x080024e0   0x080024e0   0x00000040   Code   RO          393    i.flash_read        flash.o
    0x08002520   0x08002520   0x0000005c   Code   RO          394    i.flash_write       flash.o
    0x0800257c   0x0800257c   0x0000003c   Code   RO          296    i.getcc             ymodem.o
    0x080025b8   0x080025b8   0x0000009c   Code   RO         2023    i.getcmd            getcmd.o
    0x08002654   0x08002654   0x00000038   Code   RO         1925    i.init_builtin_cmds  command.o
    0x0800268c   0x0800268c   0x00000024   Code   RO         1926    i.invalid_cmd       command.o
    0x080026b0   0x080026b0   0x000000b4   Code   RO          146    i.main              main.o
    0x08002764   0x08002764   0x000000b8   Code   RO         1927    i.parseargs         command.o
    0x0800281c   0x0800281c   0x00000048   Code   RO         1881    i.printk            printk.o
    0x08002864   0x08002864   0x0000001c   Code   RO          297    i.putcc             ymodem.o
    0x08002880   0x08002880   0x00000014   Code   RO           10    i.ringbuf_flush     common.o
    0x08002894   0x08002894   0x00000060   Code   RO           11    i.ringbuf_read      common.o
    0x080028f4   0x080028f4   0x0000002c   Code   RO           12    i.ringbuf_write     common.o
    0x08002920   0x08002920   0x00000034   Code   RO         2088    i.serial_terminal   term.o
    0x08002954   0x08002954   0x00000092   Code   RO         2043    i.stringtoul        string.o
    0x080029e6   0x080029e6   0x00000002   PAD
    0x080029e8   0x080029e8   0x000000ba   Data   RO         1931    .conststring        command.o
    0x08002aa2   0x08002aa2   0x00000002   PAD
    0x08002aa4   0x08002aa4   0x00000020   Data   RO         2190    Region$$Table       anon$$obj.o


    Execution Region RW_IRAM1 (Exec base: 0x20000000, Load base: 0x08002ac4, Size: 0x00001ee8, Max: 0x00005000, ABSOLUTE)

    Exec Addr    Load Addr    Size         Type   Attr      Idx    E Section Name        Object

    0x20000000   0x08002ac4   0x00000018   Data   RW           14    .data               common.o
    0x20000018   0x08002adc   0x00000002   Data   RW          147    .data               main.o
    0x2000001a   0x08002ade   0x00000002   Data   RW          299    .data               ymodem.o
    0x2000001c   0x08002ae0   0x00000014   Data   RW         1066    .data               stm32f10x_rcc.o
    0x20000030   0x08002af4   0x00000068   Data   RW         1932    .data               command.o
    0x20000098        -       0x00000800   Zero   RW           13    .bss                common.o
    0x20000898        -       0x000000ff   Zero   RW          298    .bss                ymodem.o
    0x20000997        -       0x00000400   Zero   RW         1883    .bss                printk.o
    0x20000d97   0x08002b5c   0x00000001   PAD
    0x20000d98        -       0x00000850   Zero   RW         1930    .bss                command.o
    0x200015e8        -       0x00000100   Zero   RW         2089    .bss                term.o
    0x200016e8        -       0x00000800   Zero   RW         1873    STACK               startup_stm32f10x_md.o


==============================================================================

Image component sizes


      Code (inc. data)   RO Data    RW Data    ZI Data      Debug   Object Name

      1196        428        186        104       2128      24731   command.o
       228         36          0         24       2048     243397   common.o
        32          0          0          0          0        660   core_cm3.o
       212         10          0          0          0       2560   flash.o
       156          0          0          0          0        801   getcmd.o
       480        104          0          2          0       4452   main.o
       152         30          0          0          0       2425   misc.o
        72          6          0          0       1024       1249   printk.o
        36          8        236          0       2048        800   startup_stm32f10x_md.o
       382         36          0          0          0       6226   stm32f10x_flash.o
       486         28          0          0          0       4106   stm32f10x_gpio.o
        96          8          0          0          0      19869   stm32f10x_it.o
        16          6          0          0          0        553   stm32f10x_iwdg.o
       416         56          0         20          0       6713   stm32f10x_rcc.o
       628         28          0          0          0       8266   stm32f10x_usart.o
       146          0          0          0          0       1053   string.o
       328         28          0          0          0       2017   system_stm32f10x.o
        52         16          0          0        256       1306   term.o
      1624        112          0          2        255      23912   ymodem.o

    ----------------------------------------------------------------------
      6754        940        456        152       7760     355096   Object Totals
         0          0         32          0          0          0   (incl. Generated)
        16          0          2          0          1          0   (incl. Padding)

    ----------------------------------------------------------------------

      Code (inc. data)   RO Data    RW Data    ZI Data      Debug   Library Member Name

         0          0          0          0          0          0   entry.o
         0          0          0          0          0          0   entry10a.o
         0          0          0          0          0          0   entry11a.o
         4          0          0          0          0          0   entry12b.o
         8          4          0          0          0          0   entry2.o
         4          0          0          0          0          0   entry5.o
         0          0          0          0          0          0   entry7b.o
         0          0          0          0          0          0   entry8b.o
         8          4          0          0          0          0   entry9a.o
        30          0          0          0          0          0   handlers.o
        36          8          0          0          0         68   init.o
         0          0          0          0          0          0   iusefp.o
        30          0          0          0          0         68   llshl.o
        36          0          0          0          0         68   llsshr.o
        32          0          0          0          0         68   llushr.o
        36          0          0          0          0        108   memseta.o
      2260         86          0          0          0        528   printfa.o
        14          0          0          0          0         68   strlen.o
        30          0          0          0          0         80   strncmp.o
        44          0          0          0          0         80   uidiv.o
        98          0          0          0          0         92   uldiv.o
        48          0          0          0          0         68   cdrcmple.o
       334          0          0          0          0        148   dadd.o
       222          0          0          0          0        100   ddiv.o
       186          0          0          0          0        176   depilogue.o
        48          0          0          0          0         68   dfixul.o
       228          0          0          0          0         96   dmul.o

    ----------------------------------------------------------------------
      3738        102          0          0          0       1884   Library Totals
         2          0          0          0          0          0   (incl. Padding)

    ----------------------------------------------------------------------

      Code (inc. data)   RO Data    RW Data    ZI Data      Debug   Library Name

      2670        102          0          0          0       1228   mc_w.l
      1066          0          0          0          0        656   mf_w.l

    ----------------------------------------------------------------------
      3738        102          0          0          0       1884   Library Totals

    ----------------------------------------------------------------------

==============================================================================


      Code (inc. data)   RO Data    RW Data    ZI Data      Debug   

     10492       1042        456        152       7760     351984   Grand Totals
     10492       1042        456        152       7760     351984   ELF Image Totals
     10492       1042        456        152          0          0   ROM Totals

==============================================================================

    Total RO  Size (Code + RO Data)                10948 (  10.69kB)
    Total RW  Size (RW Data + ZI Data)              7912 (   7.73kB)
    Total ROM Size (Code + RO Data + RW Data)      11100 (  10.84kB)

==============================================================================

