<html>
<body>
<pre>
<h1>礦ision Build Log</h1>
<h2>Tool Versions:</h2>
IDE-Version: μVision V5.33.0.0
Copyright (C) 2020 ARM Ltd and ARM Germany GmbH. All rights reserved.
License Information: ww ww, ww, LIC=KRMW3-ARFG7-01LP1-CTW11-4UUXW-FH42W
 
Tool Versions:
Toolchain:       MDK-ARM Plus  Version: 5.33.0.0
Toolchain Path:  C:\Keil_v5\ARM\ARMCC\Bin
C Compiler:      Armcc.exe V5.06 update 7 (build 960)
Assembler:       Armasm.exe V5.06 update 7 (build 960)
Linker/Locator:  ArmLink.exe V5.06 update 7 (build 960)
Library Manager: ArmAr.exe V5.06 update 7 (build 960)
Hex Converter:   FromElf.exe V5.06 update 7 (build 960)
CPU DLL:         SARMCM3.DLL V5.33.0.0
Dialog DLL:      DARMSTM.DLL V1.68.0.0
Target DLL:      Segger\JL2CM3.dll V2.99.38.0
Dialog DLL:      TARMSTM.DLL V1.66.0.0
 
<h2>Project:</h2>
C:\#--个人资料\current task\公司git源代码\IAP-radio\IAP_For_LoRa\Project\IAP\MDK-ARM\IAP.uvproj
Project File Date:  04/17/2023

<h2>Output:</h2>
*** Using Compiler 'V5.06 update 7 (build 960)', folder: 'C:\Keil_v5\ARM\ARMCC\Bin'
Build target 'IAP'
compiling stm32f10x_it.c...
..\src\stm32f10x_it.c(86): warning:  #223-D: function "printk" declared implicitly
    printk ("\n\n[Hard fault handler - all numbers in hex]\n");
..\src\stm32f10x_it.c: 1 warning, 0 errors
compiling common.c...
compiling main.c...
..\src\main.c(126): warning:  #223-D: function "printk" declared implicitly
      printk("\tEnter IAP mode, input \"IAP update\" to update firmware!\n");
..\src\main.c: 1 warning, 0 errors
compiling flash.c...
compiling stm32f10x_dma.c...
compiling ymodem.c...
..\src\ymodem.c(559): warning:  #223-D: function "printk" declared implicitly
  	printk("\nFile %s (%s bytes) ",FileName,file_size);
..\src\ymodem.c: 1 warning, 0 errors
compiling stm32f10x_exti.c...
compiling stm32f10x_gpio.c...
compiling stm32f10x_flash.c...
compiling stm32f10x_i2c.c...
compiling stm32f10x_sdio.c...
compiling stm32f10x_rcc.c...
compiling stm32f10x_spi.c...
compiling misc.c...
compiling stm32f10x_usart.c...
compiling core_cm3.c...
assembling startup_stm32f10x_md.s...
compiling stm32f10x_iwdg.c...
compiling printk.c...
..\console\printk.c(410): warning:  #223-D: function "putcc" declared implicitly
  			putcc('\r');
..\console\printk.c(411): warning:  #223-D: function "putcc" declared implicitly
  		putcc(*p);
..\console\printk.c(42): warning:  #177-D: function "number"  was declared but never referenced
  static char * number(char * buf, char * end, long long num, int base, int size, int precision, int type)
..\console\printk.c: 3 warnings, 0 errors
compiling system_stm32f10x.c...
compiling getcmd.c...
compiling string.c...
compiling term.c...
compiling command.c...
linking...
Program Size: Code=10492 RO-data=456 RW-data=152 ZI-data=7760  
FromELF: creating hex file...
".\obj\IAP For F103.axf" - 0 Error(s), 6 Warning(s).
Build Time Elapsed:  00:00:02
</pre>
</body>
</html>
