################################################################################
#                                                                              #
#      IAR Universal Linker V6.1.3.56                                          #
#                                                                              #
#           Link time     =  03/Jul/2023  18:06:22                             #
#           Target CPU    =  x51                                               #
#           List file     =  "I:\1_git_code\EPnode_OTA\CC2530 IAP\IAP\CC2530_I #
#                            AP\project\Release\List\rfid_unlock_exp.map"      #
#           Output file 1 =  "I:\1_git_code\EPnode_OTA\CC2530 IAP\IAP\CC2530_I #
#                            AP\project\Release\Exe\rfid_unlock_exp.d51"       #
#                            Format: debug                                     #
#                            UBROF version 10.0.6                              #
#                            Using library modules for C-SPY (-rt)             #
#           Output file 2 =  "I:\1_git_code\EPnode_OTA\CC2530 IAP\IAP\CC2530_I #
#                            AP\project\Release\Exe\rfid_unlock_exp.hex"       #
#                            Format: intel-extended, variant: -y(CODE)         #
#           Command line  =  -Ointel-extended,(CODE)=.hex                      #
#                            -D_NR_OF_BANKS=0x03 -D_CODEBANK_END=0xFFFF        #
#                            -D_CODEBANK_START=0x8000 -D?CBANK_MASK=0xFF       #
#                            -D?CBANK=0x9F                                     #
#                            "-IC:\Program Files (x86)\IAR Systems\Embedded Wo #
#                            rkbench 7.0 c51\8051\CONFIG\"                     #
#                            "I:\1_git_code\EPnode_OTA\CC2530 IAP\IAP\CC2530_I #
#                            AP\project\Release\Obj\main.r51"                  #
#                            "I:\1_git_code\EPnode_OTA\CC2530 IAP\IAP\CC2530_I #
#                            AP\project\Release\Obj\shell.r51"                 #
#                            "I:\1_git_code\EPnode_OTA\CC2530 IAP\IAP\CC2530_I #
#                            AP\project\Release\Obj\sys.r51"                   #
#                            "I:\1_git_code\EPnode_OTA\CC2530 IAP\IAP\CC2530_I #
#                            AP\project\Release\Obj\uart.r51"                  #
#                            "I:\1_git_code\EPnode_OTA\CC2530 IAP\IAP\CC2530_I #
#                            AP\project\Release\Obj\ustdio.r51"                #
#                            -e_large_write=_formatted_write                   #
#                            -e_medium_read=_formatted_read -o                 #
#                            "I:\1_git_code\EPnode_OTA\CC2530 IAP\IAP\CC2530_I #
#                            AP\project\Release\Exe\rfid_unlock_exp.d51"       #
#                            -l                                                #
#                            "I:\1_git_code\EPnode_OTA\CC2530 IAP\IAP\CC2530_I #
#                            AP\project\Release\List\rfid_unlock_exp.map"      #
#                            -xms                                              #
#                            "-IC:\Program Files (x86)\IAR Systems\Embedded Wo #
#                            rkbench 7.0 c51\8051\LIB\"                        #
#                            -f                                                #
#                            "C:\Program Files (x86)\IAR Systems\Embedded Work #
#                            bench 7.0 c51\8051\config\devices\Texas Instrumen #
#                            ts\lnk51ew_cc2530F256_banked.xcl"                 #
#                            (-D_IDATA0_START=0x00 -D_IDATA0_END=0xFF          #
#                            -D_PDATA0_START=0x1E00 -D_PDATA0_END=0x1EFF       #
#                            -D_IXDATA0_START=0x0001 -D_IXDATA0_END=0x1EFF     #
#                            -D_XDATA0_START=_IXDATA0_START                    #
#                            -D_XDATA0_END=_IXDATA0_END                        #
#                            -D_NEAR_CODE_START=0x0000                         #
#                            -D_FIRST_BANK_ADDR=0x10000 -D?REGISTER_BANK=0x0   #
#                            -D_REGISTER_BANK_START=0x0 -D_BREG_START=0x00     #
#                            -D?VB=0x20 -Z(BIT)BREG=_BREG_START                #
#                            -Z(BIT)BIT_N=0-7F                                 #
#                            -Z(DATA)REGISTERS+8=_REGISTER_BANK_START          #
#                            -Z(DATA)BDATA_Z,BDATA_N,BDATA_I=20-2F             #
#                            -Z(DATA)VREG=08-7F -Z(DATA)PSP,XSP=08-7F          #
#                            -Z(DATA)DOVERLAY=08-7F                            #
#                            -Z(DATA)DATA_I,DATA_Z,DATA_N=08-7F                #
#                            -U(IDATA)0-7F=(DATA)0-7F                          #
#                            -Z(IDATA)IDATA_I,IDATA_Z,IDATA_N=08-_IDATA0_END   #
#                            -Z(IDATA)ISTACK+_IDATA_STACK_SIZE#08-_IDATA0_END  #
#                            -Z(IDATA)IOVERLAY=08-FF -Z(CODE)INTVEC=0          #
#                            -Z(CODE)CSTART=_NEAR_CODE_START-(_CODEBANK_START- #
#                            1)                                                #
#                            -Z(CODE)BIT_ID,BDATA_ID,DATA_ID,IDATA_ID,IXDATA_I #
#                            D,PDATA_ID,XDATA_ID=_NEAR_CODE_START-(_CODEBANK_S #
#                            TART-1)                                           #
#                            -Z(CODE)BANK_RELAYS,RCODE,DIFUNCT,CODE_C,CODE_N,N #
#                            EAR_CODE=_NEAR_CODE_START-(_CODEBANK_START-1)     #
#                            -P(CODE)BANKED_CODE=_NEAR_CODE_START-(_CODEBANK_S #
#                            TART-1),[(_CODEBANK_START+_FIRST_BANK_ADDR)-(_COD #
#                            EBANK_END+_FIRST_BANK_ADDR)]*_NR_OF_BANKS+10000   #
#                            -Z(CODE)CHECKSUM#(_CODEBANK_START-1)              #
#                            -Z(XDATA)PDATA_Z,PDATA_I=_PDATA0_START-_PDATA0_EN #
#                            D                                                 #
#                            -P(XDATA)PDATA_N=_PDATA0_START-_PDATA0_END        #
#                            -Z(XDATA)PSTACK+_PDATA_STACK_SIZE=_PDATA0_START-_ #
#                            PDATA0_END                                        #
#                            -Z(XDATA)EXT_STACK+_EXTENDED_STACK_SIZE=_EXTENDED #
#                            _STACK_START                                      #
#                            -Z(XDATA)XSTACK+_XDATA_STACK_SIZE=_XDATA0_START-_ #
#                            XDATA0_END                                        #
#                            -Z(XDATA)IXDATA_Z,IXDATA_I=_IXDATA0_START-_IXDATA #
#                            0_END                                             #
#                            -P(XDATA)IXDATA_N=_IXDATA0_START-_IXDATA0_END     #
#                            -Z(XDATA)XDATA_Z,XDATA_I=_XDATA0_START-_XDATA0_EN #
#                            D                                                 #
#                            -P(XDATA)XDATA_N=_XDATA0_START-_XDATA0_END        #
#                            -Z(XDATA)XDATA_HEAP+_XDATA_HEAP_SIZE=_XDATA0_STAR #
#                            T-_XDATA0_END                                     #
#                            -Z(CONST)XDATA_ROM_C=_XDATA0_START-_XDATA0_END    #
#                            -cx51                                             #
#                            -M(CODE)[(_CODEBANK_START+_FIRST_BANK_ADDR)-(_COD #
#                            EBANK_END+_FIRST_BANK_ADDR)]*_NR_OF_BANKS+0x10000 #
#                            =0x8000                                           #
#                            -ww69=i -D_BANK0_START=0x00000                    #
#                            -D_BANK0_END=0x07FFF -D_BANK1_START=0x18000       #
#                            -D_BANK1_END=0x1FFFF -D_BANK2_START=0x28000       #
#                            -D_BANK2_END=0x2FFFF -D_BANK3_START=0x38000       #
#                            -D_BANK3_END=0x3FFFF -D_BANK4_START=0x48000       #
#                            -D_BANK4_END=0x4FFFF -D_BANK5_START=0x58000       #
#                            -D_BANK5_END=0x5FFFF -D_BANK6_START=0x68000       #
#                            -D_BANK6_END=0x6FFFF -D_BANK7_START=0x78000       #
#                            -D_BANK7_END=0x7FFFF                              #
#                            -P(CODE)BANK0=_BANK0_START-_BANK0_END             #
#                            -P(CODE)BANK1=_BANK1_START-_BANK1_END             #
#                            -P(CODE)BANK2=_BANK2_START-_BANK2_END             #
#                            -P(CODE)BANK3=_BANK3_START-_BANK3_END             #
#                            -P(CODE)BANK4=_BANK4_START-_BANK4_END             #
#                            -P(CODE)BANK5=_BANK5_START-_BANK5_END             #
#                            -P(CODE)BANK6=_BANK6_START-_BANK6_END             #
#                            -P(CODE)BANK7=_BANK7_START-_BANK7_END             #
#                            -D_FLASH_LOCK_BITS_START=0x7FFF0                  #
#                            -D_FLASH_LOCK_BITS_END=0x7FFFF                    #
#                            -Z(CODE)FLASH_LOCK_BITS=_FLASH_LOCK_BITS_START-_F #
#                            LASH_LOCK_BITS_END                                #
#                            -U(CODE)0x0000=(CODE)_FLASH_LOCK_BITS_START-_FLAS #
#                            H_LOCK_BITS_END)                                  #
#                            -D_NR_OF_VIRTUAL_REGISTERS=8 -D?PBANK=0x93        #
#                            -e?BCALL_FF=?BCALL -e?BRET_FF=?BRET               #
#                            -e?BDISPATCH_FF=?BDISPATCH -rt -s                 #
#                            __program_start                                   #
#                            "C:\Program Files (x86)\IAR Systems\Embedded Work #
#                            bench 7.0 c51\8051\LIB\CLIB\cl-pli-blxd-1e16x01.r #
#                            51"                                               #
#                            -D_IDATA_STACK_SIZE=0x40 -D?ESP=0 -D?ESP_MASK=0   #
#                            -D_EXTENDED_STACK_START=0                         #
#                            -D_EXTENDED_STACK_SIZE=0                          #
#                            -D_PDATA_STACK_SIZE=0x80                          #
#                            -D_XDATA_STACK_SIZE=0x300                         #
#                            -D_XDATA_HEAP_SIZE=0xFF -D_FAR_HEAP_SIZE=0xFFF    #
#                            -D_HUGE_HEAP_SIZE=0xFFF                           #
#                            -D_FAR22_HEAP_SIZE=0xFFF                          #
#                                                                              #
#                           Copyright (C) 1987-2014 IAR Systems AB.            #
################################################################################





                ****************************************
                *                                      *
                *           CROSS REFERENCE            *
                *                                      *
                ****************************************

       Program entry at : CODE      0000006F  Relocatable, from module : CSTARTUP




                ****************************************
                *                                      *
                *            RUNTIME MODEL             *
                *                                      *
                ****************************************

  __SystemLibrary          = CLib
  __calling_convention     = xdata_reentrant
  __code_model             = banked
  __core                   = plain
  __data_model             = large
  __dptr_size              = 16
  __extended_stack         = disabled
  __location_for_constants = data
  __number_of_dptrs        = 1
  __rt_version             = 1

                ****************************************
                *                                      *
                *    AUTOMATIC SYMBOL REDIRECTIONS     *
                *                                      *
                ****************************************

                  There are no automatic symbol redirections.



                ****************************************
                *                                      *
                *              MODULE MAP              *
                *                                      *
                ****************************************


  DEFINED ABSOLUTE ENTRIES
    *************************************************************************

  DEFINED ABSOLUTE ENTRIES
  PROGRAM MODULE, NAME : ?ABS_ENTRY_MOD

Absolute parts
           ENTRY                   ADDRESS         REF BY
           =====                   =======         ======
           _FAR22_HEAP_SIZE        00000FFF 
           _HUGE_HEAP_SIZE         00000FFF 
           _FAR_HEAP_SIZE          00000FFF 
           _XDATA_HEAP_SIZE        000000FF 
           _XDATA_STACK_SIZE       00000300 
           _PDATA_STACK_SIZE       00000080 
           _EXTENDED_STACK_SIZE    00000000 
           _EXTENDED_STACK_START   00000000 
           ?ESP_MASK               00000000 
           ?ESP                    00000000 
           _IDATA_STACK_SIZE       00000040 
           ?PBANK                  00000093 
           _NR_OF_VIRTUAL_REGISTERS
                                   00000008 
           _FLASH_LOCK_BITS_END    0007FFFF 
           _FLASH_LOCK_BITS_START
                                   0007FFF0 
           _BANK7_END              0007FFFF 
           _BANK7_START            00078000 
           _BANK6_END              0006FFFF 
           _BANK6_START            00068000 
           _BANK5_END              0005FFFF 
           _BANK5_START            00058000 
           _BANK4_END              0004FFFF 
           _BANK4_START            00048000 
           _BANK3_END              0001FFFF 
           _BANK3_START            00018000 
           _BANK2_END              00017FFF 
           _BANK2_START            00010000 
           _BANK1_END              0000FFFF 
           _BANK1_START            00008000 
           _BANK0_END              00007FFF 
           _BANK0_START            00000000 
           ?VB                     00000020        ?BANKED_ENTER_XDATA (?BANKED_ENTER_XDATA)
                                                   ?BANKED_LEAVE_XDATA (?BANKED_LEAVE_XDATA)
                                                   ?INTERRUPT_ENTER_XSP (?INTERRUPT_ENTER_XSP)
                                                   ?INTERRUPT_LEAVE_XSP (?INTERRUPT_LEAVE_XSP)
           _BREG_START             00000000 
           _REGISTER_BANK_START    00000000 
           ?REGISTER_BANK          00000000        Segment part 6 (CSTARTUP)
           _FIRST_BANK_ADDR        00010000 
           _NEAR_CODE_START        00000000 
           _XDATA0_END             00001EFF 
           _XDATA0_START           00000001 
           _IXDATA0_END            00001EFF 
           _IXDATA0_START          00000001 
           _PDATA0_END             00001EFF 
           _PDATA0_START           00001E00 
           _IDATA0_END             000000FF 
           _IDATA0_START           00000000 
           ?CBANK                  0000009F        ?RESET_CODE_BANK (CSTARTUP)
                                                   Segment part 0 (?BANKED_CODE_SUPPORT)
           ?CBANK_MASK             000000FF 
           _CODEBANK_START         00008000 
           _CODEBANK_END           0000FFFF 
           _NR_OF_BANKS            00000003 
    *************************************************************************

  FILE NAME : I:\1_git_code\EPnode_OTA\CC2530 IAP\IAP\CC2530_IAP\project\Release\Obj\main.r51
  PROGRAM MODULE, NAME : main

  SEGMENTS IN THE MODULE
  ======================
<BANKED_CODE> 1 (was BANKED_CODE)
  Relative segment, address: CODE 00005854 - 000058A0 (0x4d bytes), align: 0
  Segment part 12.            Intra module refs:   hardware_init::?relay
           LOCAL                   ADDRESS         
           =====                   =======         
           hardware_init           00005854 
               calls direct
               XSTACK = 00000000 ( 0000000C )
    -------------------------------------------------------------------------
<BANKED_CODE> 1 (was BANKED_CODE)
  Relative segment, address: CODE 000058A1 - 000058A8 (0x8 bytes), align: 0
  Segment part 14.
           ENTRY                   ADDRESS         REF BY
           =====                   =======         ======
           main                    000058A1        ?call_main (?cmain)
               calls direct
    -------------------------------------------------------------------------
XDATA_ID
  Relative segment, address: CODE 0000009F - 000000A6 (0x8 bytes), align: 0
  Segment part 7.             Intra module refs:   Segment part 6
    -------------------------------------------------------------------------
XDATA_ID
  Relative segment, address: CODE 000000A7 - 000000C8 (0x22 bytes), align: 0
  Segment part 9.             Intra module refs:   Segment part 8
    -------------------------------------------------------------------------
XDATA_ID
  Relative segment, address: CODE 000000C9 - 000000CC (0x4 bytes), align: 0
  Segment part 11.            Intra module refs:   __Constant_47160000
    -------------------------------------------------------------------------
BANK_RELAYS
  Relative segment, address: CODE 00000813 - 00000818 (0x6 bytes), align: 0
  Segment part 13.            Intra module refs:   main
           LOCAL                   ADDRESS         
           =====                   =======         
           hardware_init::?relay   00000813 
    -------------------------------------------------------------------------
XDATA_I
  Relative segment, address: XDATA 000005AD - 000005B4 (0x8 bytes), align: 0
  Segment part 6.             Intra module refs:   hardware_init
    -------------------------------------------------------------------------
XDATA_I
  Relative segment, address: XDATA 000005B5 - 000005D6 (0x22 bytes), align: 0
  Segment part 8.             Intra module refs:   hardware_init
    -------------------------------------------------------------------------
XDATA_I
  Relative segment, address: XDATA 000005D7 - 000005DA (0x4 bytes), align: 0
  Segment part 10.            Intra module refs:   UART_BuadCount (uart)
                                                   hardware_init
           ENTRY                   ADDRESS         REF BY
           =====                   =======         ======
           __Constant_47160000     000005D7 

    *************************************************************************

  FILE NAME : I:\1_git_code\EPnode_OTA\CC2530 IAP\IAP\CC2530_IAP\project\Release\Obj\shell.r51
  PROGRAM MODULE, NAME : shell

  SEGMENTS IN THE MODULE
  ======================
XDATA_I
  Relative segment, address: XDATA 000005DB - 000005E2 (0x8 bytes), align: 0
  Segment part 6.             Intra module refs:   shell_show_history
    -------------------------------------------------------------------------
XDATA_I
  Relative segment, address: XDATA 000005E3 - 000005E8 (0x6 bytes), align: 0
  Segment part 8.             Intra module refs:   shell_list_cmd
                                                   shell_tab
    -------------------------------------------------------------------------
XDATA_I
  Relative segment, address: XDATA 000005E9 - 000005EF (0x7 bytes), align: 0
  Segment part 10.            Intra module refs:   shell_tab
    -------------------------------------------------------------------------
XDATA_I
  Relative segment, address: XDATA 000005F0 - 00000653 (0x64 bytes), align: 0
  Segment part 12.            Intra module refs:   shell_backspace
    -------------------------------------------------------------------------
XDATA_I
  Relative segment, address: XDATA 00000654 - 000006B7 (0x64 bytes), align: 0
  Segment part 14.            Intra module refs:   shell_getchar
    -------------------------------------------------------------------------
XDATA_I
  Relative segment, address: XDATA 000006B8 - 000006C8 (0x11 bytes), align: 0
  Segment part 16.            Intra module refs:   shell_parse
    -------------------------------------------------------------------------
XDATA_I
  Relative segment, address: XDATA 000006C9 - 000006D7 (0xf bytes), align: 0
  Segment part 18.            Intra module refs:   shell_clean_screen
    -------------------------------------------------------------------------
XDATA_I
  Relative segment, address: XDATA 000006D8 - 000006E4 (0xd bytes), align: 0
  Segment part 20.            Intra module refs:   shell_list_cmd
    -------------------------------------------------------------------------
XDATA_I
  Relative segment, address: XDATA 000006E5 - 000006EB (0x7 bytes), align: 0
  Segment part 22.            Intra module refs:   shell_list_cmd
    -------------------------------------------------------------------------
XDATA_I
  Relative segment, address: XDATA 000006EC - 000006F3 (0x8 bytes), align: 0
  Segment part 24.            Intra module refs:   shell_version
    -------------------------------------------------------------------------
XDATA_I
  Relative segment, address: XDATA 000006F4 - 000006FA (0x7 bytes), align: 0
  Segment part 26.            Intra module refs:   shell_version
    -------------------------------------------------------------------------
XDATA_I
  Relative segment, address: XDATA 000006FB - 000006FD (0x3 bytes), align: 0
  Segment part 28.            Intra module refs:   cmdline_gets
                                                   confirm_gets
    -------------------------------------------------------------------------
XDATA_I
  Relative segment, address: XDATA 000006FE - 00000702 (0x5 bytes), align: 0
  Segment part 30.            Intra module refs:   cmdline_gets
    -------------------------------------------------------------------------
XDATA_I
  Relative segment, address: XDATA 00000703 - 00000709 (0x7 bytes), align: 0
  Segment part 32.            Intra module refs:   cmdline_gets
    -------------------------------------------------------------------------
XDATA_I
  Relative segment, address: XDATA 0000070A - 0000070B (0x2 bytes), align: 0
  Segment part 34.            Intra module refs:   cmdline_gets
    -------------------------------------------------------------------------
XDATA_I
  Relative segment, address: XDATA 0000070C - 0000070F (0x4 bytes), align: 0
  Segment part 36.            Intra module refs:   confirm_gets
    -------------------------------------------------------------------------
XDATA_I
  Relative segment, address: XDATA 00000710 - 00000727 (0x18 bytes), align: 0
  Segment part 38.            Intra module refs:   confirm_gets
    -------------------------------------------------------------------------
XDATA_I
  Relative segment, address: XDATA 00000728 - 00000731 (0xa bytes), align: 0
  Segment part 40.            Intra module refs:   shell_confirm
    -------------------------------------------------------------------------
XDATA_I
  Relative segment, address: XDATA 00000732 - 00000736 (0x5 bytes), align: 0
  Segment part 42.            Intra module refs:   shell_init
    -------------------------------------------------------------------------
XDATA_I
  Relative segment, address: XDATA 00000737 - 00000744 (0xe bytes), align: 0
  Segment part 44.            Intra module refs:   shell_init
    -------------------------------------------------------------------------
XDATA_I
  Relative segment, address: XDATA 00000745 - 0000074A (0x6 bytes), align: 0
  Segment part 46.            Intra module refs:   shell_init
    -------------------------------------------------------------------------
XDATA_I
  Relative segment, address: XDATA 0000074B - 00000755 (0xb bytes), align: 0
  Segment part 48.            Intra module refs:   shell_init
    -------------------------------------------------------------------------
XDATA_I
  Relative segment, address: XDATA 00000756 - 00000855 (0x100 bytes), align: 0
  Segment part 50.            Intra module refs:   _shell_register
                                                   shell_parse
           LOCAL                   ADDRESS         
           =====                   =======         
           F_CRC8_Table            00000756 
    -------------------------------------------------------------------------
XDATA_I
  Relative segment, address: XDATA 00000856 - 00000955 (0x100 bytes), align: 0
  Segment part 52.            Intra module refs:   _shell_register
                                                   shell_parse
           LOCAL                   ADDRESS         
           =====                   =======         
           B_CRC8_Table            00000856 
    -------------------------------------------------------------------------
XDATA_Z
  Relative segment, address: XDATA 00000301 - 00000302 (0x2 bytes), align: 0
  Segment part 54.            Intra module refs:   _shell_register
                                                   checkout
                                                   cmdline_gets
                                                   shell_list_cmd
           LOCAL                   ADDRESS         
           =====                   =======         
           shellcmdroot            00000301 
    -------------------------------------------------------------------------
XDATA_I
  Relative segment, address: XDATA 00000956 - 00000987 (0x32 bytes), align: 0
  Segment part 55.            Intra module refs:   shell_init
                                                   shell_input_init
           ENTRY                   ADDRESS         REF BY
           =====                   =======         ======
           DEFAULT_INPUTSIGN       00000956 
    -------------------------------------------------------------------------
<BANKED_CODE> 1 (was BANKED_CODE)
  Relative segment, address: CODE 000016FC - 00001759 (0x5e bytes), align: 0
  Segment part 107.           Intra module refs:   shell_search_cmd::?relay
           LOCAL                   ADDRESS         
           =====                   =======         
           shell_search_cmd        000016FC 
               XSTACK = 0000002C ( 0000000C )
    -------------------------------------------------------------------------
<BANKED_CODE> 1 (was BANKED_CODE)
  Relative segment, address: CODE 0000175A - 000017FD (0xa4 bytes), align: 0
  Segment part 109.           Intra module refs:   shell_insert_cmd::?relay
           LOCAL                   ADDRESS         
           =====                   =======         
           shell_insert_cmd        0000175A 
               XSTACK = 00000024 ( 0000000C )
    -------------------------------------------------------------------------
<BANKED_CODE> 1 (was BANKED_CODE)
  Relative segment, address: CODE 000017FE - 00001A15 (0x218 bytes), align: 0
  Segment part 111.           Intra module refs:   checkout::?relay
           LOCAL                   ADDRESS         
           =====                   =======         
           checkout                000017FE 
               calls direct
               XSTACK = 00000032 ( 00000020 )
    -------------------------------------------------------------------------
<BANKED_CODE> 1 (was BANKED_CODE)
  Relative segment, address: CODE 00001A16 - 00001ADB (0xc6 bytes), align: 0
  Segment part 113.           Intra module refs:   shell_record::?relay
           LOCAL                   ADDRESS         
           =====                   =======         
           shell_record            00001A16 
               calls direct
               XSTACK = 00000010 ( 0000000E )
               ISTACK = 00000000 ( 00000001 )
    -------------------------------------------------------------------------
<BANKED_CODE> 1 (was BANKED_CODE)
  Relative segment, address: CODE 00001ADC - 00001C9F (0x1c4 bytes), align: 0
  Segment part 115.           Intra module refs:   shell_show_history::?relay
           LOCAL                   ADDRESS         
           =====                   =======         
           shell_show_history      00001ADC 
               calls direct
               XSTACK = 00000014 ( 00000011 )
               ISTACK = 00000000 ( 00000001 )
    -------------------------------------------------------------------------
<BANKED_CODE> 1 (was BANKED_CODE)
  Relative segment, address: CODE 00001CA0 - 00002029 (0x38a bytes), align: 0
  Segment part 117.           Intra module refs:   shell_tab::?relay
           LOCAL                   ADDRESS         
           =====                   =======         
           shell_tab               00001CA0 
               calls direct
               XSTACK = 00000010 ( 00000032 )
               ISTACK = 00000000 ( 00000001 )
    -------------------------------------------------------------------------
<BANKED_CODE> 1 (was BANKED_CODE)
  Relative segment, address: CODE 0000202A - 000021A8 (0x17f bytes), align: 0
  Segment part 119.           Intra module refs:   shell_backspace::?relay
           LOCAL                   ADDRESS         
           =====                   =======         
           shell_backspace         0000202A 
               XSTACK = 00000010 ( 00000071 )
               ISTACK = 00000000 ( 00000001 )
    -------------------------------------------------------------------------
<BANKED_CODE> 1 (was BANKED_CODE)
  Relative segment, address: CODE 000021A9 - 000023E7 (0x23f bytes), align: 0
  Segment part 121.           Intra module refs:   shell_getchar::?relay
           LOCAL                   ADDRESS         
           =====                   =======         
           shell_getchar           000021A9 
               XSTACK = 0000002A ( 00000072 )
               ISTACK = 00000000 ( 00000001 )
    -------------------------------------------------------------------------
<BANKED_CODE> 1 (was BANKED_CODE)
  Relative segment, address: CODE 000023E8 - 00002767 (0x380 bytes), align: 0
  Segment part 123.           Intra module refs:   shell_parse::?relay
           LOCAL                   ADDRESS         
           =====                   =======         
           shell_parse             000023E8 
               calls direct
               XSTACK = 00000010 ( 0000002C )
    -------------------------------------------------------------------------
<BANKED_CODE> 1 (was BANKED_CODE)
  Relative segment, address: CODE 00002768 - 000027A7 (0x40 bytes), align: 0
  Segment part 125.           Intra module refs:   shell_clean_screen::?relay
           LOCAL                   ADDRESS         
           =====                   =======         
           shell_clean_screen      00002768 
               calls direct, is indirectly called
               XSTACK = 00000000 ( 00000010 )
    -------------------------------------------------------------------------
<BANKED_CODE> 1 (was BANKED_CODE)
  Relative segment, address: CODE 000027A8 - 000028B5 (0x10e bytes), align: 0
  Segment part 127.           Intra module refs:   shell_list_cmd::?relay
           LOCAL                   ADDRESS         
           =====                   =======         
           shell_list_cmd          000027A8 
               calls direct, is indirectly called
               XSTACK = 00000000 ( 00000018 )
    -------------------------------------------------------------------------
<BANKED_CODE> 1 (was BANKED_CODE)
  Relative segment, address: CODE 000028B6 - 000028D6 (0x21 bytes), align: 0
  Segment part 129.           Intra module refs:   shell_version::?relay
           LOCAL                   ADDRESS         
           =====                   =======         
           shell_version           000028B6 
               calls direct, is indirectly called
               XSTACK = 00000000 ( 0000000C )
    -------------------------------------------------------------------------
<BANKED_CODE> 1 (was BANKED_CODE)
  Relative segment, address: CODE 000028D7 - 0000296F (0x99 bytes), align: 0
  Segment part 131.           Intra module refs:   shell_debug_stream::?relay
           LOCAL                   ADDRESS         
           =====                   =======         
           shell_debug_stream      000028D7 
               calls direct, is indirectly called
               XSTACK = 00000000 ( 0000000E )
    -------------------------------------------------------------------------
XDATA_I
  Relative segment, address: XDATA 00000988 - 000009AD (0x26 bytes), align: 0
  Segment part 57.            Intra module refs:   shell_debug_stream
           LOCAL                   ADDRESS         
           =====                   =======         
           shell_debug_stream::closemsg
                                   00000988 
    -------------------------------------------------------------------------
XDATA_I
  Relative segment, address: XDATA 000009AE - 000009CA (0x1d bytes), align: 0
  Segment part 59.            Intra module refs:   shell_debug_stream
           LOCAL                   ADDRESS         
           =====                   =======         
           shell_debug_stream::openmsg
                                   000009AE 
    -------------------------------------------------------------------------
<BANKED_CODE> 1 (was BANKED_CODE)
  Relative segment, address: CODE 00002970 - 00002C2B (0x2bc bytes), align: 0
  Segment part 133.           Intra module refs:   _shell_register::?relay
           ENTRY                   ADDRESS         REF BY
           =====                   =======         ======
           _shell_register         00002970 
               calls direct
               XSTACK = 0000000C ( 00000024 )
    -------------------------------------------------------------------------
<BANKED_CODE> 1 (was BANKED_CODE)
  Relative segment, address: CODE 00002C2C - 00002E93 (0x268 bytes), align: 0
  Segment part 137.           Intra module refs:   cmdline_param::?relay
           ENTRY                   ADDRESS         REF BY
           =====                   =======         ======
           cmdline_param           00002C2C 
               XSTACK = 0000000E ( 0000000F )
    -------------------------------------------------------------------------
<BANKED_CODE> 1 (was BANKED_CODE)
  Relative segment, address: CODE 00002E94 - 00002EEA (0x57 bytes), align: 0
  Segment part 139.           Intra module refs:   welcome_gets::?relay
           ENTRY                   ADDRESS         REF BY
           =====                   =======         ======
           welcome_gets            00002E94 
               calls direct, is indirectly called
               XSTACK = 00000002 ( 0000000C )
    -------------------------------------------------------------------------
XDATA_I
  Relative segment, address: XDATA 000009CB - 00000B29 (0x15f bytes), align: 0
  Segment part 61.            Intra module refs:   welcome_gets
           LOCAL                   ADDRESS         
           =====                   =======         
           welcome_gets::consolologo
                                   000009CB 
    -------------------------------------------------------------------------
XDATA_I
  Relative segment, address: XDATA 00000B2A - 00000B2D (0x4 bytes), align: 0
  Segment part 67.            Intra module refs:   _shell_register
                                                   checkout
                                                   cmdline_gets
                                                   log (?log)
                                                   shell_parse
                                                   shell_show_history
                                                   shell_tab
           ENTRY                   ADDRESS         REF BY
           =====                   =======         ======
           __Constant_1            00000B2A 
    -------------------------------------------------------------------------
XDATA_I
  Relative segment, address: XDATA 00000B2E - 00000B31 (0x4 bytes), align: 0
  Segment part 69.            Intra module refs:   shell_tab
           ENTRY                   ADDRESS         REF BY
           =====                   =======         ======
           __Constant_ffffffff     00000B2E 
    -------------------------------------------------------------------------
XDATA_I
  Relative segment, address: XDATA 00000B32 - 00000B35 (0x4 bytes), align: 0
  Segment part 71.            Intra module refs:   shell_tab
           ENTRY                   ADDRESS         REF BY
           =====                   =======         ======
           __Constant_a            00000B32 
    -------------------------------------------------------------------------
XDATA_I
  Relative segment, address: XDATA 00000B36 - 00000B39 (0x4 bytes), align: 0
  Segment part 73.            Intra module refs:   _shell_register
                                                   shell_parse
           ENTRY                   ADDRESS         REF BY
           =====                   =======         ======
           __Constant_3ffffff      00000B36 
    -------------------------------------------------------------------------
XDATA_I
  Relative segment, address: XDATA 00000B3A - 00000B3D (0x4 bytes), align: 0
  Segment part 75.            Intra module refs:   _shell_register
                                                   shell_parse
           ENTRY                   ADDRESS         REF BY
           =====                   =======         ======
           __Constant_fc1fffff     00000B3A 
    -------------------------------------------------------------------------
XDATA_I
  Relative segment, address: XDATA 00000B3E - 00000B41 (0x4 bytes), align: 0
  Segment part 77.            Intra module refs:   _shell_register
                                                   shell_parse
           ENTRY                   ADDRESS         REF BY
           =====                   =======         ======
           __Constant_3e00000      00000B3E 
    -------------------------------------------------------------------------
XDATA_I
  Relative segment, address: XDATA 00000B42 - 00000B45 (0x4 bytes), align: 0
  Segment part 79.            Intra module refs:   _shell_register
                                                   shell_parse
           ENTRY                   ADDRESS         REF BY
           =====                   =======         ======
           __Constant_ffe0ffff     00000B42 
    -------------------------------------------------------------------------
XDATA_I
  Relative segment, address: XDATA 00000B46 - 00000B49 (0x4 bytes), align: 0
  Segment part 81.            Intra module refs:   _shell_register
                                                   shell_parse
           ENTRY                   ADDRESS         REF BY
           =====                   =======         ======
           __Constant_1f0000       00000B46 
    -------------------------------------------------------------------------
XDATA_I
  Relative segment, address: XDATA 00000B4A - 00000B4D (0x4 bytes), align: 0
  Segment part 83.            Intra module refs:   _shell_register
                                                   shell_parse
           ENTRY                   ADDRESS         REF BY
           =====                   =======         ======
           __Constant_ffff00ff     00000B4A 
    -------------------------------------------------------------------------
XDATA_I
  Relative segment, address: XDATA 00000B4E - 00000B51 (0x4 bytes), align: 0
  Segment part 85.            Intra module refs:   _shell_register
                                                   shell_parse
           ENTRY                   ADDRESS         REF BY
           =====                   =======         ======
           __Constant_ff00         00000B4E 
    -------------------------------------------------------------------------
XDATA_I
  Relative segment, address: XDATA 00000B52 - 00000B55 (0x4 bytes), align: 0
  Segment part 87.            Intra module refs:   _shell_register
                                                   shell_parse
           ENTRY                   ADDRESS         REF BY
           =====                   =======         ======
           __Constant_ffffff00     00000B52 
    -------------------------------------------------------------------------
XDATA_I
  Relative segment, address: XDATA 00000B56 - 00000B59 (0x4 bytes), align: 0
  Segment part 89.            Intra module refs:   _shell_register
                                                   shell_parse
           ENTRY                   ADDRESS         REF BY
           =====                   =======         ======
           __Constant_ff           00000B56 
    -------------------------------------------------------------------------
XDATA_I
  Relative segment, address: XDATA 00000B5A - 00000B5D (0x4 bytes), align: 0
  Segment part 91.            Intra module refs:   shell_parse
           ENTRY                   ADDRESS         REF BY
           =====                   =======         ======
           __Constant_87654321     00000B5A 
    -------------------------------------------------------------------------
XDATA_I
  Relative segment, address: XDATA 00000B5E - 00000B61 (0x4 bytes), align: 0
  Segment part 93.            Intra module refs:   shell_list_cmd
           ENTRY                   ADDRESS         REF BY
           =====                   =======         ======
           __Constant_fc000000     00000B5E 
    -------------------------------------------------------------------------
XDATA_I
  Relative segment, address: XDATA 00000B62 - 00000B65 (0x4 bytes), align: 0
  Segment part 95.            Intra module refs:   shell_list_cmd
           ENTRY                   ADDRESS         REF BY
           =====                   =======         ======
           __Constant_40           00000B62 
    -------------------------------------------------------------------------
XDATA_I
  Relative segment, address: XDATA 00000B66 - 00000B69 (0x4 bytes), align: 0
  Segment part 97.            Intra module refs:   cmdline_gets
                                                   exp (?exp)
                                                   float2string (ustdio)
                                                   floor (?floor)
                                                   frexp (?frexp)
                                                   log (?log)
                                                   number (ustdio)
                                                   pow (?pow)
           ENTRY                   ADDRESS         REF BY
           =====                   =======         ======
           __Constant_0            00000B66 
    -------------------------------------------------------------------------
XDATA_I
  Relative segment, address: XDATA 00000B6A - 00000B6D (0x4 bytes), align: 0
  Segment part 99.            Intra module refs:   shell_input_init
           ENTRY                   ADDRESS         REF BY
           =====                   =======         ======
           __Constant_abcd4322     00000B6A 
    -------------------------------------------------------------------------
XDATA_I
  Relative segment, address: XDATA 00000B6E - 00000B71 (0x4 bytes), align: 0
  Segment part 101.           Intra module refs:   shell_input_init
           ENTRY                   ADDRESS         REF BY
           =====                   =======         ======
           __Constant_fffffff0     00000B6E 
    -------------------------------------------------------------------------
XDATA_I
  Relative segment, address: XDATA 00000B72 - 00000B75 (0x4 bytes), align: 0
  Segment part 103.           Intra module refs:   shell_input_init
           ENTRY                   ADDRESS         REF BY
           =====                   =======         ======
           __Constant_abcd4320     00000B72 
    -------------------------------------------------------------------------
XDATA_I
  Relative segment, address: XDATA 00000B76 - 00000B79 (0x4 bytes), align: 0
  Segment part 105.           Intra module refs:   shell_input_init
           ENTRY                   ADDRESS         REF BY
           =====                   =======         ======
           __Constant_abcd4321     00000B76 
    -------------------------------------------------------------------------
<BANKED_CODE> 1 (was BANKED_CODE)
  Relative segment, address: CODE 00002EEB - 00003133 (0x249 bytes), align: 0
  Segment part 141.           Intra module refs:   cmdline_gets::?relay
           ENTRY                   ADDRESS         REF BY
           =====                   =======         ======
           cmdline_gets            00002EEB 
               calls direct, is indirectly called
               XSTACK = 0000000C ( 00000014 )
               ISTACK = 00000000 ( 00000001 )
    -------------------------------------------------------------------------
<BANKED_CODE> 1 (was BANKED_CODE)
  Relative segment, address: CODE 00003134 - 0000329D (0x16a bytes), align: 0
  Segment part 143.           Intra module refs:   confirm_gets::?relay
           LOCAL                   ADDRESS         
           =====                   =======         
           confirm_gets            00003134 
               calls direct, is indirectly called
               XSTACK = 00000002 ( 00000010 )
               ISTACK = 00000000 ( 00000001 )
    -------------------------------------------------------------------------
<BANKED_CODE> 1 (was BANKED_CODE)
  Relative segment, address: CODE 0000329E - 000032F6 (0x59 bytes), align: 0
  Segment part 145.           Intra module refs:   shell_confirm::?relay
           ENTRY                   ADDRESS         REF BY
           =====                   =======         ======
           shell_confirm           0000329E 
               calls direct
               XSTACK = 0000002A ( 0000000C )
    -------------------------------------------------------------------------
<BANKED_CODE> 1 (was BANKED_CODE)
  Relative segment, address: CODE 000032F7 - 000034C3 (0x1cd bytes), align: 0
  Segment part 147.           Intra module refs:   shell_input_init::?relay
           ENTRY                   ADDRESS         REF BY
           =====                   =======         ======
           shell_input_init        000032F7 
               calls direct
               XSTACK = 00000000 ( 00000016 )
               ISTACK = 00000000 ( 00000002 )
    -------------------------------------------------------------------------
<BANKED_CODE> 1 (was BANKED_CODE)
  Relative segment, address: CODE 000034C4 - 0000356C (0xa9 bytes), align: 0
  Segment part 149.           Intra module refs:   shell_init::?relay
           ENTRY                   ADDRESS         REF BY
           =====                   =======         ======
           shell_init              000034C4 
               calls direct
               XSTACK = 00000000 ( 0000000C )
    -------------------------------------------------------------------------
XDATA_Z
  Relative segment, address: XDATA 00000303 - 0000030C (0xa bytes), align: 0
  Segment part 63.            Intra module refs:   shell_init
           LOCAL                   ADDRESS         
           =====                   =======         
           shell_init{1}::newcmd   00000303 
    -------------------------------------------------------------------------
XDATA_Z
  Relative segment, address: XDATA 0000030D - 00000316 (0xa bytes), align: 0
  Segment part 64.            Intra module refs:   shell_init
           LOCAL                   ADDRESS         
           =====                   =======         
           shell_init{2}::newcmd   0000030D 
    -------------------------------------------------------------------------
XDATA_Z
  Relative segment, address: XDATA 00000317 - 00000320 (0xa bytes), align: 0
  Segment part 65.            Intra module refs:   shell_init
           LOCAL                   ADDRESS         
           =====                   =======         
           shell_init{3}::newcmd   00000317 
    -------------------------------------------------------------------------
XDATA_Z
  Relative segment, address: XDATA 00000321 - 0000032A (0xa bytes), align: 0
  Segment part 66.            Intra module refs:   shell_init
           LOCAL                   ADDRESS         
           =====                   =======         
           shell_init{4}::newcmd   00000321 
    -------------------------------------------------------------------------
XDATA_ID
  Relative segment, address: CODE 000000CD - 000000D4 (0x8 bytes), align: 0
  Segment part 7.             Intra module refs:   Segment part 6
    -------------------------------------------------------------------------
XDATA_ID
  Relative segment, address: CODE 000000D5 - 000000DA (0x6 bytes), align: 0
  Segment part 9.             Intra module refs:   Segment part 8
    -------------------------------------------------------------------------
XDATA_ID
  Relative segment, address: CODE 000000DB - 000000E1 (0x7 bytes), align: 0
  Segment part 11.            Intra module refs:   Segment part 10
    -------------------------------------------------------------------------
XDATA_ID
  Relative segment, address: CODE 000000E2 - 00000145 (0x64 bytes), align: 0
  Segment part 13.            Intra module refs:   Segment part 12
    -------------------------------------------------------------------------
XDATA_ID
  Relative segment, address: CODE 00000146 - 000001A9 (0x64 bytes), align: 0
  Segment part 15.            Intra module refs:   Segment part 14
    -------------------------------------------------------------------------
XDATA_ID
  Relative segment, address: CODE 000001AA - 000001BA (0x11 bytes), align: 0
  Segment part 17.            Intra module refs:   Segment part 16
    -------------------------------------------------------------------------
XDATA_ID
  Relative segment, address: CODE 000001BB - 000001C9 (0xf bytes), align: 0
  Segment part 19.            Intra module refs:   Segment part 18
    -------------------------------------------------------------------------
XDATA_ID
  Relative segment, address: CODE 000001CA - 000001D6 (0xd bytes), align: 0
  Segment part 21.            Intra module refs:   Segment part 20
    -------------------------------------------------------------------------
XDATA_ID
  Relative segment, address: CODE 000001D7 - 000001DD (0x7 bytes), align: 0
  Segment part 23.            Intra module refs:   Segment part 22
    -------------------------------------------------------------------------
XDATA_ID
  Relative segment, address: CODE 000001DE - 000001E5 (0x8 bytes), align: 0
  Segment part 25.            Intra module refs:   Segment part 24
    -------------------------------------------------------------------------
XDATA_ID
  Relative segment, address: CODE 000001E6 - 000001EC (0x7 bytes), align: 0
  Segment part 27.            Intra module refs:   Segment part 26
    -------------------------------------------------------------------------
XDATA_ID
  Relative segment, address: CODE 000001ED - 000001EF (0x3 bytes), align: 0
  Segment part 29.            Intra module refs:   Segment part 28
    -------------------------------------------------------------------------
XDATA_ID
  Relative segment, address: CODE 000001F0 - 000001F4 (0x5 bytes), align: 0
  Segment part 31.            Intra module refs:   Segment part 30
    -------------------------------------------------------------------------
XDATA_ID
  Relative segment, address: CODE 000001F5 - 000001FB (0x7 bytes), align: 0
  Segment part 33.            Intra module refs:   Segment part 32
    -------------------------------------------------------------------------
XDATA_ID
  Relative segment, address: CODE 000001FC - 000001FD (0x2 bytes), align: 0
  Segment part 35.            Intra module refs:   Segment part 34
    -------------------------------------------------------------------------
XDATA_ID
  Relative segment, address: CODE 000001FE - 00000201 (0x4 bytes), align: 0
  Segment part 37.            Intra module refs:   Segment part 36
    -------------------------------------------------------------------------
XDATA_ID
  Relative segment, address: CODE 00000202 - 00000219 (0x18 bytes), align: 0
  Segment part 39.            Intra module refs:   Segment part 38
    -------------------------------------------------------------------------
XDATA_ID
  Relative segment, address: CODE 0000021A - 00000223 (0xa bytes), align: 0
  Segment part 41.            Intra module refs:   Segment part 40
    -------------------------------------------------------------------------
XDATA_ID
  Relative segment, address: CODE 00000224 - 00000228 (0x5 bytes), align: 0
  Segment part 43.            Intra module refs:   Segment part 42
    -------------------------------------------------------------------------
XDATA_ID
  Relative segment, address: CODE 00000229 - 00000236 (0xe bytes), align: 0
  Segment part 45.            Intra module refs:   Segment part 44
    -------------------------------------------------------------------------
XDATA_ID
  Relative segment, address: CODE 00000237 - 0000023C (0x6 bytes), align: 0
  Segment part 47.            Intra module refs:   Segment part 46
    -------------------------------------------------------------------------
XDATA_ID
  Relative segment, address: CODE 0000023D - 00000247 (0xb bytes), align: 0
  Segment part 49.            Intra module refs:   Segment part 48
    -------------------------------------------------------------------------
XDATA_ID
  Relative segment, address: CODE 00000248 - 00000347 (0x100 bytes), align: 0
  Segment part 51.            Intra module refs:   F_CRC8_Table
    -------------------------------------------------------------------------
XDATA_ID
  Relative segment, address: CODE 00000348 - 00000447 (0x100 bytes), align: 0
  Segment part 53.            Intra module refs:   B_CRC8_Table
    -------------------------------------------------------------------------
XDATA_ID
  Relative segment, address: CODE 00000448 - 00000479 (0x32 bytes), align: 0
  Segment part 56.            Intra module refs:   DEFAULT_INPUTSIGN
    -------------------------------------------------------------------------
XDATA_ID
  Relative segment, address: CODE 0000047A - 0000049F (0x26 bytes), align: 0
  Segment part 58.            Intra module refs:   shell_debug_stream::closemsg
    -------------------------------------------------------------------------
XDATA_ID
  Relative segment, address: CODE 000004A0 - 000004BC (0x1d bytes), align: 0
  Segment part 60.            Intra module refs:   shell_debug_stream::openmsg
    -------------------------------------------------------------------------
XDATA_ID
  Relative segment, address: CODE 000004BD - 0000061B (0x15f bytes), align: 0
  Segment part 62.            Intra module refs:   welcome_gets::consolologo
    -------------------------------------------------------------------------
XDATA_ID
  Relative segment, address: CODE 0000061C - 0000061F (0x4 bytes), align: 0
  Segment part 68.            Intra module refs:   __Constant_1
    -------------------------------------------------------------------------
XDATA_ID
  Relative segment, address: CODE 00000620 - 00000623 (0x4 bytes), align: 0
  Segment part 70.            Intra module refs:   __Constant_ffffffff
    -------------------------------------------------------------------------
XDATA_ID
  Relative segment, address: CODE 00000624 - 00000627 (0x4 bytes), align: 0
  Segment part 72.            Intra module refs:   __Constant_a
    -------------------------------------------------------------------------
XDATA_ID
  Relative segment, address: CODE 00000628 - 0000062B (0x4 bytes), align: 0
  Segment part 74.            Intra module refs:   __Constant_3ffffff
    -------------------------------------------------------------------------
XDATA_ID
  Relative segment, address: CODE 0000062C - 0000062F (0x4 bytes), align: 0
  Segment part 76.            Intra module refs:   __Constant_fc1fffff
    -------------------------------------------------------------------------
XDATA_ID
  Relative segment, address: CODE 00000630 - 00000633 (0x4 bytes), align: 0
  Segment part 78.            Intra module refs:   __Constant_3e00000
    -------------------------------------------------------------------------
XDATA_ID
  Relative segment, address: CODE 00000634 - 00000637 (0x4 bytes), align: 0
  Segment part 80.            Intra module refs:   __Constant_ffe0ffff
    -------------------------------------------------------------------------
XDATA_ID
  Relative segment, address: CODE 00000638 - 0000063B (0x4 bytes), align: 0
  Segment part 82.            Intra module refs:   __Constant_1f0000
    -------------------------------------------------------------------------
XDATA_ID
  Relative segment, address: CODE 0000063C - 0000063F (0x4 bytes), align: 0
  Segment part 84.            Intra module refs:   __Constant_ffff00ff
    -------------------------------------------------------------------------
XDATA_ID
  Relative segment, address: CODE 00000640 - 00000643 (0x4 bytes), align: 0
  Segment part 86.            Intra module refs:   __Constant_ff00
    -------------------------------------------------------------------------
XDATA_ID
  Relative segment, address: CODE 00000644 - 00000647 (0x4 bytes), align: 0
  Segment part 88.            Intra module refs:   __Constant_ffffff00
    -------------------------------------------------------------------------
XDATA_ID
  Relative segment, address: CODE 00000648 - 0000064B (0x4 bytes), align: 0
  Segment part 90.            Intra module refs:   __Constant_ff
    -------------------------------------------------------------------------
XDATA_ID
  Relative segment, address: CODE 0000064C - 0000064F (0x4 bytes), align: 0
  Segment part 92.            Intra module refs:   __Constant_87654321
    -------------------------------------------------------------------------
XDATA_ID
  Relative segment, address: CODE 00000650 - 00000653 (0x4 bytes), align: 0
  Segment part 94.            Intra module refs:   __Constant_fc000000
    -------------------------------------------------------------------------
XDATA_ID
  Relative segment, address: CODE 00000654 - 00000657 (0x4 bytes), align: 0
  Segment part 96.            Intra module refs:   __Constant_40
    -------------------------------------------------------------------------
XDATA_ID
  Relative segment, address: CODE 00000658 - 0000065B (0x4 bytes), align: 0
  Segment part 98.            Intra module refs:   __Constant_0
    -------------------------------------------------------------------------
XDATA_ID
  Relative segment, address: CODE 0000065C - 0000065F (0x4 bytes), align: 0
  Segment part 100.           Intra module refs:   __Constant_abcd4322
    -------------------------------------------------------------------------
XDATA_ID
  Relative segment, address: CODE 00000660 - 00000663 (0x4 bytes), align: 0
  Segment part 102.           Intra module refs:   __Constant_fffffff0
    -------------------------------------------------------------------------
XDATA_ID
  Relative segment, address: CODE 00000664 - 00000667 (0x4 bytes), align: 0
  Segment part 104.           Intra module refs:   __Constant_abcd4320
    -------------------------------------------------------------------------
XDATA_ID
  Relative segment, address: CODE 00000668 - 0000066B (0x4 bytes), align: 0
  Segment part 106.           Intra module refs:   __Constant_abcd4321
    -------------------------------------------------------------------------
BANK_RELAYS
  Relative segment, address: CODE 00000819 - 0000081E (0x6 bytes), align: 0
  Segment part 108.           Intra module refs:   shell_parse
           LOCAL                   ADDRESS         
           =====                   =======         
           shell_search_cmd::?relay
                                   00000819 
    -------------------------------------------------------------------------
BANK_RELAYS
  Relative segment, address: CODE 0000081F - 00000824 (0x6 bytes), align: 0
  Segment part 110.           Intra module refs:   _shell_register
           LOCAL                   ADDRESS         
           =====                   =======         
           shell_insert_cmd::?relay
                                   0000081F 
    -------------------------------------------------------------------------
BANK_RELAYS
  Relative segment, address: CODE 00000825 - 0000082A (0x6 bytes), align: 0
  Segment part 112.           Intra module refs:   shell_tab
           LOCAL                   ADDRESS         
           =====                   =======         
           checkout::?relay        00000825 
    -------------------------------------------------------------------------
BANK_RELAYS
  Relative segment, address: CODE 0000082B - 00000830 (0x6 bytes), align: 0
  Segment part 114.           Intra module refs:   cmdline_gets
           LOCAL                   ADDRESS         
           =====                   =======         
           shell_record::?relay    0000082B 
    -------------------------------------------------------------------------
BANK_RELAYS
  Relative segment, address: CODE 00000831 - 00000836 (0x6 bytes), align: 0
  Segment part 116.           Intra module refs:   cmdline_gets
           LOCAL                   ADDRESS         
           =====                   =======         
           shell_show_history::?relay
                                   00000831 
    -------------------------------------------------------------------------
BANK_RELAYS
  Relative segment, address: CODE 00000837 - 0000083C (0x6 bytes), align: 0
  Segment part 118.           Intra module refs:   cmdline_gets
           LOCAL                   ADDRESS         
           =====                   =======         
           shell_tab::?relay       00000837 
    -------------------------------------------------------------------------
BANK_RELAYS
  Relative segment, address: CODE 0000083D - 00000842 (0x6 bytes), align: 0
  Segment part 120.           Intra module refs:   cmdline_gets
           LOCAL                   ADDRESS         
           =====                   =======         
           shell_backspace::?relay
                                   0000083D 
    -------------------------------------------------------------------------
BANK_RELAYS
  Relative segment, address: CODE 00000843 - 00000848 (0x6 bytes), align: 0
  Segment part 122.           Intra module refs:   cmdline_gets
                                                   shell_tab
           LOCAL                   ADDRESS         
           =====                   =======         
           shell_getchar::?relay   00000843 
    -------------------------------------------------------------------------
BANK_RELAYS
  Relative segment, address: CODE 00000849 - 0000084E (0x6 bytes), align: 0
  Segment part 124.           Intra module refs:   cmdline_gets
           LOCAL                   ADDRESS         
           =====                   =======         
           shell_parse::?relay     00000849 
    -------------------------------------------------------------------------
BANK_RELAYS
  Relative segment, address: CODE 0000084F - 00000854 (0x6 bytes), align: 0
  Segment part 126.           Intra module refs:   shell_init
           LOCAL                   ADDRESS         
           =====                   =======         
           shell_clean_screen::?relay
                                   0000084F 
    -------------------------------------------------------------------------
BANK_RELAYS
  Relative segment, address: CODE 00000855 - 0000085A (0x6 bytes), align: 0
  Segment part 128.           Intra module refs:   shell_init
           LOCAL                   ADDRESS         
           =====                   =======         
           shell_list_cmd::?relay
                                   00000855 
    -------------------------------------------------------------------------
BANK_RELAYS
  Relative segment, address: CODE 0000085B - 00000860 (0x6 bytes), align: 0
  Segment part 130.           Intra module refs:   shell_init
           LOCAL                   ADDRESS         
           =====                   =======         
           shell_version::?relay   0000085B 
    -------------------------------------------------------------------------
BANK_RELAYS
  Relative segment, address: CODE 00000861 - 00000866 (0x6 bytes), align: 0
  Segment part 132.           Intra module refs:   shell_init
           LOCAL                   ADDRESS         
           =====                   =======         
           shell_debug_stream::?relay
                                   00000861 
    -------------------------------------------------------------------------
BANK_RELAYS
  Relative segment, address: CODE 00000867 - 0000086C (0x6 bytes), align: 0
  Segment part 134.           Intra module refs:   shell_init
           ENTRY                   ADDRESS         REF BY
           =====                   =======         ======
           _shell_register::?relay
                                   00000867 
    -------------------------------------------------------------------------
BANK_RELAYS
  Relative segment, address: CODE 0000086D - 00000872 (0x6 bytes), align: 0
  Segment part 138.           Intra module refs:   shell_debug_stream
           ENTRY                   ADDRESS         REF BY
           =====                   =======         ======
           cmdline_param::?relay   0000086D 
    -------------------------------------------------------------------------
BANK_RELAYS
  Relative segment, address: CODE 00000873 - 00000878 (0x6 bytes), align: 0
  Segment part 140.           Intra module refs:   shell_input_init
           ENTRY                   ADDRESS         REF BY
           =====                   =======         ======
           welcome_gets::?relay    00000873        hardware_init (main)
    -------------------------------------------------------------------------
BANK_RELAYS
  Relative segment, address: CODE 00000879 - 0000087E (0x6 bytes), align: 0
  Segment part 142.           Intra module refs:   confirm_gets
                                                   shell_input_init
                                                   welcome_gets
           ENTRY                   ADDRESS         REF BY
           =====                   =======         ======
           cmdline_gets::?relay    00000879 
    -------------------------------------------------------------------------
BANK_RELAYS
  Relative segment, address: CODE 0000087F - 00000884 (0x6 bytes), align: 0
  Segment part 144.           Intra module refs:   shell_confirm
           LOCAL                   ADDRESS         
           =====                   =======         
           confirm_gets::?relay    0000087F 
    -------------------------------------------------------------------------
BANK_RELAYS
  Relative segment, address: CODE 00000885 - 0000088A (0x6 bytes), align: 0
  Segment part 146.           Intra module refs:   shell_parse
           ENTRY                   ADDRESS         REF BY
           =====                   =======         ======
           shell_confirm::?relay   00000885 
    -------------------------------------------------------------------------
BANK_RELAYS
  Relative segment, address: CODE 0000088B - 00000890 (0x6 bytes), align: 0
  Segment part 148.
           ENTRY                   ADDRESS         REF BY
           =====                   =======         ======
           shell_input_init::?relay
                                   0000088B        hardware_init (main)
    -------------------------------------------------------------------------
BANK_RELAYS
  Relative segment, address: CODE 00000891 - 00000896 (0x6 bytes), align: 0
  Segment part 150.
           ENTRY                   ADDRESS         REF BY
           =====                   =======         ======
           shell_init::?relay      00000891        hardware_init (main)

    *************************************************************************

  FILE NAME : I:\1_git_code\EPnode_OTA\CC2530 IAP\IAP\CC2530_IAP\project\Release\Obj\sys.r51
  PROGRAM MODULE, NAME : sys

  SEGMENTS IN THE MODULE
  ======================
SFR_AN
  Relative segment, address: DATA 0000009E - 0000009E (0x1 bytes), align: 0
  Segment part 1. ROOT        Intra module refs:   xtal_init
           ENTRY                   ADDRESS         REF BY
           =====                   =======         ======
           CLKCONSTA               0000009E 
    -------------------------------------------------------------------------
SFR_AN
  Relative segment, address: DATA 000000BE - 000000BE (0x1 bytes), align: 0
  Segment part 2. ROOT        Intra module refs:   xtal_init
           ENTRY                   ADDRESS         REF BY
           =====                   =======         ======
           SLEEPCMD                000000BE 
    -------------------------------------------------------------------------
SFR_AN
  Relative segment, address: DATA 000000C6 - 000000C6 (0x1 bytes), align: 0
  Segment part 3. ROOT        Intra module refs:   xtal_init
           ENTRY                   ADDRESS         REF BY
           =====                   =======         ======
           CLKCONCMD               000000C6 
    -------------------------------------------------------------------------
<BANKED_CODE> 1 (was BANKED_CODE)
  Relative segment, address: CODE 000059F0 - 00005A01 (0x12 bytes), align: 0
  Segment part 11.            Intra module refs:   xtal_init::?relay
           ENTRY                   ADDRESS         REF BY
           =====                   =======         ======
           xtal_init               000059F0 
    -------------------------------------------------------------------------
BANK_RELAYS
  Relative segment, address: CODE 00000897 - 0000089C (0x6 bytes), align: 0
  Segment part 12.
           ENTRY                   ADDRESS         REF BY
           =====                   =======         ======
           xtal_init::?relay       00000897        hardware_init (main)

    *************************************************************************

  FILE NAME : I:\1_git_code\EPnode_OTA\CC2530 IAP\IAP\CC2530_IAP\project\Release\Obj\uart.r51
  PROGRAM MODULE, NAME : uart

  SEGMENTS IN THE MODULE
  ======================
SFR_AN
  Relative segment, address: DATA 00000086 - 00000086 (0x1 bytes), align: 0
  Segment part 1. ROOT        Intra module refs:   uart0_init
           ENTRY                   ADDRESS         REF BY
           =====                   =======         ======
           U0CSR                   00000086 
    -------------------------------------------------------------------------
SFR_AN
  Relative segment, address: DATA 00000088 - 00000088 (0x1 bytes), align: 0
  Segment part 2. ROOT        Intra module refs:   uart0_RxInt
                                                   uart1_RxInt
           ENTRY                   ADDRESS         REF BY
           =====                   =======         ======
           _A_TCON                 00000088 
           LOCAL                   ADDRESS         
           =====                   =======         
           TCON                    00000088 
    -------------------------------------------------------------------------
SFR_AN
  Relative segment, address: DATA 000000A8 - 000000A8 (0x1 bytes), align: 0
  Segment part 3. ROOT        Intra module refs:   uart0_init
                                                   uart1_RxInt
           ENTRY                   ADDRESS         REF BY
           =====                   =======         ======
           _A_IEN0                 000000A8 
           LOCAL                   ADDRESS         
           =====                   =======         
           IEN0                    000000A8 
    -------------------------------------------------------------------------
SFR_AN
  Relative segment, address: DATA 000000A9 - 000000A9 (0x1 bytes), align: 0
  Segment part 4. ROOT        Intra module refs:   uart0_init
           ENTRY                   ADDRESS         REF BY
           =====                   =======         ======
           IP0                     000000A9 
    -------------------------------------------------------------------------
SFR_AN
  Relative segment, address: DATA 000000B9 - 000000B9 (0x1 bytes), align: 0
  Segment part 5. ROOT        Intra module refs:   uart0_init
           ENTRY                   ADDRESS         REF BY
           =====                   =======         ======
           IP1                     000000B9 
    -------------------------------------------------------------------------
SFR_AN
  Relative segment, address: DATA 000000C1 - 000000C1 (0x1 bytes), align: 0
  Segment part 6. ROOT        Intra module refs:   Uart0_Send_char
                                                   uart0_RxInt
           ENTRY                   ADDRESS         REF BY
           =====                   =======         ======
           U0DBUF                  000000C1 
    -------------------------------------------------------------------------
SFR_AN
  Relative segment, address: DATA 000000C2 - 000000C2 (0x1 bytes), align: 0
  Segment part 7. ROOT        Intra module refs:   uart0_init
           ENTRY                   ADDRESS         REF BY
           =====                   =======         ======
           U0BAUD                  000000C2 
    -------------------------------------------------------------------------
SFR_AN
  Relative segment, address: DATA 000000C5 - 000000C5 (0x1 bytes), align: 0
  Segment part 8. ROOT        Intra module refs:   uart0_init
           ENTRY                   ADDRESS         REF BY
           =====                   =======         ======
           U0GCR                   000000C5 
    -------------------------------------------------------------------------
SFR_AN
  Relative segment, address: DATA 000000E8 - 000000E8 (0x1 bytes), align: 0
  Segment part 9. ROOT        Intra module refs:   Uart0_Send_char
           ENTRY                   ADDRESS         REF BY
           =====                   =======         ======
           _A_IRCON2               000000E8 
           LOCAL                   ADDRESS         
           =====                   =======         
           IRCON2                  000000E8 
    -------------------------------------------------------------------------
SFR_AN
  Relative segment, address: DATA 000000F1 - 000000F1 (0x1 bytes), align: 0
  Segment part 10. ROOT       Intra module refs:   uart0_init
           ENTRY                   ADDRESS         REF BY
           =====                   =======         ======
           PERCFG                  000000F1 
    -------------------------------------------------------------------------
SFR_AN
  Relative segment, address: DATA 000000F3 - 000000F3 (0x1 bytes), align: 0
  Segment part 11. ROOT       Intra module refs:   uart0_init
           ENTRY                   ADDRESS         REF BY
           =====                   =======         ======
           P0SEL                   000000F3 
    -------------------------------------------------------------------------
SFR_AN
  Relative segment, address: DATA 000000F4 - 000000F4 (0x1 bytes), align: 0
  Segment part 12. ROOT 
           ENTRY                   ADDRESS         REF BY
           =====                   =======         ======
           P1SEL                   000000F4 
    -------------------------------------------------------------------------
SFR_AN
  Relative segment, address: DATA 000000F8 - 000000F8 (0x1 bytes), align: 0
  Segment part 13. ROOT 
           ENTRY                   ADDRESS         REF BY
           =====                   =======         ======
           _A_U1CSR                000000F8 
           LOCAL                   ADDRESS         
           =====                   =======         
           U1CSR                   000000F8 
    -------------------------------------------------------------------------
SFR_AN
  Relative segment, address: DATA 000000F9 - 000000F9 (0x1 bytes), align: 0
  Segment part 14. ROOT       Intra module refs:   uart1_RxInt
           ENTRY                   ADDRESS         REF BY
           =====                   =======         ======
           U1DBUF                  000000F9 
    -------------------------------------------------------------------------
SFR_AN
  Relative segment, address: DATA 000000FA - 000000FA (0x1 bytes), align: 0
  Segment part 15. ROOT 
           ENTRY                   ADDRESS         REF BY
           =====                   =======         ======
           U1BAUD                  000000FA 
    -------------------------------------------------------------------------
SFR_AN
  Relative segment, address: DATA 000000FC - 000000FC (0x1 bytes), align: 0
  Segment part 16. ROOT 
           ENTRY                   ADDRESS         REF BY
           =====                   =======         ======
           U1GCR                   000000FC 
    -------------------------------------------------------------------------
SFR_AN
  Relative segment, address: DATA 000000FD - 000000FD (0x1 bytes), align: 0
  Segment part 17. ROOT       Intra module refs:   uart0_init
           ENTRY                   ADDRESS         REF BY
           =====                   =======         ======
           P0DIR                   000000FD 
    -------------------------------------------------------------------------
SFR_AN
  Relative segment, address: DATA 000000FE - 000000FE (0x1 bytes), align: 0
  Segment part 18. ROOT 
           ENTRY                   ADDRESS         REF BY
           =====                   =======         ======
           P1DIR                   000000FE 
    -------------------------------------------------------------------------
SFR_AN
  Relative segment, address: DATA 000000FF - 000000FF (0x1 bytes), align: 0
  Segment part 19. ROOT       Intra module refs:   uart0_init
           ENTRY                   ADDRESS         REF BY
           =====                   =======         ======
           P2DIR                   000000FF 
    -------------------------------------------------------------------------
XDATA_Z
  Relative segment, address: XDATA 0000032B - 00000460 (0x136 bytes), align: 0
  Segment part 31.            Intra module refs:   shell_app_cycle
           ENTRY                   ADDRESS         REF BY
           =====                   =======         ======
           shell_1                 0000032B        hardware_init (main)
    -------------------------------------------------------------------------
XDATA_Z
  Relative segment, address: XDATA 00000461 - 00000560 (0x100 bytes), align: 0
  Segment part 32.            Intra module refs:   shell_app_cycle
                                                   uart0_RxInt
           LOCAL                   ADDRESS         
           =====                   =======         
           shell_ringbuf           00000461 
    -------------------------------------------------------------------------
XDATA_Z
  Relative segment, address: XDATA 00000561 - 00000562 (0x2 bytes), align: 0
  Segment part 33.            Intra module refs:   UART_GetRemain
                                                   shell_app_cycle
[...]
                                                   shell_debug_stream (shell)
                                                   shell_init (shell)
                                                   shell_list_cmd (shell)
                                                   shell_parse (shell)
                                                   shell_record (shell)
                                                   shell_show_history (shell)
                                                   shell_tab (shell)
                                                   shell_version (shell)
                                                   uart0_init (uart)
    -------------------------------------------------------------------------
RCODE
  Relative segment, address: CODE 000015DA - 000015E6 (0xd bytes), align: 0
  Segment part 4.             Intra module refs:   ?PUSH_XSTACK_I_FOUR
                                                   ?PUSH_XSTACK_I_TWO
           ENTRY                   ADDRESS         REF BY
           =====                   =======         ======
           ?PUSH_XSTACK_I          000015DA 

    -------------------------------------------------------------------------
  LIBRARY MODULE, NAME : ?PUSH_XSTACK8_X

  SEGMENTS IN THE MODULE
  ======================
RCODE
  Relative segment, address: CODE 000015E7 - 000015EA (0x4 bytes), align: 0
  Segment part 1.
           ENTRY                   ADDRESS         REF BY
           =====                   =======         ======
           ?PUSH_XSTACK8_X_FOUR    000015E7        UART_BuadCount (uart)
                                                   cmdline_gets (shell)
                                                   printk (ustdio)
                                                   shell_parse (shell)
                                                   shell_tab (shell)
    -------------------------------------------------------------------------
RCODE
  Relative segment, address: CODE 000015EB - 000015EE (0x4 bytes), align: 0
  Segment part 3.
           ENTRY                   ADDRESS         REF BY
           =====                   =======         ======
           ?PUSH_XSTACK8_X_TWO     000015EB        shell_list_cmd (shell)
                                                   shell_parse (shell)
                                                   shell_tab (shell)
                                                   welcome_gets (shell)
    -------------------------------------------------------------------------
RCODE
  Relative segment, address: CODE 000015EF - 00001617 (0x29 bytes), align: 0
  Segment part 5.             Intra module refs:   ?PUSH_XSTACK8_X_FOUR
                                                   ?PUSH_XSTACK8_X_TWO
           ENTRY                   ADDRESS         REF BY
           =====                   =======         ======
           ?PUSH_XSTACK8_X         000015EF 

    -------------------------------------------------------------------------
  LIBRARY MODULE, NAME : ?log

  SEGMENTS IN THE MODULE
  ======================
<BANKED_CODE> 1 (was BANKED_CODE)
  Relative segment, address: CODE 0000546C - 0000566F (0x204 bytes), align: 0
  Segment part 24.            Intra module refs:   log::?relay
           ENTRY                   ADDRESS         REF BY
           =====                   =======         ======
           log                     0000546C 
               calls direct
               XSTACK = 00000000 ( 0000001C )
               ISTACK = 00000000 ( 00000004 )
    -------------------------------------------------------------------------
<BANKED_CODE> 1 (was BANKED_CODE)
  Relative segment, address: CODE 00005670 - 0000567A (0xb bytes), align: 0
  Segment part 26.            Intra module refs:   log
    -------------------------------------------------------------------------
XDATA_I
  Relative segment, address: XDATA 00000D01 - 00000D04 (0x4 bytes), align: 0
  Segment part 12.            Intra module refs:   log
           ENTRY                   ADDRESS         REF BY
           =====                   =======         ======
           __Constant_bf800000     00000D01 
    -------------------------------------------------------------------------
XDATA_ID
  Relative segment, address: CODE 000007F3 - 000007F6 (0x4 bytes), align: 0
  Segment part 13.            Intra module refs:   __Constant_bf800000
    -------------------------------------------------------------------------
XDATA_I
  Relative segment, address: XDATA 00000D05 - 00000D08 (0x4 bytes), align: 0
  Segment part 18.            Intra module refs:   log
           ENTRY                   ADDRESS         REF BY
           =====                   =======         ======
           __Constant_3ed49222     00000D05 
    -------------------------------------------------------------------------
XDATA_ID
  Relative segment, address: CODE 000007F7 - 000007FA (0x4 bytes), align: 0
  Segment part 19.            Intra module refs:   __Constant_3ed49222
    -------------------------------------------------------------------------
XDATA_I
  Relative segment, address: XDATA 00000D09 - 00000D0C (0x4 bytes), align: 0
  Segment part 20.            Intra module refs:   log
           ENTRY                   ADDRESS         REF BY
           =====                   =======         ======
           __Constant_3f2a9bdd     00000D09 
    -------------------------------------------------------------------------
XDATA_ID
  Relative segment, address: CODE 000007FB - 000007FE (0x4 bytes), align: 0
  Segment part 21.            Intra module refs:   __Constant_3f2a9bdd
    -------------------------------------------------------------------------
XDATA_I
  Relative segment, address: XDATA 00000D0D - 00000D10 (0x4 bytes), align: 0
  Segment part 22.            Intra module refs:   log
           ENTRY                   ADDRESS         REF BY
           =====                   =======         ======
           __Constant_40000004     00000D0D 
    -------------------------------------------------------------------------
XDATA_ID
  Relative segment, address: CODE 000007FF - 00000802 (0x4 bytes), align: 0
  Segment part 23.            Intra module refs:   __Constant_40000004
    -------------------------------------------------------------------------
BANK_RELAYS
  Relative segment, address: CODE 000008F1 - 000008F6 (0x6 bytes), align: 0
  Segment part 25.
           ENTRY                   ADDRESS         REF BY
           =====                   =======         ======
           log::?relay             000008F1        pow (?pow)

    -------------------------------------------------------------------------
  LIBRARY MODULE, NAME : ?memcmp

  SEGMENTS IN THE MODULE
  ======================
<BANKED_CODE> 1 (was BANKED_CODE)
  Relative segment, address: CODE 000058F9 - 00005944 (0x4c bytes), align: 0
  Segment part 6.             Intra module refs:   memcmp::?relay
           ENTRY                   ADDRESS         REF BY
           =====                   =======         ======
           memcmp                  000058F9 
               XSTACK = 00000002 ( 00000009 )
    -------------------------------------------------------------------------
BANK_RELAYS
  Relative segment, address: CODE 000008F7 - 000008FC (0x6 bytes), align: 0
  Segment part 7.
           ENTRY                   ADDRESS         REF BY
           =====                   =======         ======
           memcmp::?relay          000008F7        checkout (shell)

    -------------------------------------------------------------------------
  LIBRARY MODULE, NAME : ?memcpy

  SEGMENTS IN THE MODULE
  ======================
<BANKED_CODE> 1 (was BANKED_CODE)
  Relative segment, address: CODE 00005945 - 0000598A (0x46 bytes), align: 0
  Segment part 6.             Intra module refs:   memcpy::?relay
           ENTRY                   ADDRESS         REF BY
           =====                   =======         ======
           memcpy                  00005945 
               XSTACK = 00000002 ( 0000000A )
               ISTACK = 00000000 ( 00000001 )
    -------------------------------------------------------------------------
BANK_RELAYS
  Relative segment, address: CODE 000008FD - 00000902 (0x6 bytes), align: 0
  Segment part 7.
           ENTRY                   ADDRESS         REF BY
           =====                   =======         ======
           memcpy::?relay          000008FD        confirm_gets (shell)
                                                   shell_app_cycle (uart)
                                                   shell_confirm (shell)
                                                   shell_record (shell)

    -------------------------------------------------------------------------
  LIBRARY MODULE, NAME : ?pow

  SEGMENTS IN THE MODULE
  ======================
<BANKED_CODE> 1 (was BANKED_CODE)
  Relative segment, address: CODE 00004DA1 - 0000517F (0x3df bytes), align: 0
  Segment part 16.            Intra module refs:   pow::?relay
           ENTRY                   ADDRESS         REF BY
           =====                   =======         ======
           pow                     00004DA1 
               calls direct
               XSTACK = 00000004 ( 00000028 )
               ISTACK = 00000000 ( 00000004 )
    -------------------------------------------------------------------------
<BANKED_CODE> 1 (was BANKED_CODE)
  Relative segment, address: CODE 00005180 - 0000518A (0xb bytes), align: 0
  Segment part 18.            Intra module refs:   pow
    -------------------------------------------------------------------------
XDATA_I
  Relative segment, address: XDATA 00000D11 - 00000D14 (0x4 bytes), align: 0
  Segment part 8.             Intra module refs:   pow
           ENTRY                   ADDRESS         REF BY
           =====                   =======         ======
           __Constant_7f7fffff     00000D11 
    -------------------------------------------------------------------------
XDATA_ID
  Relative segment, address: CODE 00000803 - 00000806 (0x4 bytes), align: 0
  Segment part 9.             Intra module refs:   __Constant_7f7fffff
    -------------------------------------------------------------------------
XDATA_I
  Relative segment, address: XDATA 00000D15 - 00000D18 (0x4 bytes), align: 0
  Segment part 10.            Intra module refs:   pow
           ENTRY                   ADDRESS         REF BY
           =====                   =======         ======
           __Constant_ff7fffff     00000D15 
    -------------------------------------------------------------------------
XDATA_ID
  Relative segment, address: CODE 00000807 - 0000080A (0x4 bytes), align: 0
  Segment part 11.            Intra module refs:   __Constant_ff7fffff
    -------------------------------------------------------------------------
XDATA_I
  Relative segment, address: XDATA 00000D19 - 00000D1C (0x4 bytes), align: 0
  Segment part 12.            Intra module refs:   pow
           ENTRY                   ADDRESS         REF BY
           =====                   =======         ======
           __Constant_34800001     00000D19 
    -------------------------------------------------------------------------
XDATA_ID
  Relative segment, address: CODE 0000080B - 0000080E (0x4 bytes), align: 0
  Segment part 13.            Intra module refs:   __Constant_34800001
    -------------------------------------------------------------------------
XDATA_I
  Relative segment, address: XDATA 00000D1D - 00000D20 (0x4 bytes), align: 0
  Segment part 14.            Intra module refs:   log (?log)
                                                   pow
           ENTRY                   ADDRESS         REF BY
           =====                   =======         ======
           __Constant_3f317218     00000D1D 
    -------------------------------------------------------------------------
XDATA_ID
  Relative segment, address: CODE 0000080F - 00000812 (0x4 bytes), align: 0
  Segment part 15.            Intra module refs:   __Constant_3f317218
    -------------------------------------------------------------------------
BANK_RELAYS
  Relative segment, address: CODE 00000903 - 00000908 (0x6 bytes), align: 0
  Segment part 17.
           ENTRY                   ADDRESS         REF BY
           =====                   =======         ======
           pow::?relay             00000903        UART_BuadCount (uart)

    -------------------------------------------------------------------------
  LIBRARY MODULE, NAME : ?strcpy

  SEGMENTS IN THE MODULE
  ======================
<BANKED_CODE> 1 (was BANKED_CODE)
  Relative segment, address: CODE 0000598B - 000059B3 (0x29 bytes), align: 0
  Segment part 6.             Intra module refs:   strcpy::?relay
           ENTRY                   ADDRESS         REF BY
           =====                   =======         ======
           strcpy                  0000598B 
               XSTACK = 00000000 ( 00000009 )
               ISTACK = 00000000 ( 00000001 )
    -------------------------------------------------------------------------
BANK_RELAYS
  Relative segment, address: CODE 00000909 - 0000090E (0x6 bytes), align: 0
  Segment part 7.
           ENTRY                   ADDRESS         REF BY
           =====                   =======         ======
           strcpy::?relay          00000909        shell_input_init (shell)

    -------------------------------------------------------------------------
  LIBRARY MODULE, NAME : ?strlen

  SEGMENTS IN THE MODULE
  ======================
<BANKED_CODE> 1 (was BANKED_CODE)
  Relative segment, address: CODE 000059B4 - 000059D1 (0x1e bytes), align: 0
  Segment part 6.             Intra module refs:   strlen::?relay
           ENTRY                   ADDRESS         REF BY
           =====                   =======         ======
           strlen                  000059B4 
               ISTACK = 00000000 ( 00000002 )
    -------------------------------------------------------------------------
BANK_RELAYS
  Relative segment, address: CODE 0000090F - 00000914 (0x6 bytes), align: 0
  Segment part 7.
           ENTRY                   ADDRESS         REF BY
           =====                   =======         ======
           strlen::?relay          0000090F        shell_app_cycle (uart)

    -------------------------------------------------------------------------
  LIBRARY MODULE, NAME : ?strncpy

  SEGMENTS IN THE MODULE
  ======================
<BANKED_CODE> 1 (was BANKED_CODE)
  Relative segment, address: CODE 000057FA - 00005853 (0x5a bytes), align: 0
  Segment part 6.             Intra module refs:   strncpy::?relay
           ENTRY                   ADDRESS         REF BY
           =====                   =======         ======
           strncpy                 000057FA 
               XSTACK = 00000002 ( 0000000A )
               ISTACK = 00000000 ( 00000001 )
    -------------------------------------------------------------------------
BANK_RELAYS
  Relative segment, address: CODE 00000915 - 0000091A (0x6 bytes), align: 0
  Segment part 7.
           ENTRY                   ADDRESS         REF BY
           =====                   =======         ======
           strncpy::?relay         00000915        shell_init (shell)

    -------------------------------------------------------------------------
  LIBRARY MODULE, NAME : ?strstr

  SEGMENTS IN THE MODULE
  ======================
<BANKED_CODE> 1 (was BANKED_CODE)
  Relative segment, address: CODE 000058A9 - 000058F8 (0x50 bytes), align: 0
  Segment part 6.             Intra module refs:   strstr::?relay
           ENTRY                   ADDRESS         REF BY
           =====                   =======         ======
           strstr                  000058A9 
               XSTACK = 00000000 ( 0000000A )
    -------------------------------------------------------------------------
BANK_RELAYS
  Relative segment, address: CODE 0000091B - 00000920 (0x6 bytes), align: 0
  Segment part 7.
           ENTRY                   ADDRESS         REF BY
           =====                   =======         ======
           strstr::?relay          0000091B        shell_app_cycle (uart)




                ****************************************
                *                                      *
                *      SEGMENTS IN ADDRESS ORDER       *
                *                                      *
                ****************************************


SEGMENT              SPACE    START ADDRESS   END ADDRESS     SIZE  TYPE  ALIGN
=======              =====    =============   ===========     ====  ====  =====
INTVEC               CODE          00000000 - 0000001D          1E   com    0
CSTART               CODE          0000001E - 0000009E          81   rel    0
BDATA_ID             CODE               0000009F                     dse    0
BIT_ID               CODE               0000009F                     dse    0
DATA_ID              CODE               0000009F                     dse    0
IDATA_ID             CODE               0000009F                     dse    0
IXDATA_ID            CODE               0000009F                     dse    0
PDATA_ID             CODE               0000009F                     dse    0
XDATA_ID             CODE          0000009F - 00000812         774   rel    0
BANK_RELAYS          CODE          00000813 - 00000920         10E   rel    0
RCODE                CODE          00000921 - 00001617         CF7   rel    0
DIFUNCT              CODE               00001618                     dse    0
CODE_C               CODE          00001618 - 00001698          81   rel    0
CODE_N               CODE               00001699                     dse    0
NEAR_CODE            CODE          00001699 - 000016FB          63   rel    0
<BANKED_CODE> 1      CODE          000016FC - 00005A01        4306   rel    0
REGISTERS            DATA          00000000 - 00000007           8   rel    0
VREG                 DATA          00000008 - 0000000F           8   rel    0
PSP                  DATA               00000010                     dse    0
XSP                  DATA          00000010 - 00000011           2   rel    0
BREG                 BIT        00000020.0  -  00000020.7        8   rel    0
SFR_AN               DATA          00000086 - 00000086           1   rel    0
                     DATA          00000088 - 00000088           1 
                     DATA          0000009E - 0000009E           1 
                     DATA          000000A8 - 000000A9           2 
                     DATA          000000B9 - 000000B9           1 
                     DATA          000000BE - 000000BE           1 
                     DATA          000000C1 - 000000C2           2 
                     DATA          000000C5 - 000000C6           2 
                     DATA          000000E8 - 000000E8           1 
                     DATA          000000F1 - 000000F1           1 
                     DATA          000000F3 - 000000F4           2 
                     DATA          000000F8 - 000000FA           3 
                     DATA          000000FC - 000000FF           4 
XSTACK               XDATA         00000001 - 00000300         300   rel    0
XDATA_Z              XDATA         00000301 - 000005AC         2AC   rel    0
XDATA_I              XDATA         000005AD - 00000D20         774   rel    0
ISTACK               IDATA         000000C0 - 000000FF          40   rel    0

                ****************************************
                *                                      *
                *        END OF CROSS REFERENCE        *
                *                                      *
                ****************************************

 23 042 bytes of CODE  memory
     18 bytes of DATA  memory (+ 22 absolute )
  3 360 bytes of XDATA memory
     64 bytes of IDATA memory
      8 bits  of BIT   memory

Errors: none
Warnings: none

